 mpcSetpointIntptCoupled_sfun

 Timestamp is 528e2a68 (Thu Nov 21 15:44:40 2013)

 Preferred load address is 0000000180000000

 Start         Length     Name                   Class
 0001:00000000 0008ef84H .text                   CODE
 0001:0008ef90 00000092H .text$x                 CODE
 0002:00000000 000004c0H .idata$5                DATA
 0002:000004c0 00000008H .CRT$XCA                DATA
 0002:000004c8 00000008H .CRT$XCZ                DATA
 0002:000004d0 00000008H .CRT$XIA                DATA
 0002:000004d8 00000008H .CRT$XIAA               DATA
 0002:000004e0 00000008H .CRT$XIZ                DATA
 0002:000004f0 00004bccH .rdata                  DATA
 0002:000050c0 00000008H .rtc$IAA                DATA
 0002:000050c8 00000008H .rtc$IZZ                DATA
 0002:000050d0 00000008H .rtc$TAA                DATA
 0002:000050d8 00000008H .rtc$TZZ                DATA
 0002:000050e0 000046e4H .xdata                  DATA
 0002:000097c4 000000b4H .idata$2                DATA
 0002:00009878 00000014H .idata$3                DATA
 0002:00009890 000004c0H .idata$4                DATA
 0002:00009d50 00000afcH .idata$6                DATA
 0002:0000a850 00000062H .edata                  DATA
 0003:00000000 000111acH .data                   DATA
 0003:000111c0 0015f518H .bss                    DATA
 0004:00000000 0000378cH .pdata                  DATA

  Address         Publics by Value              Rva+Base               Lib:Object

 0000:00000000       ___safe_se_handler_count   0000000000000000     <absolute>
 0000:00000000       ___safe_se_handler_table   0000000000000000     <absolute>
 0000:00000000       __ImageBase                0000000180000000     <linker-defined>
 0001:00000000       sf_c2_mpcSetpointIntptCoupled_get_eml_resolved_functions_info 0000000180001000 f   c2_mpcSetpointIntptCoupled.obj
 0001:00009790       sf_c2_mpcSetpointIntptCoupled_get_check_sum 000000018000a790 f   c2_mpcSetpointIntptCoupled.obj
 0001:00009810       sf_c2_mpcSetpointIntptCoupled_get_autoinheritance_info 000000018000a810 f   c2_mpcSetpointIntptCoupled.obj
 0001:0000b6d0       sf_internal_get_sim_state_c2_mpcSetpointIntptCoupled 000000018000c6d0 f   c2_mpcSetpointIntptCoupled.obj
 0001:0000bb50       sf_internal_set_sim_state_c2_mpcSetpointIntptCoupled 000000018000cb50 f   c2_mpcSetpointIntptCoupled.obj
 0001:0000c210       c2_mpcSetpointIntptCoupled_method_dispatcher 000000018000d210 f   c2_mpcSetpointIntptCoupled.obj
 0001:0005ce40       sf_process_check_sum_call  000000018005de40 f   mpcSetpointIntptCoupled_sfun_registry.obj
 0001:0005ce90       sf_process_autoinheritance_call 000000018005de90 f   mpcSetpointIntptCoupled_sfun_registry.obj
 0001:0005d030       sf_process_get_eml_resolved_functions_info_call 000000018005e030 f   mpcSetpointIntptCoupled_sfun_registry.obj
 0001:0005d1b0       sf_mex_unlock_call         000000018005e1b0 f   mpcSetpointIntptCoupled_sfun_registry.obj
 0001:0005d260       sf_machine_global_initializer_called 000000018005e260 f   mpcSetpointIntptCoupled_sfun_registry.obj
 0001:0005d290       sf_machine_global_method_dispatcher 000000018005e290 f   mpcSetpointIntptCoupled_sfun_registry.obj
 0001:0005d2f0       sf_machine_global_terminator 000000018005e2f0 f   mpcSetpointIntptCoupled_sfun_registry.obj
 0001:0005d330       sf_register_machine_exported_symbols 000000018005e330 f   mpcSetpointIntptCoupled_sfun_registry.obj
 0001:0005d350       callCustomFcn              000000018005e350 f   mpcSetpointIntptCoupled_sfun_registry.obj
 0001:0005d360       sf_machine_global_initializer 000000018005e360 f   mpcSetpointIntptCoupled_sfun_registry.obj
 0001:0005d3d0       _ssSetStateAbsTol          000000018005e3d0 f   mpcSetpointIntptCoupled_sfun_registry.obj
 0001:0005d4b0       _ssGetAbsTol               000000018005e4b0 f   mpcSetpointIntptCoupled_sfun_registry.obj
 0001:0005d520       _ssSetInputPortMatrixDimensions 000000018005e520 f   mpcSetpointIntptCoupled_sfun_registry.obj
 0001:0005d630       _ssSetOutputPortMatrixDimensions 000000018005e630 f   mpcSetpointIntptCoupled_sfun_registry.obj
 0001:0005d740       _ssSetInputPortVectorDimension 000000018005e740 f   mpcSetpointIntptCoupled_sfun_registry.obj
 0001:0005d810       _ssSetOutputPortVectorDimension 000000018005e810 f   mpcSetpointIntptCoupled_sfun_registry.obj
 0001:0005d8e0       ssIsRunTimeParamTunable    000000018005e8e0 f   mpcSetpointIntptCoupled_sfun_registry.obj
 0001:0005d950       ssGetSFuncBlockHandle      000000018005e950 f   mpcSetpointIntptCoupled_sfun_registry.obj
 0001:0005d9c0       _ssGetCurrentInputPortWidth 000000018005e9c0 f   mpcSetpointIntptCoupled_sfun_registry.obj
 0001:0005dae0       _ssGetCurrentOutputPortWidth 000000018005eae0 f   mpcSetpointIntptCoupled_sfun_registry.obj
 0001:0005dc00       _ssGetCallSystemNumFcnCallDestinations 000000018005ec00 f   mpcSetpointIntptCoupled_sfun_registry.obj
 0001:0005dc70       ssWarning                  000000018005ec70 f   mpcSetpointIntptCoupled_sfun_registry.obj
 0001:0005dd80       ssGetIsZeroCrossControlDisabled 000000018005ed80 f   mpcSetpointIntptCoupled_sfun_registry.obj
 0001:0005ddf0       ssSetIsInputPortUsedForContZcSignal 000000018005edf0 f   mpcSetpointIntptCoupled_sfun_registry.obj
 0001:0005de60       ssSetZcSignalIsZcElementDisc 000000018005ee60 f   mpcSetpointIntptCoupled_sfun_registry.obj
 0001:0005df10       ssSetZcSignalName          000000018005ef10 f   mpcSetpointIntptCoupled_sfun_registry.obj
 0001:0005df80       ssSetZcSignalWidth         000000018005ef80 f   mpcSetpointIntptCoupled_sfun_registry.obj
 0001:0005dff0       ssSetZcSignalZcEventType   000000018005eff0 f   mpcSetpointIntptCoupled_sfun_registry.obj
 0001:0005e060       ssSetZcSignalType          000000018005f060 f   mpcSetpointIntptCoupled_sfun_registry.obj
 0001:0005e0d0       ssSetZcSignalZcTol         000000018005f0d0 f   mpcSetpointIntptCoupled_sfun_registry.obj
 0001:0005e140       ssSetZcSignalNeedsEventNotification 000000018005f140 f   mpcSetpointIntptCoupled_sfun_registry.obj
 0001:0005e1b0       ssCreateAndAddZcSignalInfo 000000018005f1b0 f   mpcSetpointIntptCoupled_sfun_registry.obj
 0001:0005e220       ssCloneAndAddZcSignalInfo  000000018005f220 f   mpcSetpointIntptCoupled_sfun_registry.obj
 0001:0005e290       ssGetNumZcSignals          000000018005f290 f   mpcSetpointIntptCoupled_sfun_registry.obj
 0001:0005e300       ssGetZcSignalVector        000000018005f300 f   mpcSetpointIntptCoupled_sfun_registry.obj
 0001:0005e370       ssGetZcSignalZcEvents      000000018005f370 f   mpcSetpointIntptCoupled_sfun_registry.obj
 0001:0005e3e0       ssGetZcSignalName          000000018005f3e0 f   mpcSetpointIntptCoupled_sfun_registry.obj
 0001:0005e450       ssGetZcSignalWidth         000000018005f450 f   mpcSetpointIntptCoupled_sfun_registry.obj
 0001:0005e4c0       ssGetZcSignalZcEventType   000000018005f4c0 f   mpcSetpointIntptCoupled_sfun_registry.obj
 0001:0005e530       ssGetZcSignalType          000000018005f530 f   mpcSetpointIntptCoupled_sfun_registry.obj
 0001:0005e5a0       ssGetZcSignalZcTol         000000018005f5a0 f   mpcSetpointIntptCoupled_sfun_registry.obj
 0001:0005e620       ssGetZcSignalNeedsEventNotification 000000018005f620 f   mpcSetpointIntptCoupled_sfun_registry.obj
 0001:0005e690       ssGetZcSignalIsZcElementDisc 000000018005f690 f   mpcSetpointIntptCoupled_sfun_registry.obj
 0001:0005e730       ssGetIsInputPortElementContinuous 000000018005f730 f   mpcSetpointIntptCoupled_sfun_registry.obj
 0001:0005e7d0       _ssGetInputPortSignalPtrsFcn 000000018005f7d0 f   mpcSetpointIntptCoupled_sfun_registry.obj
 0001:0005ea90       _ssGetInputPortSignalFcn   000000018005fa90 f   mpcSetpointIntptCoupled_sfun_registry.obj
 0001:0005ecb0       _ssSetInputPortDirectFeedThroughFcn 000000018005fcb0 f   mpcSetpointIntptCoupled_sfun_registry.obj
 0001:0005ee10       _ssSetInputPortReusableFcn 000000018005fe10 f   mpcSetpointIntptCoupled_sfun_registry.obj
 0001:0005ef00       _ssSetOutputPortReusableFcn 000000018005ff00 f   mpcSetpointIntptCoupled_sfun_registry.obj
 0001:0005efe0       ssGetDTypeIdFromMxArray    000000018005ffe0 f   mpcSetpointIntptCoupled_sfun_registry.obj
 0001:0005f100       ssWriteRTWStr              0000000180060100 f   mpcSetpointIntptCoupled_sfun_registry.obj
 0001:0005f160       ssWriteRTWMxVectParam      0000000180060160 f   mpcSetpointIntptCoupled_sfun_registry.obj
 0001:0005f1c0       ssWriteRTWMx2dMatParam     00000001800601c0 f   mpcSetpointIntptCoupled_sfun_registry.obj
 0001:0005f240       ssWriteRTWNameValuePair    0000000180060240 f   mpcSetpointIntptCoupled_sfun_registry.obj
 0001:0005f730       ssWriteRTWParameters       0000000180060730 f   mpcSetpointIntptCoupled_sfun_registry.obj
 0001:0005fd30       ssWriteRTWParamSettings    0000000180060d30 f   mpcSetpointIntptCoupled_sfun_registry.obj
 0001:00060400       ssWriteRTWWorkVect         0000000180061400 f   mpcSetpointIntptCoupled_sfun_registry.obj
 0001:00060900       mexFunction                0000000180061900 f   mpcSetpointIntptCoupled_sfun_registry.obj
 0001:00062540       ProcessMexSfunctionEveryCall 0000000180063540 f   mpcSetpointIntptCoupled_sfun_registry.obj
 0001:000626b0       mpcSetpointIntptCoupled_initializer 00000001800636b0 f   mpcSetpointIntptCoupled_sfun.obj
 0001:000626c0       mpcSetpointIntptCoupled_terminator 00000001800636c0 f   mpcSetpointIntptCoupled_sfun.obj
 0001:000626d0       sf_mpcSetpointIntptCoupled_method_dispatcher 00000001800636d0 f   mpcSetpointIntptCoupled_sfun.obj
 0001:00062720       sf_mpcSetpointIntptCoupled_process_check_sum_call 0000000180063720 f   mpcSetpointIntptCoupled_sfun.obj
 0001:00062b30       sf_mpcSetpointIntptCoupled_autoinheritance_info 0000000180063b30 f   mpcSetpointIntptCoupled_sfun.obj
 0001:00062ca0       sf_mpcSetpointIntptCoupled_get_eml_resolved_functions_info 0000000180063ca0 f   mpcSetpointIntptCoupled_sfun.obj
 0001:00062dd0       mpcSetpointIntptCoupled_debug_initialize 0000000180063dd0 f   mpcSetpointIntptCoupled_sfun.obj
 0001:00062e40       mpcSetpointIntptCoupled_register_exported_symbols 0000000180063e40 f   mpcSetpointIntptCoupled_sfun.obj
 0001:00062e50       load_mpcSetpointIntptCoupled_optimization_info 0000000180063e50 f   mpcSetpointIntptCoupled_sfun.obj
 0001:00062ea0       unload_mpcSetpointIntptCoupled_optimization_info 0000000180063ea0 f   mpcSetpointIntptCoupled_sfun.obj
 0001:00062f70       sf_mex_mx_is_numeric       0000000180063f70 f   sfc_mex:sfc_mex.obj
 0001:00062fb0       strcmp_ignore_ws           0000000180063fb0 f   sfc_mex:sfc_mex.obj
 0001:000630f0       sf_mex_duplicatearraysafe  00000001800640f0 f   sfc_mex:sfc_mex.obj
 0001:00063250       sf_set_error_debugger_context_message_fcn 0000000180064250 f   sfc_mex:sfc_mex.obj
 0001:00063260       sf_set_debugger_matlab_error_fcn 0000000180064260 f   sfc_mex:sfc_mex.obj
 0001:00063290       sf_set_error_prefix_string 0000000180064290 f   sfc_mex:sfc_mex.obj
 0001:000632c0       sf_get_error_prefix_string 00000001800642c0 f   sfc_mex:sfc_mex.obj
 0001:000632d0       sf_mex_enter_parallel_region 00000001800642d0 f   sfc_mex:sfc_mex.obj
 0001:000632e0       sf_mex_exit_parallel_region 00000001800642e0 f   sfc_mex:sfc_mex.obj
 0001:000632f0       sf_get_current_jmp_buf_ptr 00000001800642f0 f   sfc_mex:sfc_mex.obj
 0001:00063300       sf_set_current_jmp_buf_ptr 0000000180064300 f   sfc_mex:sfc_mex.obj
 0001:00063310       sf_mex_set_halt_simulation 0000000180064310 f   sfc_mex:sfc_mex.obj
 0001:00063320       sf_mex_get_halt_simulation 0000000180064320 f   sfc_mex:sfc_mex.obj
 0001:00063330       sf_mex_clear_error_message 0000000180064330 f   sfc_mex:sfc_mex.obj
 0001:00063350       sf_mex_get_error_message_for_read 0000000180064350 f   sfc_mex:sfc_mex.obj
 0001:00063360       sf_mex_get_error_message_buffer_length 0000000180064360 f   sfc_mex:sfc_mex.obj
 0001:00063440       sf_mex_warning_message     0000000180064440 f   sfc_mex:sfc_mex.obj
 0001:000634b0       sf_mex_v_errbuf_createf    00000001800644b0 f   sfc_mex:sfc_mex.obj
 0001:000634c0       sf_mex_errbuf_createf      00000001800644c0 f   sfc_mex:sfc_mex.obj
 0001:000634f0       sf_mex_v_errbuf_catf       00000001800644f0 f   sfc_mex:sfc_mex.obj
 0001:00063530       sf_mex_errbuf_catf         0000000180064530 f   sfc_mex:sfc_mex.obj
 0001:00063580       sf_mex_errbuf_copy         0000000180064580 f   sfc_mex:sfc_mex.obj
 0001:00063590       sf_mex_errbuf_clear        0000000180064590 f   sfc_mex:sfc_mex.obj
 0001:000635a0       sf_mex_errbuf_isempty      00000001800645a0 f   sfc_mex:sfc_mex.obj
 0001:000636b0       sf_mex_set_error_status    00000001800646b0 f   sfc_mex:sfc_mex.obj
 0001:00063700       sf_mex_error_direct_call   0000000180064700 f   sfc_mex:sfc_mex.obj
 0001:00063720       sf_mex_error_message_no_long_jump 0000000180064720 f   sfc_mex:sfc_mex.obj
 0001:00063740       sf_mex_long_jump_on_error  0000000180064740 f   sfc_mex:sfc_mex.obj
 0001:00063770       sf_mex_call_matlab         0000000180064770 f   sfc_mex:sfc_mex.obj
 0001:00063890       sf_mex_check_builtin       0000000180064890 f   sfc_mex:sfc_mex.obj
 0001:000638d0       sf_mex_check_builtin_vs    00000001800648d0 f   sfc_mex:sfc_mex.obj
 0001:00063930       sf_mex_check_enum          0000000180064930 f   sfc_mex:sfc_mex.obj
 0001:00063960       sf_mex_create_enum         0000000180064960 f   sfc_mex:sfc_mex.obj
 0001:00063980       sf_mex_get_enum_element    0000000180064980 f   sfc_mex:sfc_mex.obj
 0001:00063990       sf_mex_createcellarray     0000000180064990 f   sfc_mex:sfc_mex.obj
 0001:000639a0       sf_mex_setcell             00000001800649a0 f   sfc_mex:sfc_mex.obj
 0001:000639b0       sf_mex_getcell             00000001800649b0 f   sfc_mex:sfc_mex.obj
 0001:000639c0       sf_mex_dup                 00000001800649c0 f   sfc_mex:sfc_mex.obj
 0001:000639e0       sf_mex_assign              00000001800649e0 f   sfc_mex:sfc_mex.obj
 0001:00063a60       sf_mex_destroy             0000000180064a60 f   sfc_mex:sfc_mex.obj
 0001:00063a90       mx_array_has_fi_type       0000000180064a90 f   sfc_mex:sfc_mex.obj
 0001:00063ac0       sf_mex_convert_from_fi     0000000180064ac0 f   sfc_mex:sfc_mex.obj
 0001:00063b70       sf_mex_convert_to_double   0000000180064b70 f   sfc_mex:sfc_mex.obj
 0001:00063c90       sf_mex_import_fi_vs        0000000180064c90 f   sfc_mex:sfc_mex.obj
 0001:00063e50       sf_matrix_matrix_index_ok  0000000180064e50 f   sfc_mex:sfc_mex.obj
 0001:00063ee0       sf_vector_vector_index_ok  0000000180064ee0 f   sfc_mex:sfc_mex.obj
 0001:00063f10       ssGetCurrentInputPortDimensions_wrapper 0000000180064f10 f   sfc_mex:sfc_mex.obj
 0001:00063f30       ssGetCurrentOutputPortDimensions_wrapper 0000000180064f30 f   sfc_mex:sfc_mex.obj
 0001:00063f50       sf_mex_emlrt_context_is_debug_mode 0000000180064f50 f   sfc_mex:sfc_mex.obj
 0001:00063f60       sf_mex_emlrt_context_set_debug_mode 0000000180064f60 f   sfc_mex:sfc_mex.obj
 0001:00063f70       sf_mex_emlrtNameCapturePostProcessR2012a 0000000180064f70 f   sfc_mex:sfc_mex.obj
 0001:00063fe0       sf_clear_error_manager_info 0000000180064fe0 f   sfc_mex:sfc_mex.obj
 0001:00064040       sf_mex_stop_simulation_abruptly_wo_error 0000000180065040 f   sfc_mex:sfc_mex.obj
 0001:00064080       sf_mex_error_message       0000000180065080 f   sfc_mex:sfc_mex.obj
 0001:000640e0       sf_react_to_error_in_matlab_call 00000001800650e0 f   sfc_mex:sfc_mex.obj
 0001:00064110       sf_mex_addfield            0000000180065110 f   sfc_mex:sfc_mex.obj
 0001:000641b0       sf_mex_getfield            00000001800651b0 f   sfc_mex:sfc_mex.obj
 0001:000644b0       sf_mex_check_class         00000001800654b0 f   sfc_mex:sfc_mex.obj
 0001:00064550       sf_mex_is_real             0000000180065550 f   sfc_mex:sfc_mex.obj
 0001:000649c0       sf_mex_decode_encoded_mx_struct_array 00000001800659c0 f   sfc_mex:sfc_mex.obj
 0001:00064ca0       sf_mex_lw_bounds_check     0000000180065ca0 f   sfc_mex:sfc_mex.obj
 0001:00064cd0       sf_mex_lw_size_eq_check_1d 0000000180065cd0 f   sfc_mex:sfc_mex.obj
 0001:00064cf0       sf_mex_lw_size_eq_check_nd 0000000180065cf0 f   sfc_mex:sfc_mex.obj
 0001:00064ed0       sf_mex_lw_dim_size_eq_check 0000000180065ed0 f   sfc_mex:sfc_mex.obj
 0001:00064f00       sf_mex_lw_dim_size_geq_check 0000000180065f00 f   sfc_mex:sfc_mex.obj
 0001:00064f30       sf_mex_lw_sub_assign_size_check_nd 0000000180065f30 f   sfc_mex:sfc_mex.obj
 0001:00065160       sf_mex_lw_runtime_error_msgid 0000000180066160 f   sfc_mex:sfc_mex.obj
 0001:00065250       sf_mex_lw_matrix_matrix_index_check 0000000180066250 f   sfc_mex:sfc_mex.obj
 0001:00065270       sf_mex_lw_vector_vector_index_check 0000000180066270 f   sfc_mex:sfc_mex.obj
 0001:000652b0       sf_mex_lw_for_loop_vector_check 00000001800662b0 f   sfc_mex:sfc_mex.obj
 0001:00065330       sf_mex_lw_non_negative_check 0000000180066330 f   sfc_mex:sfc_mex.obj
 0001:00065370       sf_mex_overflow_error      0000000180066370 f   sfc_mex:sfc_mex.obj
 0001:00065380       sf_mex_dividebyzero_error  0000000180066380 f   sfc_mex:sfc_mex.obj
 0001:00065390       sf_mex_unsafe_enum_error   0000000180066390 f   sfc_mex:sfc_mex.obj
 0001:000653a0       sf_emlrtErrHandler         00000001800663a0 f   sfc_mex:sfc_mex.obj
 0001:00065480       sf_mex_size_one_check      0000000180066480 f   sfc_mex:sfc_mex.obj
 0001:000654a0       sf_mex_printf              00000001800664a0 f   sfc_mex:sfc_mex.obj
 0001:00065670       sf_mex_check_size          0000000180066670 f   sfc_mex:sfc_mex.obj
 0001:00065940       sf_mex_check_struct        0000000180066940 f   sfc_mex:sfc_mex.obj
 0001:00065ba0       sf_mex_check_struct_vs     0000000180066ba0 f   sfc_mex:sfc_mex.obj
 0001:00065c30       sf_mex_check_fi            0000000180066c30 f   sfc_mex:sfc_mex.obj
 0001:00065d30       sf_mex_check_fi_vs         0000000180066d30 f   sfc_mex:sfc_mex.obj
 0001:00065dd0       sf_echo_expression         0000000180066dd0 f   sfc_mex:sfc_mex.obj
 0001:00065e30       sf_assertion_failed        0000000180066e30 f   sfc_mex:sfc_mex.obj
 0001:00066110       sf_mex_evalin              0000000180067110 f   sfc_mex:sfc_mex.obj
 0001:00066380       sf_mex_export              0000000180067380 f   sfc_mex:sfc_mex.obj
 0001:00066440       sf_mex_get_ml_var_no_error 0000000180067440 f   sfc_mex:sfc_mex.obj
 0001:000665e0       sf_mex_get_ml_var          00000001800675e0 f   sfc_mex:sfc_mex.obj
 0001:00066a80       ml_set_element_value_in_array 0000000180067a80 f   sfc_mex:sfc_mex.obj
 0001:00068150       sf_mex_call_impl           0000000180069150 f   sfc_mex:sfc_mex.obj
 0001:00068680       sf_mex_call_debug          0000000180069680 f   sfc_mex:sfc_mex.obj
 0001:000686b0       sf_mex_call                00000001800696b0 f   sfc_mex:sfc_mex.obj
 0001:00068d00       sf_mex_createstruct        0000000180069d00 f   sfc_mex:sfc_mex.obj
 0001:00068df0       sf_mex_createstructarray   0000000180069df0 f   sfc_mex:sfc_mex.obj
 0001:00068e70       sf_mex_get_mx_datatype_from_sf_datatype 0000000180069e70 f   sfc_mex:sfc_mex.obj
 0001:00069180       sf_mex_ml_var_sub          000000018006a180 f   sfc_mex:sfc_mex.obj
 0001:00069350       sf_mex_ml_var_subsasgn     000000018006a350 f   sfc_mex:sfc_mex.obj
 0001:00069740       sf_mex_sub                 000000018006a740 f   sfc_mex:sfc_mex.obj
 0001:00069940       sf_mex_subsasgn            000000018006a940 f   sfc_mex:sfc_mex.obj
 0001:00069e20       sf_mex_create              000000018006ae20 f   sfc_mex:sfc_mex.obj
 0001:0006a870       sf_mex_import_named        000000018006b870 f   sfc_mex:sfc_mex.obj
 0001:0006a8d0       sf_mex_import              000000018006b8d0 f   sfc_mex:sfc_mex.obj
 0001:0006a920       sf_mex_import_vs           000000018006b920 f   sfc_mex:sfc_mex.obj
 0001:0006aa30       sf_mex_lower_fixpt_mx_array 000000018006ba30 f   sfc_mex:sfc_mex.obj
 0001:0006ad20       sf_send_message_wrapper    000000018006bd20 f   sfc_mex:sfc_sf.obj
 0001:0006ad50       sf_receive_message_wrapper 000000018006bd50 f   sfc_mex:sfc_sf.obj
 0001:0006ad90       sf_check_out_message_wrapper 000000018006bd90 f   sfc_mex:sfc_sf.obj
 0001:0006add0       sf_check_in_message_wrapper 000000018006bdd0 f   sfc_mex:sfc_sf.obj
 0001:0006ae10       sf_no_message_wrapper      000000018006be10 f   sfc_mex:sfc_sf.obj
 0001:0006b1a0       sim_mode_is_rtw_gen        000000018006c1a0 f   sfc_mex:sfc_sf.obj
 0001:0006b1d0       sim_mode_is_external       000000018006c1d0 f   sfc_mex:sfc_sf.obj
 0001:0006b1e0       sim_mode_is_modelref_sim   000000018006c1e0 f   sfc_mex:sfc_sf.obj
 0001:0006b200       mdlInitializeSizes         000000018006c200 f   sfc_mex:sfc_sf.obj
 0001:0006b220       mdlInitializeSampleTimes   000000018006c220 f   sfc_mex:sfc_sf.obj
 0001:0006b260       mdlZeroCrossings           000000018006c260 f   sfc_mex:sfc_sf.obj
 0001:0006b340       mdlDerivatives             000000018006c340 f   sfc_mex:sfc_sf.obj
 0001:0006b3f0       mdl_initialize_conditions_processing 000000018006c3f0 f   sfc_mex:sfc_sf.obj
 0001:0006b420       mdlInitializeConditions    000000018006c420 f   sfc_mex:sfc_sf.obj
 0001:0006b4e0       mdlGetSimState             000000018006c4e0 f   sfc_mex:sfc_sf.obj
 0001:0006b4f0       mdlSetSimState             000000018006c4f0 f   sfc_mex:sfc_sf.obj
 0001:0006b500       mdl_ext_mode_exec_processing 000000018006c500 f   sfc_mex:sfc_sf.obj
 0001:0006b520       mdlExtModeExec             000000018006c520 f   sfc_mex:sfc_sf.obj
 0001:0006b6b0       mdlTerminate               000000018006c6b0 f   sfc_mex:sfc_sf.obj
 0001:0006b720       mdlRTW                     000000018006c720 f   sfc_mex:sfc_sf.obj
 0001:0006b750       mdlSetWorkWidths           000000018006c750 f   sfc_mex:sfc_sf.obj
 0001:0006b760       mdlProcessParameters       000000018006c760 f   sfc_mex:sfc_sf.obj
 0001:0006b770       mdl_start_processing       000000018006c770 f   sfc_mex:sfc_sf.obj
 0001:0006b7b0       mdlStart                   000000018006c7b0 f   sfc_mex:sfc_sf.obj
 0001:0006b8a0       mdlEnable                  000000018006c8a0 f   sfc_mex:sfc_sf.obj
 0001:0006b970       mdlDisable                 000000018006c970 f   sfc_mex:sfc_sf.obj
 0001:0006ba20       sf_get_chart_instance_ptr  000000018006ca20 f   sfc_mex:sfc_sf.obj
 0001:0006ba40       sf_load_rtw_optimization_info 000000018006ca40 f   sfc_mex:sfc_sf.obj
 0001:0006bb10       sf_rtw_info_uint_prop      000000018006cb10 f   sfc_mex:sfc_sf.obj
 0001:0006bc50       sf_is_chart_inlinable      000000018006cc50 f   sfc_mex:sfc_sf.obj
 0001:0006bc70       sf_mark_output_events_with_multiple_callers 000000018006cc70 f   sfc_mex:sfc_sf.obj
 0001:0006be00       sf_mark_chart_reusable_outputs 000000018006ce00 f   sfc_mex:sfc_sf.obj
 0001:0006c060       sf_mark_chart_expressionable_inputs 000000018006d060 f   sfc_mex:sfc_sf.obj
 0001:0006c2c0       sf_get_subchart_simstruct  000000018006d2c0 f   sfc_mex:sfc_sf.obj
 0001:0006c310       sf_get_fixpt_data_type_id  000000018006d310 f   sfc_mex:sfc_sf.obj
 0001:0006c350       sf_get_enum_data_type_id   000000018006d350 f   sfc_mex:sfc_sf.obj
 0001:0006c390       sf_get_param_data_type_id  000000018006d390 f   sfc_mex:sfc_sf.obj
 0001:0006c3c0       sf_mex_listen_for_ctrl_c_force 000000018006d3c0 f   sfc_mex:sfc_sf.obj
 0001:0006c4d0       sf_mex_draw_now            000000018006d4d0 f   sfc_mex:sfc_sf.obj
 0001:0006c510       sf_mex_set_debugger_sim_status_listener_fcn 000000018006d510 f   sfc_mex:sfc_sf.obj
 0001:0006c520       sf_mex_listen_for_ctrl_c   000000018006d520 f   sfc_mex:sfc_sf.obj
 0001:0006c5b0       sf_mex_get_sfun_param      000000018006d5b0 f   sfc_mex:sfc_sf.obj
 0001:0006c600       sf_get_runtime_param_data  000000018006d600 f   sfc_mex:sfc_sf.obj
 0001:0006c640       sf_call_output_fcn_call    000000018006d640 f   sfc_mex:sfc_sf.obj
 0001:0006c780       sf_call_output_fcn_enable  000000018006d780 f   sfc_mex:sfc_sf.obj
 0001:0006c810       sf_call_output_fcn_disable 000000018006d810 f   sfc_mex:sfc_sf.obj
 0001:0006c8a0       sf_clear_rtw_identifier    000000018006d8a0 f   sfc_mex:sfc_sf.obj
 0001:0006d090       sf_set_encoded_dwork_info  000000018006e090 f   sfc_mex:sfc_sf.obj
 0001:0006d0e0       sf_get_dwork_info_from_mat_file 000000018006e0e0 f   sfc_mex:sfc_sf.obj
 0001:0006d2a0       sf_set_rtw_dwork_info      000000018006e2a0 f   sfc_mex:sfc_sf.obj
 0001:0006d410       mdlOutputs                 000000018006e410 f   sfc_mex:sfc_sf.obj
 0001:0006d5b0       sf_debug_disp              000000018006e5b0 f   sfc_debug:sfcdebug.obj
 0001:0006d810       sf_debug_data_runtime_size_mismatch_error_check 000000018006e810 f   sfc_debug:sfcdebug.obj
 0001:0006d8b0       sf_debug_try_loading_machine 000000018006e8b0 f   sfc_debug:sfcdebug.obj
 0001:0006d9b0       sf_debug_reset_current_state_configuration 000000018006e9b0 f   sfc_debug:sfcdebug.obj
 0001:0006da40       sf_debug_store_current_state_configuration 000000018006ea40 f   sfc_debug:sfcdebug.obj
 0001:0006dad0       sf_debug_restore_previous_state_configuration 000000018006ead0 f   sfc_debug:sfcdebug.obj
 0001:0006db60       sf_debug_restore_previous_state_configuration2 000000018006eb60 f   sfc_debug:sfcdebug.obj
 0001:0006dbf0       sf_debug_get_event_scope   000000018006ebf0 f   sfc_debug:sfcdebug.obj
 0001:0006dd60       use_debugger_step_animation 000000018006ed60 f   sfc_debug:sfcdebug.obj
 0001:0006dd80       sf_debug_get_script_id     000000018006ed80 f   sfc_debug:sfcdebug.obj
 0001:0006de10       sf_debug_set_script_translation 000000018006ee10 f   sfc_debug:sfcdebug.obj
 0001:0006df90       sf_debug_extract_message_post_receive_info 000000018006ef90 f   sfc_debug:sfcdebug.obj
 0001:0006e090       sf_debug_get_current_machine_id 000000018006f090 f   sfc_debug:sfcdebug.obj
 0001:0006e0b0       sf_debug_get_current_optional_integer 000000018006f0b0 f   sfc_debug:sfcdebug.obj
 0001:0006e0c0       sf_debug_get_current_machine_number 000000018006f0c0 f   sfc_debug:sfcdebug.obj
 0001:0006e0e0       sf_debug_get_current_machine_name 000000018006f0e0 f   sfc_debug:sfcdebug.obj
 0001:0006e100       sf_debug_get_current_chart_id 000000018006f100 f   sfc_debug:sfcdebug.obj
 0001:0006e150       sf_debug_get_current_chart_number 000000018006f150 f   sfc_debug:sfcdebug.obj
 0001:0006e160       sf_debug_get_current_instance_number 000000018006f160 f   sfc_debug:sfcdebug.obj
 0001:0006e170       sf_debug_get_current_is_minor_time_step 000000018006f170 f   sfc_debug:sfcdebug.obj
 0001:0006e1f0       sf_debug_get_current_object_type 000000018006f1f0 f   sfc_debug:sfcdebug.obj
 0001:0006e200       sf_debug_get_current_instance_handle 000000018006f200 f   sfc_debug:sfcdebug.obj
 0001:0006e260       sf_debug_get_current_event_type 000000018006f260 f   sfc_debug:sfcdebug.obj
 0001:0006e270       sf_debug_get_current_object_id 000000018006f270 f   sfc_debug:sfcdebug.obj
 0001:0006e2b0       sf_debug_get_current_active_event_type 000000018006f2b0 f   sfc_debug:sfcdebug.obj
 0001:0006e2c0       sf_debug_get_current_active_event_id 000000018006f2c0 f   sfc_debug:sfcdebug.obj
 0001:0006e300       sf_debug_get_current_tag_type 000000018006f300 f   sfc_debug:sfcdebug.obj
 0001:0006e310       sf_debug_get_current_simulation_time 000000018006f310 f   sfc_debug:sfcdebug.obj
 0001:0006e320       sf_debug_get_current_coverage_percentage 000000018006f320 f   sfc_debug:sfcdebug.obj
 0001:0006e330       sf_debug_current_statement_context 000000018006f330 f   sfc_debug:sfcdebug.obj
 0001:0006e3c0       sf_debug_get_current_statement_info 000000018006f3c0 f   sfc_debug:sfcdebug.obj
 0001:0006e540       sf_debug_terminate_instance 000000018006f540 f   sfc_debug:sfcdebug.obj
 0001:0006e880       sf_debug_assertion_failed  000000018006f880 f   sfc_debug:sfcdebug.obj
 0001:0006ea30       sf_debug_set_number_of_data_with_change_event_for_machine 000000018006fa30 f   sfc_debug:sfcdebug.obj
 0001:0006ea70       sf_debug_set_machine_event_thresholds 000000018006fa70 f   sfc_debug:sfcdebug.obj
 0001:0006ea90       sf_debug_set_machine_event_scope 000000018006fa90 f   sfc_debug:sfcdebug.obj
 0001:0006ead0       sf_debug_set_machine_data_thresholds 000000018006fad0 f   sfc_debug:sfcdebug.obj
 0001:0006eb10       sf_debug_set_machine_data_scope 000000018006fb10 f   sfc_debug:sfcdebug.obj
 0001:0006eba0       sf_debug_set_machine_data_name 000000018006fba0 f   sfc_debug:sfcdebug.obj
 0001:0006ec40       sf_debug_set_machine_data_size 000000018006fc40 f   sfc_debug:sfcdebug.obj
 0001:0006ed80       sf_debug_set_machine_data_type 000000018006fd80 f   sfc_debug:sfcdebug.obj
 0001:0006eef0       sf_debug_get_chart_data_number 000000018006fef0 f   sfc_debug:sfcdebug.obj
 0001:0006ef10       sf_debug_get_chart_event_number 000000018006ff10 f   sfc_debug:sfcdebug.obj
 0001:0006ef30       sf_debug_set_chart_state_info 000000018006ff30 f   sfc_debug:sfcdebug.obj
 0001:0006efb0       sf_debug_set_chart_decomposition 000000018006ffb0 f   sfc_debug:sfcdebug.obj
 0001:0006f020       sf_debug_set_chart_substate_count 0000000180070020 f   sfc_debug:sfcdebug.obj
 0001:0006f100       sf_debug_set_chart_substate_index 0000000180070100 f   sfc_debug:sfcdebug.obj
 0001:0006f170       sf_debug_set_chart_state_substate_count 0000000180070170 f   sfc_debug:sfcdebug.obj
 0001:0006f280       sf_debug_set_chart_state_substate_index 0000000180070280 f   sfc_debug:sfcdebug.obj
 0001:0006f300       sf_debug_set_number_of_data_with_change_event_for_chart 0000000180070300 f   sfc_debug:sfcdebug.obj
 0001:0006f380       sf_debug_set_number_of_states_with_entry_event_for_chart 0000000180070380 f   sfc_debug:sfcdebug.obj
 0001:0006f3f0       sf_debug_set_number_of_states_with_exit_event_for_chart 00000001800703f0 f   sfc_debug:sfcdebug.obj
 0001:0006f460       sf_debug_set_chart_disable_implicit_casting 0000000180070460 f   sfc_debug:sfcdebug.obj
 0001:0006f4d0       sf_debug_set_chart_event_thresholds 00000001800704d0 f   sfc_debug:sfcdebug.obj
 0001:0006f540       sf_debug_set_chart_data_compiled_props 0000000180070540 f   sfc_debug:sfcdebug.obj
 0001:0006f890       sf_debug_set_chart_data_props 0000000180070890 f   sfc_debug:sfcdebug.obj
 0001:0006fbb0       sf_debug_check_fi_license  0000000180070bb0 f   sfc_debug:sfcdebug.obj
 0001:0006fda0       sf_debug_symbol_scope_push 0000000180070da0 f   sfc_debug:sfcdebug.obj
 0001:0006fde0       sf_debug_symbol_scope_push_eml 0000000180070de0 f   sfc_debug:sfcdebug.obj
 0001:0006fe30       sf_debug_symbol_scope_pop  0000000180070e30 f   sfc_debug:sfcdebug.obj
 0001:0006fe70       sf_debug_symbol_scope_add_importable 0000000180070e70 f   sfc_debug:sfcdebug.obj
 0001:0006fef0       sf_debug_symbol_scope_add  0000000180070ef0 f   sfc_debug:sfcdebug.obj
 0001:0006ff70       sf_debug_symbol_scope_add_dyn_importable 0000000180070f70 f   sfc_debug:sfcdebug.obj
 0001:00070030       sf_debug_symbol_scope_add_dyn 0000000180071030 f   sfc_debug:sfcdebug.obj
 0001:00070060       sf_debug_symbol_scope_add_eml_importable 0000000180071060 f   sfc_debug:sfcdebug.obj
 0001:000700a0       sf_debug_symbol_scope_add_eml 00000001800710a0 f   sfc_debug:sfcdebug.obj
 0001:000700e0       sf_debug_symbol_scope_add_eml_dyn_importable 00000001800710e0 f   sfc_debug:sfcdebug.obj
 0001:00070150       sf_debug_symbol_scope_add_eml_dyn 0000000180071150 f   sfc_debug:sfcdebug.obj
 0001:000701b0       sf_debug_symbol_switch     00000001800711b0 f   sfc_debug:sfcdebug.obj
 0001:000701d0       sf_debug_symbol_scope_add_verbose 00000001800711d0 f   sfc_debug:sfcdebug.obj
 0001:000702a0       sf_debug_set_machine_data_value_ptr 00000001800712a0 f   sfc_debug:sfcdebug.obj
 0001:000702e0       sf_debug_set_instance_data_value_ptr 00000001800712e0 f   sfc_debug:sfcdebug.obj
 0001:000703a0       sf_debug_unset_instance_data_value_ptr 00000001800713a0 f   sfc_debug:sfcdebug.obj
 0001:00070450       sf_debug_set_chart_event_scope 0000000180071450 f   sfc_debug:sfcdebug.obj
 0001:000704d0       sf_debug_set_chart_transition_coverage_maps 00000001800714d0 f   sfc_debug:sfcdebug.obj
 0001:000705e0       sf_debug_set_chart_state_coverage_maps 00000001800715e0 f   sfc_debug:sfcdebug.obj
 0001:000706c0       sf_debug_set_instance_transition_coverage_weights 00000001800716c0 f   sfc_debug:sfcdebug.obj
 0001:00070760       sf_debug_set_instance_state_coverage_weights 0000000180071760 f   sfc_debug:sfcdebug.obj
 0001:000709b0       sf_debug_unload_machine    00000001800719b0 f   sfc_debug:sfcdebug.obj
 0001:00070a00       sf_debug_load_machine      0000000180071a00 f   sfc_debug:sfcdebug.obj
 0001:00070b00       sf_debug_set_active_instance_in_data_dictionary 0000000180071b00 f   sfc_debug:sfcdebug.obj
 0001:00070ce0       sf_debug_set_active_instance 0000000180071ce0 f   sfc_debug:sfcdebug.obj
 0001:00070e20       sf_debug_chart_visiblity_change 0000000180071e20 f   sfc_debug:sfcdebug.obj
 0001:00070f00       sf_debug_select_chart      0000000180071f00 f   sfc_debug:sfcdebug.obj
 0001:00070fd0       sf_debug_set_instance_cv_ids 0000000180071fd0 f   sfc_debug:sfcdebug.obj
 0001:000712e0       sf_debug_select_charts     00000001800722e0 f   sfc_debug:sfcdebug.obj
 0001:00071420       sf_debug_initialized       0000000180072420 f   sfc_debug:sfcdebug.obj
 0001:00071430       sf_debug_is_uninterruptible 0000000180072430 f   sfc_debug:sfcdebug.obj
 0001:00071460       sf_debug_initialize_debugger_gui 0000000180072460 f   sfc_debug:sfcdebug.obj
 0001:00071850       sf_debug_resume            0000000180072850 f   sfc_debug:sfcdebug.obj
 0001:00071870       sf_debug_go                0000000180072870 f   sfc_debug:sfcdebug.obj
 0001:00071880       sf_debug_break             0000000180072880 f   sfc_debug:sfcdebug.obj
 0001:00071890       sf_debug_step_over         0000000180072890 f   sfc_debug:sfcdebug.obj
 0001:000718a0       sf_debug_step_out          00000001800728a0 f   sfc_debug:sfcdebug.obj
 0001:000718b0       sf_debug_set_disable_all_breakpoints 00000001800728b0 f   sfc_debug:sfcdebug.obj
 0001:000718c0       sf_debug_disable_all_breakpoints_and_go 00000001800728c0 f   sfc_debug:sfcdebug.obj
 0001:000718d0       sf_debug_break_on_chart_entry 00000001800728d0 f   sfc_debug:sfcdebug.obj
 0001:000718e0       sf_debug_break_on_event_broadcast 00000001800728e0 f   sfc_debug:sfcdebug.obj
 0001:000718f0       sf_debug_break_on_state_entry 00000001800728f0 f   sfc_debug:sfcdebug.obj
 0001:00071900       sf_debug_break_between_times 0000000180072900 f   sfc_debug:sfcdebug.obj
 0001:00071920       sf_debug_browse_data       0000000180072920 f   sfc_debug:sfcdebug.obj
 0001:00071940       sf_debug_watch_data        0000000180072940 f   sfc_debug:sfcdebug.obj
 0001:00071960       sf_debug_assign_data       0000000180072960 f   sfc_debug:sfcdebug.obj
 0001:00071980       sf_debug_whos              0000000180072980 f   sfc_debug:sfcdebug.obj
 0001:000719a0       sf_debug_get_consistency_info 00000001800729a0 f   sfc_debug:sfcdebug.obj
 0001:000719b0       sf_debug_browse_trace      00000001800729b0 f   sfc_debug:sfcdebug.obj
 0001:000719c0       sf_debug_set_breakpoints   00000001800729c0 f   sfc_debug:sfcdebug.obj
 0001:00071b20       sf_debug_set_eml_breakpoints 0000000180072b20 f   sfc_debug:sfcdebug.obj
 0001:00071c80       sf_debug_set_script_breakpoints 0000000180072c80 f   sfc_debug:sfcdebug.obj
 0001:00071d00       sf_debug_add_script_breakpoints 0000000180072d00 f   sfc_debug:sfcdebug.obj
 0001:00071d70       sf_debug_clear_script_breakpoints 0000000180072d70 f   sfc_debug:sfcdebug.obj
 0001:00071de0       sf_debug_query_script_breakpoints 0000000180072de0 f   sfc_debug:sfcdebug.obj
 0001:00071ea0       sf_debug_get_eml_script_id 0000000180072ea0 f   sfc_debug:sfcdebug.obj
 0001:00071ef0       sf_debug_set_watch         0000000180072ef0 f   sfc_debug:sfcdebug.obj
 0001:00072120       sf_debug_get_instance_handle 0000000180073120 f   sfc_debug:sfcdebug.obj
 0001:000721b0       sf_debug_get_active_states 00000001800731b0 f   sfc_debug:sfcdebug.obj
 0001:000721c0       sf_debug_get_animation     00000001800731c0 f   sfc_debug:sfcdebug.obj
 0001:000721d0       sf_debug_set_animation     00000001800731d0 f   sfc_debug:sfcdebug.obj
 0001:000721e0       sf_debug_animate           00000001800731e0 f   sfc_debug:sfcdebug.obj
 0001:00072210       sf_debug_cycle_detection_check 0000000180073210 f   sfc_debug:sfcdebug.obj
 0001:00072220       sf_debug_data_range_check  0000000180073220 f   sfc_debug:sfcdebug.obj
 0001:00072230       sf_debug_transition_conflict_check 0000000180073230 f   sfc_debug:sfcdebug.obj
 0001:00072240       sf_debug_state_consistency_check 0000000180073240 f   sfc_debug:sfcdebug.obj
 0001:00072250       sf_debug_data_range_check_enabled 0000000180073250 f   sfc_debug:sfcdebug.obj
 0001:00072270       sf_debug_transition_conflict_check_enabled 0000000180073270 f   sfc_debug:sfcdebug.obj
 0001:00072290       sf_debug_transition_conflict_check_begin 0000000180073290 f   sfc_debug:sfcdebug.obj
 0001:000722b0       sf_debug_transition_conflict_check_end 00000001800732b0 f   sfc_debug:sfcdebug.obj
 0001:000722d0       sf_debug_stop_debugging    00000001800732d0 f   sfc_debug:sfcdebug.obj
 0001:00072300       sf_debug_is_cycle_detected 0000000180073300 f   sfc_debug:sfcdebug.obj
 0001:00072310       sf_debug_is_array_bounds_detected 0000000180073310 f   sfc_debug:sfcdebug.obj
 0001:00072320       sf_debug_get_state_vectors_data_size 0000000180073320 f   sfc_debug:sfcdebug.obj
 0001:00072360       sf_debug_get_state_vectors_data 0000000180073360 f   sfc_debug:sfcdebug.obj
 0001:00072460       sf_debug_set_state_vectors_data 0000000180073460 f   sfc_debug:sfcdebug.obj
 0001:00072720       sf_debug_get_script_index  0000000180073720 f   sfc_debug:sfcdebug.obj
 0001:000728b0       sf_debug_add_script        00000001800738b0 f   sfc_debug:sfcdebug.obj
 0001:00072a40       cv_eval_point              0000000180073a40 f   sfc_debug:sfcdebug.obj
 0001:00072bb0       cv_eval_testobjective      0000000180073bb0 f   sfc_debug:sfcdebug.obj
 0001:00072cd0       sf_debug_cv_init_state     0000000180073cd0 f   sfc_debug:sfcdebug.obj
 0001:00072df0       sf_debug_cv_init_chart     0000000180073df0 f   sfc_debug:sfcdebug.obj
 0001:00072ed0       sf_debug_cv_init_trans     0000000180073ed0 f   sfc_debug:sfcdebug.obj
 0001:00072fd0       sf_debug_cv_init_testobjectives 0000000180073fd0 f   sfc_debug:sfcdebug.obj
 0001:000731b0       cv_eml_init_script         00000001800741b0 f   sfc_debug:sfcdebug.obj
 0001:000732b0       cv_eml_init_fcn            00000001800742b0 f   sfc_debug:sfcdebug.obj
 0001:00073360       cv_eml_init_testobjective  0000000180074360 f   sfc_debug:sfcdebug.obj
 0001:00073430       cv_eml_init_if             0000000180074430 f   sfc_debug:sfcdebug.obj
 0001:00073500       cv_eml_init_for            0000000180074500 f   sfc_debug:sfcdebug.obj
 0001:000735c0       cv_eml_init_while          00000001800745c0 f   sfc_debug:sfcdebug.obj
 0001:00073680       cv_eml_init_mcdc           0000000180074680 f   sfc_debug:sfcdebug.obj
 0001:00073790       cv_eml_init_switch         0000000180074790 f   sfc_debug:sfcdebug.obj
 0001:00073880       cv_eml_eval                0000000180074880 f   sfc_debug:sfcdebug.obj
 0001:00073960       sf_debug_bm_is_a_eml_breakpoint 0000000180074960 f   sfc_debug:sfcdebug.obj
 0001:00073ab0       sf_debug_temporal_threshold 0000000180074ab0 f   sfc_debug:sfcdebug.obj
 0001:00073e10       sf_debug_transition_conflict_error 0000000180074e10 f   sfc_debug:sfcdebug.obj
 0001:00074190       sf_debug_state_inconsistency_error 0000000180075190 f   sfc_debug:sfcdebug.obj
 0001:000742b0       sf_debug_check_for_state_inconsistency 00000001800752b0 f   sfc_debug:sfcdebug.obj
 0001:000742e0       sf_debug_cycle_detecton_error 00000001800752e0 f   sfc_debug:sfcdebug.obj
 0001:00074ad0       sf_debug_size_eq_check_1d  0000000180075ad0 f   sfc_debug:sfcdebug.obj
 0001:00074af0       sf_debug_size_eq_check_nd  0000000180075af0 f   sfc_debug:sfcdebug.obj
 0001:00074cd0       sf_debug_dim_size_eq_check 0000000180075cd0 f   sfc_debug:sfcdebug.obj
 0001:00074d00       sf_debug_dim_size_geq_check 0000000180075d00 f   sfc_debug:sfcdebug.obj
 0001:00074d30       sf_debug_sub_assign_size_check_nd 0000000180075d30 f   sfc_debug:sfcdebug.obj
 0001:00074f70       sf_debug_matrix_matrix_index_check 0000000180075f70 f   sfc_debug:sfcdebug.obj
 0001:00074fa0       sf_debug_vector_vector_index_check 0000000180075fa0 f   sfc_debug:sfcdebug.obj
 0001:00074fd0       sf_debug_for_loop_vector_check 0000000180075fd0 f   sfc_debug:sfcdebug.obj
 0001:00075050       sf_debug_runtime_error_msgid 0000000180076050 f   sfc_debug:sfcdebug.obj
 0001:000750e0       sf_debug_data_array_bounds_error_check 00000001800760e0 f   sfc_debug:sfcdebug.obj
 0001:000751f0       sf_debug_eml_data_array_bounds_error_check 00000001800761f0 f   sfc_debug:sfcdebug.obj
 0001:000756d0       sf_debug_integer_check     00000001800766d0 f   sfc_debug:sfcdebug.obj
 0001:000757b0       sf_debug_not_nan_check     00000001800767b0 f   sfc_debug:sfcdebug.obj
 0001:00075870       sf_debug_non_negative_check 0000000180076870 f   sfc_debug:sfcdebug.obj
 0001:00075930       sf_debug_overflow_detection 0000000180076930 f   sfc_debug:sfcdebug.obj
 0001:00076020       sf_debug_cast_to_real32_T  0000000180077020 f   sfc_debug:sfcdebug.obj
 0001:000760e0       sf_debug_cast_to_int8_T    00000001800770e0 f   sfc_debug:sfcdebug.obj
 0001:000761a0       sf_debug_cast_to_uint8_T   00000001800771a0 f   sfc_debug:sfcdebug.obj
 0001:00076260       sf_debug_cast_to_int16_T   0000000180077260 f   sfc_debug:sfcdebug.obj
 0001:00076320       sf_debug_cast_to_uint16_T  0000000180077320 f   sfc_debug:sfcdebug.obj
 0001:000763e0       sf_debug_cast_to_int32_T   00000001800773e0 f   sfc_debug:sfcdebug.obj
 0001:000764a0       sf_debug_cast_to_uint32_T  00000001800774a0 f   sfc_debug:sfcdebug.obj
 0001:00076560       sf_debug_data_range_error  0000000180077560 f   sfc_debug:sfcdebug.obj
 0001:000768b0       sf_debug_read_before_write_check 00000001800778b0 f   sfc_debug:sfcdebug.obj
 0001:00076ca0       sf_debug_data_range_error_wrapper_min_max 0000000180077ca0 f   sfc_debug:sfcdebug.obj
 0001:00076d90       sf_debug_data_range_error_wrapper_min 0000000180077d90 f   sfc_debug:sfcdebug.obj
 0001:00076e70       sf_debug_data_range_error_wrapper_max 0000000180077e70 f   sfc_debug:sfcdebug.obj
 0001:00076f50       sf_debug_data_range_wrapper 0000000180077f50 f   sfc_debug:sfcdebug.obj
 0001:00077000       sf_debug_set_current_status_info 0000000180078000 f   sfc_debug:sfcdebug.obj
 0001:000773b0       sf_debug_register_message_post_receive_info 00000001800783b0 f   sfc_debug:sfcdebug.obj
 0001:00077620       sf_debug_call              0000000180078620 f   sfc_debug:sfcdebug.obj
 0001:000784e0       sf_debug_initialize_machine 00000001800794e0 f   sfc_debug:sfcdebug.obj
 0001:000787f0       sf_debug_initialize_chart  00000001800797f0 f   sfc_debug:sfcdebug.obj
 0001:00078cd0       sf_debug_ensure_script     0000000180079cd0 f   sfc_debug:sfcdebug.obj
 0001:00078d90       cv_script_init_script      0000000180079d90 f   sfc_debug:sfcdebug.obj
 0001:00078e70       cv_script_init_fcn         0000000180079e70 f   sfc_debug:sfcdebug.obj
 0001:00078f20       cv_script_init_testobjective 0000000180079f20 f   sfc_debug:sfcdebug.obj
 0001:00078fd0       cv_script_init_if          0000000180079fd0 f   sfc_debug:sfcdebug.obj
 0001:00079080       cv_script_init_for         000000018007a080 f   sfc_debug:sfcdebug.obj
 0001:00079130       cv_script_init_while       000000018007a130 f   sfc_debug:sfcdebug.obj
 0001:000791e0       cv_script_init_mcdc        000000018007a1e0 f   sfc_debug:sfcdebug.obj
 0001:000792e0       cv_script_init_switch      000000018007a2e0 f   sfc_debug:sfcdebug.obj
 0001:000793c0       cv_script_eval             000000018007a3c0 f   sfc_debug:sfcdebug.obj
 0001:000794a0       eml_debug_line_call        000000018007a4a0 f   sfc_debug:sfcdebug.obj
 0001:00079650       sf_debug_terminate         000000018007a650 f   sfc_debug:sfcdebug.obj
 0001:000797c0       sf_debug_set_script_cv_ids 000000018007a7c0 f   sfc_debug:sfcdebug.obj
 0001:000798f0       sf_debug_api               000000018007a8f0 f   sfc_debug:sfc_api.obj
 0001:0007b0d0       sf_debug_sm_terminate      000000018007c0d0 f   sfc_debug:sfdb_animation.obj
 0001:0007b290       sf_debug_reset_path_objects 000000018007c290 f   sfc_debug:sfdb_animation.obj
 0001:0007b310       sf_debug_sm_reset_object_selection_status 000000018007c310 f   sfc_debug:sfdb_animation.obj
 0001:0007b3b0       sf_debug_sm_reset_state_buffer 000000018007c3b0 f   sfc_debug:sfdb_animation.obj
 0001:0007b480       sf_debug_sm_store_state_buffer 000000018007c480 f   sfc_debug:sfdb_animation.obj
 0001:0007b500       sf_debug_sm_restore_state_buffer1 000000018007c500 f   sfc_debug:sfdb_animation.obj
 0001:0007b570       sf_debug_sm_restore_state_buffer2 000000018007c570 f   sfc_debug:sfdb_animation.obj
 0001:0007b5e0       sf_debug_sm_chart_active   000000018007c5e0 f   sfc_debug:sfdb_animation.obj
 0001:0007b630       sf_debug_sm_select_active_objects 000000018007c630 f   sfc_debug:sfdb_animation.obj
 0001:0007bae0       sf_debug_sm_is_chart_active 000000018007cae0 f   sfc_debug:sfdb_animation.obj
 0001:0007bb20       sf_debug_sm_is_state_active 000000018007cb20 f   sfc_debug:sfdb_animation.obj
 0001:0007bd60       sf_debug_sm_get_active_states 000000018007cd60 f   sfc_debug:sfdb_animation.obj
 0001:0007c320       sf_debug_sm_initialize_instance 000000018007d320 f   sfc_debug:sfdb_animation.obj
 0001:0007c570       sf_debug_sm_change_object_selection_status 000000018007d570 f   sfc_debug:sfdb_animation.obj
 0001:0007c860       cv_create_interface        000000018007d860 f   sfc_debug:cv_sfinterface.obj
 0001:0007cbc0       cv_init_trans              000000018007dbc0 f   sfc_debug:cv_sfinterface.obj
 0001:0007cc10       cv_init_testobjective      000000018007dc10 f   sfc_debug:cv_sfinterface.obj
 0001:0007cc50       cv_init_state              000000018007dc50 f   sfc_debug:cv_sfinterface.obj
 0001:0007ccc0       cv_init_chart              000000018007dcc0 f   sfc_debug:cv_sfinterface.obj
 0001:0007cd10       cv_dec_update_call         000000018007dd10 f   sfc_debug:cv_sfinterface.obj
 0001:0007cd50       cv_cond_update_call        000000018007dd50 f   sfc_debug:cv_sfinterface.obj
 0001:0007cd90       cv_testobjective_update_call 000000018007dd90 f   sfc_debug:cv_sfinterface.obj
 0001:0007cdd0       cv_sigrange_update         000000018007ddd0 f   sfc_debug:cv_sfinterface.obj
 0001:0007ce10       cvsf_eml_eval              000000018007de10 f   sfc_debug:cv_sfinterface.obj
 0001:0007cef0       cvsf_eml_init_script       000000018007def0 f   sfc_debug:cv_sfinterface.obj
 0001:0007cf70       cvsf_eml_init_fcn          000000018007df70 f   sfc_debug:cv_sfinterface.obj
 0001:0007cfd0       cvsf_eml_init_testobjective 000000018007dfd0 f   sfc_debug:cv_sfinterface.obj
 0001:0007d030       cvsf_eml_init_if           000000018007e030 f   sfc_debug:cv_sfinterface.obj
 0001:0007d090       cvsf_eml_init_for          000000018007e090 f   sfc_debug:cv_sfinterface.obj
 0001:0007d0e0       cvsf_eml_init_while        000000018007e0e0 f   sfc_debug:cv_sfinterface.obj
 0001:0007d130       cvsf_eml_init_mcdc         000000018007e130 f   sfc_debug:cv_sfinterface.obj
 0001:0007d1c0       cvsf_eml_init_switch       000000018007e1c0 f   sfc_debug:cv_sfinterface.obj
 0001:0007d230       cvsf_script_eval           000000018007e230 f   sfc_debug:cv_sfinterface.obj
 0001:0007d310       cvsf_script_init_script    000000018007e310 f   sfc_debug:cv_sfinterface.obj
 0001:0007d390       cvsf_script_init_fcn       000000018007e390 f   sfc_debug:cv_sfinterface.obj
 0001:0007d3f0       cvsf_script_init_testobjective 000000018007e3f0 f   sfc_debug:cv_sfinterface.obj
 0001:0007d450       cvsf_script_init_if        000000018007e450 f   sfc_debug:cv_sfinterface.obj
 0001:0007d4b0       cvsf_script_init_for       000000018007e4b0 f   sfc_debug:cv_sfinterface.obj
 0001:0007d500       cvsf_script_init_while     000000018007e500 f   sfc_debug:cv_sfinterface.obj
 0001:0007d550       cvsf_script_init_mcdc      000000018007e550 f   sfc_debug:cv_sfinterface.obj
 0001:0007d5e0       cvsf_script_init_switch    000000018007e5e0 f   sfc_debug:cv_sfinterface.obj
 0001:0007d650       cv_destroy_interface       000000018007e650 f   sfc_debug:cv_sfinterface.obj
 0001:0007d670       cv_create_instance_objects 000000018007e670 f   sfc_debug:cv_sfinterface.obj
 0001:0007db20       cv_is_enabled              000000018007eb20 f   sfc_debug:cv_sfinterface.obj
 0001:0007db30       sf_debug_cv_initialize_script 000000018007eb30 f   sfc_debug:cv_sfinterface.obj
 0001:0007dce0       sf_debug_cv_initialize_instance 000000018007ece0 f   sfc_debug:cv_sfinterface.obj
 0001:0007e080       sf_debug_cv_terminate_chart 000000018007f080 f   sfc_debug:cv_sfinterface.obj
 0001:0007e1c0       cv_call_trans_test         000000018007f1c0 f   sfc_debug:cv_sfinterface.obj
 0001:0007e1d0       cv_call_sub_cond_test      000000018007f1d0 f   sfc_debug:cv_sfinterface.obj
 0001:0007e210       sf_debug_st_initialize_machine 000000018007f210 f   sfc_debug:sfdb_data_browse.obj
 0001:0007e2d0       sf_debug_st_initialize_instance 000000018007f2d0 f   sfc_debug:sfdb_data_browse.obj
 0001:0007e500       sf_debug_st_terminate      000000018007f500 f   sfc_debug:sfdb_data_browse.obj
 0001:0007e8a0       sf_debug_st_set_data_value_ptr_in_machine 000000018007f8a0 f   sfc_debug:sfdb_data_browse.obj
 0001:0007e930       sf_debug_st_set_data_value_ptr_in_instance 000000018007f930 f   sfc_debug:sfdb_data_browse.obj
 0001:0007ea10       sf_debug_st_unset_data_value_ptr_in_machine 000000018007fa10 f   sfc_debug:sfdb_data_browse.obj
 0001:0007ea80       sf_debug_st_unset_data_value_ptr_in_instance 000000018007fa80 f   sfc_debug:sfdb_data_browse.obj
 0001:0007ed90       sf_debug_mx_value          000000018007fd90 f   sfc_debug:sfdb_data_browse.obj
 0001:0007edf0       sf_debug_mx_packed_vector  000000018007fdf0 f   sfc_debug:sfdb_data_browse.obj
 0001:0007eed0       sf_debug_mx_uint_vector    000000018007fed0 f   sfc_debug:sfdb_data_browse.obj
 0001:0007ef90       sf_debug_st_get_double_value_from_void_ptr_vector 000000018007ff90 f   sfc_debug:sfdb_data_browse.obj
 0001:0007fa80       sf_debug_st_browse_data    0000000180080a80 f   sfc_debug:sfdb_data_browse.obj
 0001:00080310       sf_debug_hm_initialize_instance 0000000180081310 f   sfc_debug:sfdb_handle_management.obj
 0001:00080890       sf_debug_hm_get_object_id  0000000180081890 f   sfc_debug:sfdb_handle_management.obj
 0001:00082800       sf_debug_object_is_eml_function 0000000180083800 f   sfc_debug:sfdb_handle_management.obj
 0001:00082870       sf_debug_hm_initialize_ids_in_machine 0000000180083870 f   sfc_debug:sfdb_handle_management.obj
 0001:000829e0       sf_debug_hm_initialize_ids_in_chart 00000001800839e0 f   sfc_debug:sfdb_handle_management.obj
 0001:00082b20       sf_debug_hm_initialize_chart 0000000180083b20 f   sfc_debug:sfdb_handle_management.obj
 0001:000832d0       sf_debug_hm_terminate      00000001800842d0 f   sfc_debug:sfdb_handle_management.obj
 0001:00083330       sf_debug_hm_initialize_machine 0000000180084330 f   sfc_debug:sfdb_handle_management.obj
 0001:00083ae0       sf_debug_ss_initialize     0000000180084ae0 f   sfc_debug:sfdb_symbol_scope.obj
 0001:00083b00       sf_debug_ss_terminate      0000000180084b00 f   sfc_debug:sfdb_symbol_scope.obj
 0001:00083b90       sf_debug_ss_push_symbol_scope 0000000180084b90 f   sfc_debug:sfdb_symbol_scope.obj
 0001:00083c90       sf_debug_ss_push_symbol_scope_eml 0000000180084c90 f   sfc_debug:sfdb_symbol_scope.obj
 0001:00083cf0       sf_debug_ss_pop_symbol_scope 0000000180084cf0 f   sfc_debug:sfdb_symbol_scope.obj
 0001:00083da0       sf_debug_ss_add_symbol     0000000180084da0 f   sfc_debug:sfdb_symbol_scope.obj
 0001:00083f00       sf_debug_ss_add_symbol_eml 0000000180084f00 f   sfc_debug:sfdb_symbol_scope.obj
 0001:00084be0       sf_debug_ss_set_data_value 0000000180085be0 f   sfc_debug:sfdb_symbol_scope.obj
 0001:00085080       sf_debug_ss_watch_data     0000000180086080 f   sfc_debug:sfdb_symbol_scope.obj
 0001:00085120       sf_debug_ss_assign_data    0000000180086120 f   sfc_debug:sfdb_symbol_scope.obj
 0001:00085b20       get_data_entry_name        0000000180086b20 f   sfc_debug:sfdb_symbol_scope.obj
 0001:00085b70       sf_debug_ss_whos           0000000180086b70 f   sfc_debug:sfdb_symbol_scope.obj
 0001:00086280       sf_debug_cc_initialize_chart 0000000180087280 f   sfc_debug:sfdb_coverage.obj
 0001:00086c70       sf_debug_cc_initialize_instance 0000000180087c70 f   sfc_debug:sfdb_coverage.obj
 0001:00087a70       sf_debug_cc_terminate      0000000180088a70 f   sfc_debug:sfdb_coverage.obj
 0001:00087b60       sf_debug_cc_set_transition_maps 0000000180088b60 f   sfc_debug:sfdb_coverage.obj
 0001:00087c90       sf_debug_cc_set_state_maps 0000000180088c90 f   sfc_debug:sfdb_coverage.obj
 0001:00087d70       sf_debug_cc_set_transition_weights 0000000180088d70 f   sfc_debug:sfdb_coverage.obj
 0001:00088040       sf_debug_cc_set_state_weights 0000000180089040 f   sfc_debug:sfdb_coverage.obj
 0001:00088310       sf_debug_cc_mark_transition_guard 0000000180089310 f   sfc_debug:sfdb_coverage.obj
 0001:000883a0       sf_debug_cc_mark_transition_trigger 00000001800893a0 f   sfc_debug:sfdb_coverage.obj
 0001:00088430       sf_debug_cc_mark_transition_decision 0000000180089430 f   sfc_debug:sfdb_coverage.obj
 0001:000884a0       sf_debug_cc_mark_transition_condition_action 00000001800894a0 f   sfc_debug:sfdb_coverage.obj
 0001:000884f0       sf_debug_cc_mark_transition_transition_action 00000001800894f0 f   sfc_debug:sfdb_coverage.obj
 0001:00088540       sf_debug_cc_mark_state_entry 0000000180089540 f   sfc_debug:sfdb_coverage.obj
 0001:00088590       sf_debug_cc_mark_state_during 0000000180089590 f   sfc_debug:sfdb_coverage.obj
 0001:000885e0       sf_debug_cc_mark_state_exit 00000001800895e0 f   sfc_debug:sfdb_coverage.obj
 0001:00088630       sf_debug_bm_clear_script_breakpoints 0000000180089630 f   sfc_debug:sfdb_breakpoints.obj
 0001:00088660       sf_debug_bm_set_script_breakpoint 0000000180089660 f   sfc_debug:sfdb_breakpoints.obj
 0001:000886e0       sf_debug_bm_clear_single_script_breakpoint 00000001800896e0 f   sfc_debug:sfdb_breakpoints.obj
 0001:00088760       sf_debug_bm_query_script_breakpoint 0000000180089760 f   sfc_debug:sfdb_breakpoints.obj
 0001:000887b0       sf_debug_bm_initialize_scripts 00000001800897b0 f   sfc_debug:sfdb_breakpoints.obj
 0001:00088ed0       sf_debug_bm_terminate      0000000180089ed0 f   sfc_debug:sfdb_breakpoints.obj
 0001:000891c0       sf_debug_bm_remove_all_breakpoints_in_machine 000000018008a1c0 f   sfc_debug:sfdb_breakpoints.obj
 0001:00089230       sf_debug_bm_remove_all_breakpoints_in_chart 000000018008a230 f   sfc_debug:sfdb_breakpoints.obj
 0001:00089380       sf_debug_bm_initialize_global_breakpoints 000000018008a380 f   sfc_debug:sfdb_breakpoints.obj
 0001:00089500       sf_debug_bm_set_breakpoint 000000018008a500 f   sfc_debug:sfdb_breakpoints.obj
 0001:00089b30       sf_debug_bm_set_eml_breakpoint 000000018008ab30 f   sfc_debug:sfdb_breakpoints.obj
 0001:00089bd0       sf_debug_bm_initialize_machine_breakpoint_map 000000018008abd0 f   sfc_debug:sfdb_breakpoints.obj
 0001:00089ff0       sf_debug_bm_is_a_breakpoint 000000018008aff0 f   sfc_debug:sfdb_breakpoints.obj
 0001:0008a510       sf_debug_bm_get_all_breakpoints_in_machine 000000018008b510 f   sfc_debug:sfdb_breakpoints.obj
 0001:0008a810       sf_debug_bm_get_all_breakpoints_in_chart 000000018008b810 f   sfc_debug:sfdb_breakpoints.obj
 0001:0008b4d0       sf_debug_bm_initialize_machine 000000018008c4d0 f   sfc_debug:sfdb_breakpoints.obj
 0001:0008b5a0       sf_debug_bm_initialize_chart 000000018008c5a0 f   sfc_debug:sfdb_breakpoints.obj
 0001:0008b9c0       sf_debug_sc_terminate      000000018008c9c0 f   sfc_debug:sfdb_state_consistency.obj
 0001:0008bcf0       sf_debug_sc_is_chart_consistent 000000018008ccf0 f   sfc_debug:sfdb_state_consistency.obj
 0001:0008bfa0       sf_debug_sc_get_consistency_error_info 000000018008cfa0 f   sfc_debug:sfdb_state_consistency.obj
 0001:0008c3f0       sf_debug_tm_terminate      000000018008d3f0 f   sfc_debug:sfdb_call_stack.obj
 0001:0008c4b0       sf_debug_tm_push_chart_instance 000000018008d4b0 f   sfc_debug:sfdb_call_stack.obj
 0001:0008c600       sf_debug_tm_pop_chart_instance 000000018008d600 f   sfc_debug:sfdb_call_stack.obj
 0001:0008c660       sf_debug_tm_push_trace_node 000000018008d660 f   sfc_debug:sfdb_call_stack.obj
 0001:0008c7f0       sf_debug_tm_pop_trace_node 000000018008d7f0 f   sfc_debug:sfdb_call_stack.obj
 0001:0008c870       sf_debug_tm_get_current_global_trace_index 000000018008d870 f   sfc_debug:sfdb_call_stack.obj
 0001:0008c880       sf_debug_tm_get_current_local_trace_index 000000018008d880 f   sfc_debug:sfdb_call_stack.obj
 0001:0008c8b0       sf_debug_tm_set_cycle_detected_flag 000000018008d8b0 f   sfc_debug:sfdb_call_stack.obj
 0001:0008c8f0       sf_debug_tm_set_cycle_started_flag 000000018008d8f0 f   sfc_debug:sfdb_call_stack.obj
 0001:0008c930       sf_debug_tm_get_chart_number_from_stack 000000018008d930 f   sfc_debug:sfdb_call_stack.obj
 0001:0008cb30       sf_debug_tm_browse_trace   000000018008db30 f   sfc_debug:sfdb_call_stack.obj
 0001:0008ce70       sf_debug_cd_initialize_instance 000000018008de70 f   sfc_debug:sfdb_cycle_detection.obj
 0001:0008d120       sf_debug_cd_mark_processed_transition_in_instance 000000018008e120 f   sfc_debug:sfdb_cycle_detection.obj
 0001:0008d1c0       sf_debug_cd_checksum_push  000000018008e1c0 f   sfc_debug:sfdb_cycle_detection.obj
 0001:0008d480       sf_debug_cd_checksum_pop   000000018008e480 f   sfc_debug:sfdb_cycle_detection.obj
 0001:0008d4f0       sf_debug_cd_turn_off_cycle_detection 000000018008e4f0 f   sfc_debug:sfdb_cycle_detection.obj
 0001:0008d540       sf_debug_cd_terminate      000000018008e540 f   sfc_debug:sfdb_cycle_detection.obj
 0001:0008d780       md5_initialize_state       000000018008e780 f   sfc_debug:ckmd5.obj
 0001:0008e1f0       md5_update_state           000000018008f1f0 f   sfc_debug:ckmd5.obj
 0001:0008e210       md5_get_hash               000000018008f210 f   sfc_debug:ckmd5.obj
 0001:0008e240       md5_get_hash_for_a_single_string 000000018008f240 f   sfc_debug:ckmd5.obj
 0001:0008e2a4       mxGetPr                    000000018008f2a4 f   libmx:libmx.dll
 0001:0008e2aa       mxCreateDoubleScalar       000000018008f2aa f   libmx:libmx.dll
 0001:0008e2b0       mxCreateDoubleMatrix_730   000000018008f2b0 f   libmx:libmx.dll
 0001:0008e2b6       mxSetField_730             000000018008f2b6 f   libmx:libmx.dll
 0001:0008e2bc       mxCreateString             000000018008f2bc f   libmx:libmx.dll
 0001:0008e2c2       mxCreateStructMatrix_730   000000018008f2c2 f   libmx:libmx.dll
 0001:0008e2c8       mxDestroyArray             000000018008f2c8 f   libmx:libmx.dll
 0001:0008e2ce       mxDuplicateArray           000000018008f2ce f   libmx:libmx.dll
 0001:0008e2d4       mxGetString_730            000000018008f2d4 f   libmx:libmx.dll
 0001:0008e2da       mxIsChar                   000000018008f2da f   libmx:libmx.dll
 0001:0008e2e0       mxGetClassID               000000018008f2e0 f   libmx:libmx.dll
 0001:0008e2e6       mxIsNumeric                000000018008f2e6 f   libmx:libmx.dll
 0001:0008e2ec       mxIsComplex                000000018008f2ec f   libmx:libmx.dll
 0001:0008e2f2       mxGetN                     000000018008f2f2 f   libmx:libmx.dll
 0001:0008e2f8       mxGetM                     000000018008f2f8 f   libmx:libmx.dll
 0001:0008e2fe       mxCalloc                   000000018008f2fe f   libmx:libmx.dll
 0001:0008e304       mxGetScalar                000000018008f304 f   libmx:libmx.dll
 0001:0008e30a       mxIsLogical                000000018008f30a f   libmx:libmx.dll
 0001:0008e310       mxCreateDoubleMatrix_700   000000018008f310 f   libmx:libmx.dll
 0001:0008e316       mxFree                     000000018008f316 f   libmx:libmx.dll
 0001:0008e31c       mxArrayToString            000000018008f31c f   libmx:libmx.dll
 0001:0008e322       mxCreateCellMatrix_700     000000018008f322 f   libmx:libmx.dll
 0001:0008e328       mxSetCell_700              000000018008f328 f   libmx:libmx.dll
 0001:0008e32e       mxGetCell_700              000000018008f32e f   libmx:libmx.dll
 0001:0008e334       mxGetClassName             000000018008f334 f   libmx:libmx.dll
 0001:0008e33a       mxSetField_700             000000018008f33a f   libmx:libmx.dll
 0001:0008e340       mxAddField                 000000018008f340 f   libmx:libmx.dll
 0001:0008e346       mxGetField_700             000000018008f346 f   libmx:libmx.dll
 0001:0008e34c       mxGetNumberOfElements      000000018008f34c f   libmx:libmx.dll
 0001:0008e352       mxIsStruct                 000000018008f352 f   libmx:libmx.dll
 0001:0008e358       mxIsA                      000000018008f358 f   libmx:libmx.dll
 0001:0008e35e       mxIsClass                  000000018008f35e f   libmx:libmx.dll
 0001:0008e364       mxGetLogicals              000000018008f364 f   libmx:libmx.dll
 0001:0008e36a       mxIsSparse                 000000018008f36a f   libmx:libmx.dll
 0001:0008e370       mxSetFieldByNumber_700     000000018008f370 f   libmx:libmx.dll
 0001:0008e376       mxGetFieldByNumber_700     000000018008f376 f   libmx:libmx.dll
 0001:0008e37c       mxGetFieldNameByNumber     000000018008f37c f   libmx:libmx.dll
 0001:0008e382       mxGetNumberOfFields        000000018008f382 f   libmx:libmx.dll
 0001:0008e388       mxCreateStructMatrix_700   000000018008f388 f   libmx:libmx.dll
 0001:0008e38e       mxGetFieldNumber           000000018008f38e f   libmx:libmx.dll
 0001:0008e394       mxIsNaN                    000000018008f394 f   libmx:libmx.dll
 0001:0008e39a       mxIsEmpty                  000000018008f39a f   libmx:libmx.dll
 0001:0008e3a0       mxGetData                  000000018008f3a0 f   libmx:libmx.dll
 0001:0008e3a6       mxGetImagData              000000018008f3a6 f   libmx:libmx.dll
 0001:0008e3ac       mxArrayClassIDName         000000018008f3ac f   libmx:libmx.dll
 0001:0008e3b2       mxCreateNumericMatrix_700  000000018008f3b2 f   libmx:libmx.dll
 0001:0008e3b8       mxCreateStructArray_700    000000018008f3b8 f   libmx:libmx.dll
 0001:0008e3be       mxCalcSingleSubscript_700  000000018008f3be f   libmx:libmx.dll
 0001:0008e3c4       mxGetDimensions_700        000000018008f3c4 f   libmx:libmx.dll
 0001:0008e3ca       mxGetNumberOfDimensions_700 000000018008f3ca f   libmx:libmx.dll
 0001:0008e3d0       mxCreateNumericArray_700   000000018008f3d0 f   libmx:libmx.dll
 0001:0008e3d6       mxGetElementSize           000000018008f3d6 f   libmx:libmx.dll
 0001:0008e3dc       mxCreateStringFromNChars_700 000000018008f3dc f   libmx:libmx.dll
 0001:0008e3e2       mxGetString_700            000000018008f3e2 f   libmx:libmx.dll
 0001:0008e3e8       mxIsLogicalScalarTrue      000000018008f3e8 f   libmx:libmx.dll
 0001:0008e3ee       mxCreateLogicalScalar      000000018008f3ee f   libmx:libmx.dll
 0001:0008e3f4       mexUnlock                  000000018008f3f4 f   libmex:libmex.dll
 0001:0008e3fa       mexIsLocked                000000018008f3fa f   libmex:libmex.dll
 0001:0008e400       mexWarnMsgTxt              000000018008f400 f   libmex:libmex.dll
 0001:0008e406       mexCallMATLAB              000000018008f406 f   libmex:libmex.dll
 0001:0008e40c       mexErrMsgTxt               000000018008f40c f   libmex:libmex.dll
 0001:0008e412       mexMakeArrayPersistent     000000018008f412 f   libmex:libmex.dll
 0001:0008e418       mexSetTrapFlag             000000018008f418 f   libmex:libmex.dll
 0001:0008e41e       mexPutVariable             000000018008f41e f   libmex:libmex.dll
 0001:0008e424       mexGetVariable             000000018008f424 f   libmex:libmex.dll
 0001:0008e42a       mexLock                    000000018008f42a f   libmex:libmex.dll
 0001:0008e430       mexMakeMemoryPersistent    000000018008f430 f   libmex:libmex.dll
 0001:0008e436       mexFunctionName            000000018008f436 f   libmex:libmex.dll
 0001:0008e43c       ssRegisterDataTypeFxpFSlopeFixExpBias 000000018008f43c f   libfixedpoint:libfixedpoint.dll
 0001:0008e442       utVSNprintf                000000018008f442 f   libut:libut.dll
 0001:0008e448       utCPUtime                  000000018008f448 f   libut:libut.dll
 0001:0008e44e       utFree                     000000018008f44e f   libut:libut.dll
 0001:0008e454       utMalloc                   000000018008f454 f   libut:libut.dll
 0001:0008e45a       muDoubleScalarIsNaN        000000018008f45a f   libmwmathutil:libmwmathutil.dll
 0001:0008e460       muDoubleScalarSqrt         000000018008f460 f   libmwmathutil:libmwmathutil.dll
 0001:0008e466       muDoubleScalarAbs          000000018008f466 f   libmwmathutil:libmwmathutil.dll
 0001:0008e46c       muDoubleScalarExp          000000018008f46c f   libmwmathutil:libmwmathutil.dll
 0001:0008e472       muDoubleScalarIsInf        000000018008f472 f   libmwmathutil:libmwmathutil.dll
 0001:0008e478       muDoubleScalarMax          000000018008f478 f   libmwmathutil:libmwmathutil.dll
 0001:0008e47e       emlrtCheckBuiltInCtxR2011a 000000018008f47e f   libemlrt:libemlrt.dll
 0001:0008e484       emlrtCheckVsBuiltInCtxR2011a 000000018008f484 f   libemlrt:libemlrt.dll
 0001:0008e48a       emlrtCheckEnumR2009a       000000018008f48a f   libemlrt:libemlrt.dll
 0001:0008e490       emlrtCreateEnumR2010a      000000018008f490 f   libemlrt:libemlrt.dll
 0001:0008e496       emlrtGetEnumElementR2009a  000000018008f496 f   libemlrt:libemlrt.dll
 0001:0008e49c       emlrtCreateReference       000000018008f49c f   libemlrt:libemlrt.dll
 0001:0008e4a2       emlrtImportVsFiArrayR2009b 000000018008f4a2 f   libemlrt:libemlrt.dll
 0001:0008e4a8       emlrtNameCapturePostProcessR2012a 000000018008f4a8 f   libemlrt:libemlrt.dll
 0001:0008e4ae       emlrtExtractMessageId      000000018008f4ae f   libemlrt:libemlrt.dll
 0001:0008e4b4       emlrtTranslateMessageIDtoLCPstring 000000018008f4b4 f   libemlrt:libemlrt.dll
 0001:0008e4ba       emlrtForLoopVectorIsValidR2011b 000000018008f4ba f   libemlrt:libemlrt.dll
 0001:0008e4c0       emlrtTranslateUTF16MessagetoLCPstring 000000018008f4c0 f   libemlrt:libemlrt.dll
 0001:0008e4c6       emlrtGetEnumUnderlyingArrayR2009a 000000018008f4c6 f   libemlrt:libemlrt.dll
 0001:0008e4cc       emlrtIsEnumR2009a          000000018008f4cc f   libemlrt:libemlrt.dll
 0001:0008e4d2       dgemm32                    000000018008f4d2 f   libmwblascompat32:libmwblascompat32.dll
 0001:0008e4d8       dgemv32                    000000018008f4d8 f   libmwblascompat32:libmwblascompat32.dll
 0001:0008e4de       drotg32                    000000018008f4de f   libmwblascompat32:libmwblascompat32.dll
 0001:0008e4e4       __GSHandlerCheckCommon     000000018008f4e4 f   MSVCRT:gshandler.obj
 0001:0008e548       __GSHandlerCheck           000000018008f548 f   MSVCRT:gshandler.obj
 0001:0008e566       strlen                     000000018008f566 f   MSVCRT:MSVCR100.dll
 0001:0008e580       __security_check_cookie    000000018008f580 f   MSVCRT:amdsecgs.obj
 0001:0008e5b0       __chkstk                   000000018008f5b0 f   MSVCRT:chkstk.obj
 0001:0008e5b0       _alloca_probe              000000018008f5b0     MSVCRT:chkstk.obj
 0001:0008e5fe       memset                     000000018008f5fe f   MSVCRT:MSVCR100.dll
 0001:0008e604       malloc                     000000018008f604 f   MSVCRT:MSVCR100.dll
 0001:0008e60a       free                       000000018008f60a f   MSVCRT:MSVCR100.dll
 0001:0008e610       strcmp                     000000018008f610 f   MSVCRT:MSVCR100.dll
 0001:0008e616       sprintf                    000000018008f616 f   MSVCRT:MSVCR100.dll
 0001:0008e61c       strcat                     000000018008f61c f   MSVCRT:MSVCR100.dll
 0001:0008e622       memcpy                     000000018008f622 f   MSVCRT:MSVCR100.dll
 0001:0008e628       NtCurrentTeb               000000018008f628 f i MSVCRT:crtdll.obj
 0001:0008e694       _CRT_INIT                  000000018008f694 f   MSVCRT:crtdll.obj
 0001:0008ea2c       _DllMainCRTStartup         000000018008fa2c f   MSVCRT:crtdll.obj
 0001:0008ea6a       strncpy                    000000018008fa6a f   MSVCRT:MSVCR100.dll
 0001:0008ea70       longjmp                    000000018008fa70 f   MSVCRT:MSVCR100.dll
 0001:0008ea76       strncmp                    000000018008fa76 f   MSVCRT:MSVCR100.dll
 0001:0008ea7c       ceil                       000000018008fa7c f   MSVCRT:MSVCR100.dll
 0001:0008ea82       strrchr                    000000018008fa82 f   MSVCRT:MSVCR100.dll
 0001:0008ea88       _setjmp                    000000018008fa88 f   MSVCRT:MSVCR100.dll
 0001:0008ea8e       calloc                     000000018008fa8e f   MSVCRT:MSVCR100.dll
 0001:0008ea94       realloc                    000000018008fa94 f   MSVCRT:MSVCR100.dll
 0001:0008ea9a       ldexp                      000000018008fa9a f   MSVCRT:MSVCR100.dll
 0001:0008eaa0       __report_gsfailure         000000018008faa0 f   MSVCRT:gs_report.obj
 0001:0008ebec       __clean_type_info_names    000000018008fbec f   MSVCRT:tncleanup.obj
 0001:0008ebf8       _onexit                    000000018008fbf8 f   MSVCRT:atonexit.obj
 0001:0008eca8       atexit                     000000018008fca8 f   MSVCRT:atonexit.obj
 0001:0008ecc0       _RTC_Initialize            000000018008fcc0 f   MSVCRT:_initsect_.obj
 0001:0008ecf8       _RTC_Terminate             000000018008fcf8 f   MSVCRT:_initsect_.obj
 0001:0008ed30       _malloc_crt                000000018008fd30 f   MSVCRT:MSVCR100.dll
 0001:0008ed40       _ValidateImageBase         000000018008fd40 f   MSVCRT:pesect.obj
 0001:0008ed70       _FindPESection             000000018008fd70 f   MSVCRT:pesect.obj
 0001:0008edc0       _IsNonwritableInCurrentImage 000000018008fdc0 f   MSVCRT:pesect.obj
 0001:0008ee02       _initterm                  000000018008fe02 f   MSVCRT:MSVCR100.dll
 0001:0008ee08       _initterm_e                000000018008fe08 f   MSVCRT:MSVCR100.dll
 0001:0008ee0e       _encoded_null              000000018008fe0e f   MSVCRT:MSVCR100.dll
 0001:0008ee14       _amsg_exit                 000000018008fe14 f   MSVCRT:MSVCR100.dll
 0001:0008ee1a       __C_specific_handler       000000018008fe1a f   MSVCRT:MSVCR100.dll
 0001:0008ee20       __CppXcptFilter            000000018008fe20 f   MSVCRT:MSVCR100.dll
 0001:0008ee28       DllMain                    000000018008fe28 f   MSVCRT:dllmain.obj
 0001:0008ee4c       __security_init_cookie     000000018008fe4c f   MSVCRT:gs_support.obj
 0001:0008ef00       __crt_debugger_hook        000000018008ff00 f   MSVCRT:MSVCR100.dll
 0001:0008ef06       __clean_type_info_names_internal 000000018008ff06 f   MSVCRT:MSVCR100.dll
 0001:0008ef0c       _unlock                    000000018008ff0c f   MSVCRT:MSVCR100.dll
 0001:0008ef12       __dllonexit                000000018008ff12 f   MSVCRT:MSVCR100.dll
 0001:0008ef18       _lock                      000000018008ff18 f   MSVCRT:MSVCR100.dll
 0001:0008ef1e       EncodePointer              000000018008ff1e f   kernel32:KERNEL32.dll
 0001:0008ef24       DecodePointer              000000018008ff24 f   kernel32:KERNEL32.dll
 0001:0008ef2a       Sleep                      000000018008ff2a f   kernel32:KERNEL32.dll
 0001:0008ef30       TerminateProcess           000000018008ff30 f   kernel32:KERNEL32.dll
 0001:0008ef36       GetCurrentProcess          000000018008ff36 f   kernel32:KERNEL32.dll
 0001:0008ef3c       UnhandledExceptionFilter   000000018008ff3c f   kernel32:KERNEL32.dll
 0001:0008ef42       SetUnhandledExceptionFilter 000000018008ff42 f   kernel32:KERNEL32.dll
 0001:0008ef48       IsDebuggerPresent          000000018008ff48 f   kernel32:KERNEL32.dll
 0001:0008ef4e       RtlVirtualUnwind           000000018008ff4e f   kernel32:KERNEL32.dll
 0001:0008ef54       RtlLookupFunctionEntry     000000018008ff54 f   kernel32:KERNEL32.dll
 0001:0008ef5a       RtlCaptureContext          000000018008ff5a f   kernel32:KERNEL32.dll
 0001:0008ef60       DisableThreadLibraryCalls  000000018008ff60 f   kernel32:KERNEL32.dll
 0001:0008ef66       QueryPerformanceCounter    000000018008ff66 f   kernel32:KERNEL32.dll
 0001:0008ef6c       GetTickCount               000000018008ff6c f   kernel32:KERNEL32.dll
 0001:0008ef72       GetCurrentThreadId         000000018008ff72 f   kernel32:KERNEL32.dll
 0001:0008ef78       GetCurrentProcessId        000000018008ff78 f   kernel32:KERNEL32.dll
 0001:0008ef7e       GetSystemTimeAsFileTime    000000018008ff7e f   kernel32:KERNEL32.dll
 0002:00000000       __imp_DisableThreadLibraryCalls 0000000180091000     kernel32:KERNEL32.dll
 0002:00000008       __imp_RtlCaptureContext    0000000180091008     kernel32:KERNEL32.dll
 0002:00000010       __imp_RtlLookupFunctionEntry 0000000180091010     kernel32:KERNEL32.dll
 0002:00000018       __imp_RtlVirtualUnwind     0000000180091018     kernel32:KERNEL32.dll
 0002:00000020       __imp_IsDebuggerPresent    0000000180091020     kernel32:KERNEL32.dll
 0002:00000028       __imp_SetUnhandledExceptionFilter 0000000180091028     kernel32:KERNEL32.dll
 0002:00000030       __imp_UnhandledExceptionFilter 0000000180091030     kernel32:KERNEL32.dll
 0002:00000038       __imp_GetCurrentProcess    0000000180091038     kernel32:KERNEL32.dll
 0002:00000040       __imp_TerminateProcess     0000000180091040     kernel32:KERNEL32.dll
 0002:00000048       __imp_Sleep                0000000180091048     kernel32:KERNEL32.dll
 0002:00000050       __imp_DecodePointer        0000000180091050     kernel32:KERNEL32.dll
 0002:00000058       __imp_EncodePointer        0000000180091058     kernel32:KERNEL32.dll
 0002:00000060       __imp_GetTickCount         0000000180091060     kernel32:KERNEL32.dll
 0002:00000068       __imp_GetCurrentThreadId   0000000180091068     kernel32:KERNEL32.dll
 0002:00000070       __imp_GetCurrentProcessId  0000000180091070     kernel32:KERNEL32.dll
 0002:00000078       __imp_GetSystemTimeAsFileTime 0000000180091078     kernel32:KERNEL32.dll
 0002:00000080       __imp_QueryPerformanceCounter 0000000180091080     kernel32:KERNEL32.dll
 0002:00000088       \177KERNEL32_NULL_THUNK_DATA 0000000180091088     kernel32:KERNEL32.dll
 0002:00000090       __imp__onexit              0000000180091090     MSVCRT:MSVCR100.dll
 0002:00000098       __imp__lock                0000000180091098     MSVCRT:MSVCR100.dll
 0002:000000a0       __imp___dllonexit          00000001800910a0     MSVCRT:MSVCR100.dll
 0002:000000a8       __imp__unlock              00000001800910a8     MSVCRT:MSVCR100.dll
 0002:000000b0       __imp___clean_type_info_names_internal 00000001800910b0     MSVCRT:MSVCR100.dll
 0002:000000b8       __imp___crt_debugger_hook  00000001800910b8     MSVCRT:MSVCR100.dll
 0002:000000c0       __imp___CppXcptFilter      00000001800910c0     MSVCRT:MSVCR100.dll
 0002:000000c8       __imp___C_specific_handler 00000001800910c8     MSVCRT:MSVCR100.dll
 0002:000000d0       __imp__amsg_exit           00000001800910d0     MSVCRT:MSVCR100.dll
 0002:000000d8       __imp__encoded_null        00000001800910d8     MSVCRT:MSVCR100.dll
 0002:000000e0       __imp__initterm_e          00000001800910e0     MSVCRT:MSVCR100.dll
 0002:000000e8       __imp__initterm            00000001800910e8     MSVCRT:MSVCR100.dll
 0002:000000f0       __imp__malloc_crt          00000001800910f0     MSVCRT:MSVCR100.dll
 0002:000000f8       __imp_ldexp                00000001800910f8     MSVCRT:MSVCR100.dll
 0002:00000100       __imp_realloc              0000000180091100     MSVCRT:MSVCR100.dll
 0002:00000108       __imp_calloc               0000000180091108     MSVCRT:MSVCR100.dll
 0002:00000110       __imp__setjmp              0000000180091110     MSVCRT:MSVCR100.dll
 0002:00000118       __imp_strrchr              0000000180091118     MSVCRT:MSVCR100.dll
 0002:00000120       __imp_ceil                 0000000180091120     MSVCRT:MSVCR100.dll
 0002:00000128       __imp_strncmp              0000000180091128     MSVCRT:MSVCR100.dll
 0002:00000130       __imp_longjmp              0000000180091130     MSVCRT:MSVCR100.dll
 0002:00000138       __imp_strncpy              0000000180091138     MSVCRT:MSVCR100.dll
 0002:00000140       __imp_memcpy               0000000180091140     MSVCRT:MSVCR100.dll
 0002:00000148       __imp_strcat               0000000180091148     MSVCRT:MSVCR100.dll
 0002:00000150       __imp_sprintf              0000000180091150     MSVCRT:MSVCR100.dll
 0002:00000158       __imp_strcmp               0000000180091158     MSVCRT:MSVCR100.dll
 0002:00000160       __imp_free                 0000000180091160     MSVCRT:MSVCR100.dll
 0002:00000168       __imp_malloc               0000000180091168     MSVCRT:MSVCR100.dll
 0002:00000170       __imp_memset               0000000180091170     MSVCRT:MSVCR100.dll
 0002:00000178       __imp_strlen               0000000180091178     MSVCRT:MSVCR100.dll
 0002:00000180       \177MSVCR100_NULL_THUNK_DATA 0000000180091180     MSVCRT:MSVCR100.dll
 0002:00000188       __imp_emlrtGetEnumElementR2009a 0000000180091188     libemlrt:libemlrt.dll
 0002:00000190       __imp_emlrtCreateEnumR2010a 0000000180091190     libemlrt:libemlrt.dll
 0002:00000198       __imp_emlrtCheckEnumR2009a 0000000180091198     libemlrt:libemlrt.dll
 0002:000001a0       __imp_emlrtCheckVsBuiltInCtxR2011a 00000001800911a0     libemlrt:libemlrt.dll
 0002:000001a8       __imp_emlrtIsEnumR2009a    00000001800911a8     libemlrt:libemlrt.dll
 0002:000001b0       __imp_emlrtGetEnumUnderlyingArrayR2009a 00000001800911b0     libemlrt:libemlrt.dll
 0002:000001b8       __imp_emlrtTranslateUTF16MessagetoLCPstring 00000001800911b8     libemlrt:libemlrt.dll
 0002:000001c0       __imp_emlrtCheckBuiltInCtxR2011a 00000001800911c0     libemlrt:libemlrt.dll
 0002:000001c8       __imp_emlrtImportVsFiArrayR2009b 00000001800911c8     libemlrt:libemlrt.dll
 0002:000001d0       __imp_emlrtNameCapturePostProcessR2012a 00000001800911d0     libemlrt:libemlrt.dll
 0002:000001d8       __imp_emlrtExtractMessageId 00000001800911d8     libemlrt:libemlrt.dll
 0002:000001e0       __imp_emlrtTranslateMessageIDtoLCPstring 00000001800911e0     libemlrt:libemlrt.dll
 0002:000001e8       __imp_emlrtForLoopVectorIsValidR2011b 00000001800911e8     libemlrt:libemlrt.dll
 0002:000001f0       __imp_emlrtCreateReference 00000001800911f0     libemlrt:libemlrt.dll
 0002:000001f8       \177libemlrt_NULL_THUNK_DATA 00000001800911f8     libemlrt:libemlrt.dll
 0002:00000200       __imp_ssRegisterDataTypeFxpFSlopeFixExpBias 0000000180091200     libfixedpoint:libfixedpoint.dll
 0002:00000208       \177libfixedpoint_NULL_THUNK_DATA 0000000180091208     libfixedpoint:libfixedpoint.dll
 0002:00000210       __imp_mexGetVariable       0000000180091210     libmex:libmex.dll
 0002:00000218       __imp_mexFunctionName      0000000180091218     libmex:libmex.dll
 0002:00000220       __imp_mexPutVariable       0000000180091220     libmex:libmex.dll
 0002:00000228       __imp_mexMakeMemoryPersistent 0000000180091228     libmex:libmex.dll
 0002:00000230       __imp_mexLock              0000000180091230     libmex:libmex.dll
 0002:00000238       __imp_mexMakeArrayPersistent 0000000180091238     libmex:libmex.dll
 0002:00000240       __imp_mexErrMsgTxt         0000000180091240     libmex:libmex.dll
 0002:00000248       __imp_mexCallMATLAB        0000000180091248     libmex:libmex.dll
 0002:00000250       __imp_mexWarnMsgTxt        0000000180091250     libmex:libmex.dll
 0002:00000258       __imp_mexIsLocked          0000000180091258     libmex:libmex.dll
 0002:00000260       __imp_mexUnlock            0000000180091260     libmex:libmex.dll
 0002:00000268       __imp_mexSetTrapFlag       0000000180091268     libmex:libmex.dll
 0002:00000270       \177libmex_NULL_THUNK_DATA 0000000180091270     libmex:libmex.dll
[...]
 0001:00066620       sf_numeric_value_to_double 0000000180067620 f   sfc_mex:sfc_mex.obj
 0001:00066670       ml_generic_out_of_bounds_check 0000000180067670 f   sfc_mex:sfc_mex.obj
 0001:00066840       ml_get_element_value_from_array 0000000180067840 f   sfc_mex:sfc_mex.obj
 0001:00066be0       _ml_generic_castability_check 0000000180067be0 f   sfc_mex:sfc_mex.obj
 0001:00067940       ml_generic_castability_check 0000000180068940 f   sfc_mex:sfc_mex.obj
 0001:000679e0       ml_check_mx_array_for_single_castability 00000001800689e0 f   sfc_mex:sfc_mex.obj
 0001:00067a80       ml_check_mx_array_for_logical_castability 0000000180068a80 f   sfc_mex:sfc_mex.obj
 0001:00067b20       ml_check_mx_array_for_int8_castability 0000000180068b20 f   sfc_mex:sfc_mex.obj
 0001:00067bd0       ml_check_mx_array_for_uint8_castability 0000000180068bd0 f   sfc_mex:sfc_mex.obj
 0001:00067c30       ml_check_mx_array_for_int16_castability 0000000180068c30 f   sfc_mex:sfc_mex.obj
 0001:00067c90       ml_check_mx_array_for_uint16_castability 0000000180068c90 f   sfc_mex:sfc_mex.obj
 0001:00067cf0       ml_check_mx_array_for_int32_castability 0000000180068cf0 f   sfc_mex:sfc_mex.obj
 0001:00067d50       ml_check_mx_array_for_uint32_castability 0000000180068d50 f   sfc_mex:sfc_mex.obj
 0001:00067db0       ml_check_mx_array_for_castability 0000000180068db0 f   sfc_mex:sfc_mex.obj
 0001:000686e0       set_data_value             00000001800696e0 f   sfc_mex:sfc_mex.obj
 0001:00068a50       get_data_value             0000000180069a50 f   sfc_mex:sfc_mex.obj
 0001:00068b60       get_next_element_address   0000000180069b60 f   sfc_mex:sfc_mex.obj
 0001:00068c30       sf_normalize_index         0000000180069c30 f   sfc_mex:sfc_mex.obj
 0001:00068fc0       ml_array_index_bound_check 0000000180069fc0 f   sfc_mex:sfc_mex.obj
 0001:00069ae0       mx_value                   000000018006aae0 f   sfc_mex:sfc_mex.obj
 0001:00069b30       sf_create_numeric_array    000000018006ab30 f   sfc_mex:sfc_mex.obj
 0001:00069bd0       sf_mex_assign_to_mx_array  000000018006abd0 f   sfc_mex:sfc_mex.obj
 0001:00069f20       assign_from_mx_array       000000018006af20 f   sfc_mex:sfc_mex.obj
 0001:0006a750       sf_mex_import_v            000000018006b750 f   sfc_mex:sfc_mex.obj
 0001:0006ae50       get_machine_and_chart_file_number 000000018006be50 f   sfc_mex:sfc_sf.obj
 0001:0006af40       get_sfun_block_specialization 000000018006bf40 f   sfc_mex:sfc_sf.obj
 0001:0006aff0       call_sf_machine_global_method_dispatcher 000000018006bff0 f   sfc_mex:sfc_sf.obj
 0001:0006b240       mdl_zeroCrossings_processing 000000018006c240 f   sfc_mex:sfc_sf.obj
 0001:0006b310       mdl_derivatives_processing 000000018006c310 f   sfc_mex:sfc_sf.obj
 0001:0006b5d0       mdl_outputs_continuous_legacy 000000018006c5d0 f   sfc_mex:sfc_sf.obj
 0001:0006b650       mdl_outputs_processing     000000018006c650 f   sfc_mex:sfc_sf.obj
 0001:0006b880       mdl_enable_processing      000000018006c880 f   sfc_mex:sfc_sf.obj
 0001:0006b950       mdl_disable_processing     000000018006c950 f   sfc_mex:sfc_sf.obj
 0001:0006c6c0       sf_call_output_fcn_enable_disable 000000018006d6c0 f   sfc_mex:sfc_sf.obj
 0001:0006c940       set_dwork_information_from_mx_array 000000018006d940 f   sfc_mex:sfc_sf.obj
 0001:0006d200       ptr2mxStruct               000000018006e200 f   sfc_mex:sfc_sf.obj
 0001:0006d510       SNPRINTF_WRAPPER           000000018006e510 f   sfc_debug:sfcdebug.obj
 0001:0006d530       sf_debug_chart_instance_initialized_quick 000000018006e530 f   sfc_debug:sfcdebug.obj
 0001:0006d540       sf_debug_chart_instance_initialized 000000018006e540 f   sfc_debug:sfcdebug.obj
 0001:0006d6e0       sfrtAddSize                000000018006e6e0 f   sfc_debug:sfcdebug.obj
 0001:0006d7a0       sfrtGenSizeString          000000018006e7a0 f   sfc_debug:sfcdebug.obj
 0001:0006deb0       fill_single_message_info   000000018006eeb0 f   sfc_debug:sfcdebug.obj
 0001:0006e070       sf_debug_sim_status_listener 000000018006f070 f   sfc_debug:sfcdebug.obj
 0001:0006e5e0       sf_debug_form_mask_bits    000000018006f5e0 f   sfc_debug:sfcdebug.obj
 0001:0006e620       sf_debug_form_sf_data_type_offsets 000000018006f620 f   sfc_debug:sfcdebug.obj
 0001:0006e6e0       sf_debug_free_all          000000018006f6e0 f   sfc_debug:sfcdebug.obj
 0001:0006e890       sf_debug_append_debugger_context 000000018006f890 f   sfc_debug:sfcdebug.obj
 0001:0006eb50       local_strdup               000000018006fb50 f   sfc_debug:sfcdebug.obj
 0001:0006fa30       sf_debug_em_terminate      0000000180070a30 f   sfc_debug:sfcdebug.obj
 0001:0006fa70       sf_debug_push_eml_function 0000000180070a70 f   sfc_debug:sfcdebug.obj
 0001:0006fb10       sf_debug_pop_eml_function  0000000180070b10 f   sfc_debug:sfcdebug.obj
 0001:00070810       sf_debug_get_machine_number_from_id_or_name 0000000180071810 f   sfc_debug:sfcdebug.obj
 0001:00070960       sf_debug_get_chart_number_from_id 0000000180071960 f   sfc_debug:sfcdebug.obj
 0001:000715d0       sf_debug_transfer_control_to_debugger_GUI 00000001800725d0 f   sfc_debug:sfcdebug.obj
 0001:00072560       sf_debug_scripts_rehash    0000000180073560 f   sfc_debug:sfcdebug.obj
 0001:000727a0       sf_debug_get_script_line_count 00000001800737a0 f   sfc_debug:sfcdebug.obj
 0001:000730d0       cv_eml_state_cvId          00000001800740d0 f   sfc_debug:sfcdebug.obj
 0001:00073140       cv_eml_trans_cvId          0000000180074140 f   sfc_debug:sfcdebug.obj
 0001:00074400       sf_debug_data_array_bounds_error 0000000180075400 f   sfc_debug:sfcdebug.obj
 0001:00074830       eml_debug_runtime_error_doclink 0000000180075830 f   sfc_debug:sfcdebug.obj
 0001:000749b0       sf_debug_runtime_error     00000001800759b0 f   sfc_debug:sfcdebug.obj
 0001:00074a20       sf_debug_matlab_error      0000000180075a20 f   sfc_debug:sfcdebug.obj
 0001:00075350       sf_debug_data_value_error  0000000180076350 f   sfc_debug:sfcdebug.obj
 0001:00075c50       sf_debug_data_loss_error   0000000180076c50 f   sfc_debug:sfcdebug.obj
 0001:00076b70       call_cv_range_check        0000000180077b70 f   sfc_debug:sfcdebug.obj
 0001:00077340       sf_debug_invoke_cycle_detection_code 0000000180078340 f   sfc_debug:sfcdebug.obj
 0001:00078420       sf_reset_debug_info_struct 0000000180079420 f   sfc_debug:sfcdebug.obj
 0001:00078d10       cv_script_cvId             0000000180079d10 f   sfc_debug:sfcdebug.obj
 0001:00079a60       sfc_api_chart_visible      000000018007aa60 f   sfc_debug:sfc_api.obj
 0001:00079ae0       sfc_api_active_instance    000000018007aae0 f   sfc_debug:sfc_api.obj
 0001:00079b60       sfc_api_machine_load       000000018007ab60 f   sfc_debug:sfc_api.obj
 0001:00079c30       sfc_api_debugger_alive     000000018007ac30 f   sfc_debug:sfc_api.obj
 0001:00079c40       sfc_api_go                 000000018007ac40 f   sfc_debug:sfc_api.obj
 0001:00079c50       sfc_api_step_over          000000018007ac50 f   sfc_debug:sfc_api.obj
 0001:00079c60       sfc_api_step_out           000000018007ac60 f   sfc_debug:sfc_api.obj
 0001:00079c70       sfc_api_resume             000000018007ac70 f   sfc_debug:sfc_api.obj
 0001:00079c80       sfc_api_break              000000018007ac80 f   sfc_debug:sfc_api.obj
 0001:00079c90       sfc_api_stop_debugging     000000018007ac90 f   sfc_debug:sfc_api.obj
 0001:00079ce0       sfc_api_is_cycle_detected  000000018007ace0 f   sfc_debug:sfc_api.obj
 0001:00079d30       sfc_api_is_array_bounds_detected 000000018007ad30 f   sfc_debug:sfc_api.obj
 0001:00079d80       sfc_api_set_disable_all_breakpoints 000000018007ad80 f   sfc_debug:sfc_api.obj
 0001:00079df0       sfc_api_disable_all_breakpoints_and_go 000000018007adf0 f   sfc_debug:sfc_api.obj
 0001:00079e00       sfc_api_close              000000018007ae00 f   sfc_debug:sfc_api.obj
 0001:00079e10       sfc_api_browse_data        000000018007ae10 f   sfc_debug:sfc_api.obj
 0001:00079e80       sfc_api_watch_data         000000018007ae80 f   sfc_debug:sfc_api.obj
 0001:00079f20       sfc_api_extract_message_post_receive_info 000000018007af20 f   sfc_debug:sfc_api.obj
 0001:00079f40       sfc_api_assign_data        000000018007af40 f   sfc_debug:sfc_api.obj
 0001:00079fe0       sfc_api_whos               000000018007afe0 f   sfc_debug:sfc_api.obj
 0001:0007a070       sfc_api_get_consistency_info 000000018007b070 f   sfc_debug:sfc_api.obj
 0001:0007a080       sfc_api_browse_trace       000000018007b080 f   sfc_debug:sfc_api.obj
 0001:0007a090       sfc_api_break_on_chart_entry 000000018007b090 f   sfc_debug:sfc_api.obj
 0001:0007a0b0       sfc_api_break_on_event_broadcast 000000018007b0b0 f   sfc_debug:sfc_api.obj
 0001:0007a0d0       sfc_api_break_on_state_entry 000000018007b0d0 f   sfc_debug:sfc_api.obj
 0001:0007a0f0       sfc_api_set_watch          000000018007b0f0 f   sfc_debug:sfc_api.obj
 0001:0007a190       sfc_api_set_breakpoints    000000018007b190 f   sfc_debug:sfc_api.obj
 0001:0007a230       sfc_api_set_eml_breakpoints 000000018007b230 f   sfc_debug:sfc_api.obj
 0001:0007a2b0       sfc_api_set_script_breakpoints 000000018007b2b0 f   sfc_debug:sfc_api.obj
 0001:0007a300       sfc_api_add_script_breakpoints 000000018007b300 f   sfc_debug:sfc_api.obj
 0001:0007a350       sfc_api_clear_script_breakpoints 000000018007b350 f   sfc_debug:sfc_api.obj
 0001:0007a3a0       sfc_api_query_script_breakpoints 000000018007b3a0 f   sfc_debug:sfc_api.obj
 0001:0007a400       sfc_api_get_script_id      000000018007b400 f   sfc_debug:sfc_api.obj
 0001:0007a4c0       sfc_api_get_active_states  000000018007b4c0 f   sfc_debug:sfc_api.obj
 0001:0007a540       sfc_api_break_between_times 000000018007b540 f   sfc_debug:sfc_api.obj
 0001:0007a5a0       sfc_api_get_instance_handle 000000018007b5a0 f   sfc_debug:sfc_api.obj
 0001:0007a650       sfc_api_set_animation      000000018007b650 f   sfc_debug:sfc_api.obj
 0001:0007a6a0       sfc_api_select_chart       000000018007b6a0 f   sfc_debug:sfc_api.obj
 0001:0007a700       sfc_api_select_charts      000000018007b700 f   sfc_debug:sfc_api.obj
 0001:0007a730       sfc_api_cycle_detection_check 000000018007b730 f   sfc_debug:sfc_api.obj
 0001:0007a780       sfc_api_data_range_check   000000018007b780 f   sfc_debug:sfc_api.obj
 0001:0007a7d0       sfc_api_transition_conflict_check 000000018007b7d0 f   sfc_debug:sfc_api.obj
 0001:0007a820       sfc_api_state_consistency_check 000000018007b820 f   sfc_debug:sfc_api.obj
 0001:0007a870       sfc_api_set_instance_cv_ids 000000018007b870 f   sfc_debug:sfc_api.obj
 0001:0007a980       sfc_api_set_script_cv_ids  000000018007b980 f   sfc_debug:sfc_api.obj
 0001:0007aa30       sfc_api_get_current_machine_id 000000018007ba30 f   sfc_debug:sfc_api.obj
 0001:0007aa60       sfc_api_get_current_machine_number 000000018007ba60 f   sfc_debug:sfc_api.obj
 0001:0007aa90       sfc_api_get_current_chart_number 000000018007ba90 f   sfc_debug:sfc_api.obj
 0001:0007aac0       sfc_api_get_current_instance_number 000000018007bac0 f   sfc_debug:sfc_api.obj
 0001:0007aaf0       sfc_api_get_current_instance_handle 000000018007baf0 f   sfc_debug:sfc_api.obj
 0001:0007ab10       sfc_api_get_current_is_minor_time_step 000000018007bb10 f   sfc_debug:sfc_api.obj
 0001:0007ab40       sfc_api_get_current_machine_name 000000018007bb40 f   sfc_debug:sfc_api.obj
 0001:0007ab60       sfc_api_get_current_chart_id 000000018007bb60 f   sfc_debug:sfc_api.obj
 0001:0007ab90       sfc_api_get_current_object_type 000000018007bb90 f   sfc_debug:sfc_api.obj
 0001:0007abc0       sfc_api_get_current_event_type 000000018007bbc0 f   sfc_debug:sfc_api.obj
 0001:0007abf0       sfc_api_get_current_object_id 000000018007bbf0 f   sfc_debug:sfc_api.obj
 0001:0007ac20       sfc_get_current_active_event_type 000000018007bc20 f   sfc_debug:sfc_api.obj
 0001:0007ac50       sfc_api_get_current_active_event_id 000000018007bc50 f   sfc_debug:sfc_api.obj
 0001:0007ac80       sfc_api_get_current_simulation_time 000000018007bc80 f   sfc_debug:sfc_api.obj
 0001:0007aca0       sfc_get_current_tag_type   000000018007bca0 f   sfc_debug:sfc_api.obj
 0001:0007acd0       sfc_get_current_coverage_percentage 000000018007bcd0 f   sfc_debug:sfc_api.obj
 0001:0007acf0       sfc_get_current_statement_context 000000018007bcf0 f   sfc_debug:sfc_api.obj
 0001:0007ad10       sfc_get_current_optional_integer 000000018007bd10 f   sfc_debug:sfc_api.obj
 0001:0007ad40       sfc_get_current_statement_info 000000018007bd40 f   sfc_debug:sfc_api.obj
 0001:0007ade0       sfc_api_get                000000018007bde0 f   sfc_debug:sfc_api.obj
 0001:0007af40       sf_debug_sm_is_using_unified_editors 000000018007bf40 f   sfc_debug:sfdb_animation.obj
 0001:0007afe0       sf_debug_sm_is_chart_visible_in_unified_editors 000000018007bfe0 f   sfc_debug:sfdb_animation.obj
 0001:0007b0a0       sf_debug_sm_check_if_chart_is_visible 000000018007c0a0 f   sfc_debug:sfdb_animation.obj
 0001:0007bba0       sf_debug_sm_fill_state_activity_data 000000018007cba0 f   sfc_debug:sfdb_animation.obj
 0001:0007e3d0       void_ptr_stack_vector_free_total 000000018007f3d0 f   sfc_debug:sfdb_data_browse.obj
 0001:0007e460       sf_debug_st_terminate_machine 000000018007f460 f   sfc_debug:sfdb_data_browse.obj
 0001:0007e4a0       sf_debug_st_terminate_instance 000000018007f4a0 f   sfc_debug:sfdb_data_browse.obj
 0001:0007e850       push_on_to_void_ptr_stack  000000018007f850 f   sfc_debug:sfdb_data_browse.obj
 0001:0007e9e0       pop_from_void_ptr_stack    000000018007f9e0 f   sfc_debug:sfdb_data_browse.obj
 0001:0007eb10       sf_debug_st_get_data_value 000000018007fb10 f   sfc_debug:sfdb_data_browse.obj
 0001:0007f0a0       mx_value                   00000001800800a0 f   sfc_debug:sfdb_data_browse.obj
 0001:0007f0e0       sf_debug_st_fill_data_struct 00000001800800e0 f   sfc_debug:sfdb_data_browse.obj
 0001:0007f420       data_type_format_strings   0000000180080420 f   sfc_debug:sfdb_data_browse.obj
 0001:0007f4d0       sf_debug_st_fill_data      00000001800804d0 f   sfc_debug:sfdb_data_browse.obj
 0001:00080220       sf_debug_hm_get_simulink_handle 0000000180081220 f   sfc_debug:sfdb_handle_management.obj
 0001:00080d70       sf_debug_hm_initialize_globals 0000000180081d70 f   sfc_debug:sfdb_handle_management.obj
 0001:00080e70       sf_debug_hm_get_machine_debug_flag 0000000180081e70 f   sfc_debug:sfdb_handle_management.obj
 0001:00080fe0       sf_debug_hm_get_machine_id 0000000180081fe0 f   sfc_debug:sfdb_handle_management.obj
 0001:00081100       sf_debug_hm_get_chart_id   0000000180082100 f   sfc_debug:sfdb_handle_management.obj
 0001:000812a0       sf_debug_hm_register_executing_SFunction 00000001800822a0 f   sfc_debug:sfdb_handle_management.obj
 0001:00081440       sf_debug_hm_get_chart_active_instance 0000000180082440 f   sfc_debug:sfdb_handle_management.obj
 0001:000815b0       sf_debug_hm_get_chart_visibility 00000001800825b0 f   sfc_debug:sfdb_handle_management.obj
 0001:00081700       sf_debug_hm_form_object_boolean_properties 0000000180082700 f   sfc_debug:sfdb_handle_management.obj
 0001:000819d0       sf_debug_hm_form_object_properties 00000001800829d0 f   sfc_debug:sfdb_handle_management.obj
 0001:00081c10       sf_debug_hm_terminate_charts 0000000180082c10 f   sfc_debug:sfdb_handle_management.obj
 0001:00082380       sf_debug_hm_terminate_machines 0000000180083380 f   sfc_debug:sfdb_handle_management.obj
 0001:00083fd0       sf_debug_ss_copy_dimension 0000000180084fd0 f   sfc_debug:sfdb_symbol_scope.obj
 0001:00084090       sf_debug_ss_get_number_elements 0000000180085090 f   sfc_debug:sfdb_symbol_scope.obj
 0001:000840b0       sf_debug_ss_fill_data_struct 00000001800850b0 f   sfc_debug:sfdb_symbol_scope.obj
 0001:00084400       sf_debug_ss_reset_data_info 0000000180085400 f   sfc_debug:sfdb_symbol_scope.obj
 0001:00084460       sf_debug_fill_data_info_by_symbol_scope_entry 0000000180085460 f   sfc_debug:sfdb_symbol_scope.obj
 0001:00084520       sf_debug_fill_data_info_by_data_vector 0000000180085520 f   sfc_debug:sfdb_symbol_scope.obj
 0001:00084770       sf_debug_ss_get_data_info  0000000180085770 f   sfc_debug:sfdb_symbol_scope.obj
 0001:00084a60       sf_debug_select_mex_function 0000000180085a60 f   sfc_debug:sfdb_symbol_scope.obj
 0001:00084a90       sf_debug_is_dyn_matrix_initialized 0000000180085a90 f   sfc_debug:sfdb_symbol_scope.obj
 0001:00084ab0       sf_debug_ss_set_data_value_try 0000000180085ab0 f   sfc_debug:sfdb_symbol_scope.obj
 0001:00084c80       sf_debug_ss_get_data_value 0000000180085c80 f   sfc_debug:sfdb_symbol_scope.obj
 0001:000851d0       sf_debug_ss_data_bytes_string 00000001800861d0 f   sfc_debug:sfdb_symbol_scope.obj
 0001:00085280       sf_debug_ss_data_class_string 0000000180086280 f   sfc_debug:sfdb_symbol_scope.obj
 0001:00085610       sf_debug_ss_data_size_string 0000000180086610 f   sfc_debug:sfdb_symbol_scope.obj
 0001:000856f0       sf_debug_ss_data_create_data_info_struct 00000001800866f0 f   sfc_debug:sfdb_symbol_scope.obj
 0001:000859c0       sf_debug_ss_data_create_name_value_pair 00000001800869c0 f   sfc_debug:sfdb_symbol_scope.obj
 0001:00085a60       sf_debug_ss_data_get_whos_info 0000000180086a60 f   sfc_debug:sfdb_symbol_scope.obj
 0001:00085a70       same_named_data_in_data_array 0000000180086a70 f   sfc_debug:sfdb_symbol_scope.obj
 0001:000872e0       sf_debug_cc_terminate_chart 00000001800882e0 f   sfc_debug:sfdb_coverage.obj
 0001:00087680       sf_debug_cc_terminate_instance 0000000180088680 f   sfc_debug:sfdb_coverage.obj
 0001:00088270       sf_debug_cc_mark_object_if_needed 0000000180089270 f   sfc_debug:sfdb_coverage.obj
 0001:00088b70       sf_debug_bm_initialize_eml 0000000180089b70 f   sfc_debug:sfdb_breakpoints.obj
 0001:00089ce0       sf_debug_bm_map_debug_tag_to_breakpoint_tag 000000018008ace0 f   sfc_debug:sfdb_breakpoints.obj
 0001:00089dc0       sf_debug_bm_is_a_eml_breakpoint_impl 000000018008adc0 f   sfc_debug:sfdb_breakpoints.obj
 0001:0008b840       sf_debug_sc_push_on_error_stack 000000018008c840 f   sfc_debug:sfdb_state_consistency.obj
 0001:0008b970       sf_debug_sc_reset_error_stack 000000018008c970 f   sfc_debug:sfdb_state_consistency.obj
 0001:0008bb00       sf_debug_sc_is_state_inconsistent 000000018008cb00 f   sfc_debug:sfdb_state_consistency.obj
 0001:0008be00       sf_debug_sc_fill_consistency_info 000000018008ce00 f   sfc_debug:sfdb_state_consistency.obj
 0001:0008c3e0       void_assertion_fcn         000000018008d3e0 f   sfc_debug:sfdb_call_stack.obj
 0001:0008c960       sf_debug_tm_fill_local_trace 000000018008d960 f   sfc_debug:sfdb_call_stack.obj
 0001:0008cf30       sf_debug_cd_terminate_instance 000000018008df30 f   sfc_debug:sfdb_cycle_detection.obj
 0001:0008cf90       sf_debug_cd_free_checksum_stack 000000018008df90 f   sfc_debug:sfdb_cycle_detection.obj
 0001:0008cfe0       sf_debug_cd_reset_pack_strings 000000018008dfe0 f   sfc_debug:sfdb_cycle_detection.obj
 0001:0008d6a0       md5file_clear              000000018008e6a0 f   sfc_debug:ckmd5.obj
 0001:0008d6d0       Encode                     000000018008e6d0 f   sfc_debug:ckmd5.obj
 0001:0008d720       Decode                     000000018008e720 f   sfc_debug:ckmd5.obj
 0001:0008d7c0       MD5Transform               000000018008e7c0 f   sfc_debug:ckmd5.obj
 0001:0008e010       md5file_addn               000000018008f010 f   sfc_debug:ckmd5.obj
 0001:0008e0e0       md5file_hash               000000018008f0e0 f   sfc_debug:ckmd5.obj
 0001:0008e634       pre_c_init                 000000018008f634 f   MSVCRT:crtdll.obj
 0001:0008e8f0       __DllMainCRTStartup        000000018008f8f0 f   MSVCRT:crtdll.obj
 0001:0008ef90       __DllMainCRTStartup$filt$0 000000018008ff90 f   MSVCRT:crtdll.obj
 0001:0008efc0       __DllMainCRTStartup$fin$1  000000018008ffc0 f   MSVCRT:crtdll.obj
 0001:0008efda       _onexit$fin$0              000000018008ffda f   MSVCRT:atonexit.obj
 0001:0008f000       _IsNonwritableInCurrentImage$filt$0 0000000180090000 f   MSVCRT:pesect.obj
