 mpcSetpointIntpt_sfun

 Timestamp is 53e0b28a (Tue Aug 05 11:31:38 2014)

 Preferred load address is 0000000180000000

 Start         Length     Name                   Class
 0001:00000000 0008c3d4H .text                   CODE
 0001:0008c3e0 00000092H .text$x                 CODE
 0002:00000000 000004c0H .idata$5                DATA
 0002:000004c0 00000008H .CRT$XCA                DATA
 0002:000004c8 00000008H .CRT$XCZ                DATA
 0002:000004d0 00000008H .CRT$XIA                DATA
 0002:000004d8 00000008H .CRT$XIAA               DATA
 0002:000004e0 00000008H .CRT$XIZ                DATA
 0002:000004f0 00004bccH .rdata                  DATA
 0002:000050c0 00000008H .rtc$IAA                DATA
 0002:000050c8 00000008H .rtc$IZZ                DATA
 0002:000050d0 00000008H .rtc$TAA                DATA
 0002:000050d8 00000008H .rtc$TZZ                DATA
 0002:000050e0 0000479cH .xdata                  DATA
 0002:0000987c 000000b4H .idata$2                DATA
 0002:00009930 00000014H .idata$3                DATA
 0002:00009948 000004c0H .idata$4                DATA
 0002:00009e08 00000afcH .idata$6                DATA
 0002:0000a910 0000005bH .edata                  DATA
 0003:00000000 00012f2cH .data                   DATA
 0003:00012f40 00149158H .bss                    DATA
 0004:00000000 00003834H .pdata                  DATA

  Address         Publics by Value              Rva+Base               Lib:Object

 0000:00000000       ___safe_se_handler_table   0000000000000000     <absolute>
 0000:00000000       ___safe_se_handler_count   0000000000000000     <absolute>
 0000:00000000       __ImageBase                0000000180000000     <linker-defined>
 0001:00000000       sf_c2_mpcSetpointIntpt_get_eml_resolved_functions_info 0000000180001000 f   c2_mpcSetpointIntpt.obj
 0001:0000a9a0       sf_c2_mpcSetpointIntpt_get_check_sum 000000018000b9a0 f   c2_mpcSetpointIntpt.obj
 0001:0000aa20       sf_c2_mpcSetpointIntpt_get_autoinheritance_info 000000018000ba20 f   c2_mpcSetpointIntpt.obj
 0001:0000c8e0       sf_internal_get_sim_state_c2_mpcSetpointIntpt 000000018000d8e0 f   c2_mpcSetpointIntpt.obj
 0001:0000cd60       sf_internal_set_sim_state_c2_mpcSetpointIntpt 000000018000dd60 f   c2_mpcSetpointIntpt.obj
 0001:0000d420       c2_mpcSetpointIntpt_method_dispatcher 000000018000e420 f   c2_mpcSetpointIntpt.obj
 0001:0005a290       sf_process_check_sum_call  000000018005b290 f   mpcSetpointIntpt_sfun_registry.obj
 0001:0005a2e0       sf_process_autoinheritance_call 000000018005b2e0 f   mpcSetpointIntpt_sfun_registry.obj
 0001:0005a480       sf_process_get_eml_resolved_functions_info_call 000000018005b480 f   mpcSetpointIntpt_sfun_registry.obj
 0001:0005a600       sf_mex_unlock_call         000000018005b600 f   mpcSetpointIntpt_sfun_registry.obj
 0001:0005a6b0       sf_machine_global_initializer_called 000000018005b6b0 f   mpcSetpointIntpt_sfun_registry.obj
 0001:0005a6e0       sf_machine_global_method_dispatcher 000000018005b6e0 f   mpcSetpointIntpt_sfun_registry.obj
 0001:0005a740       sf_machine_global_terminator 000000018005b740 f   mpcSetpointIntpt_sfun_registry.obj
 0001:0005a780       sf_register_machine_exported_symbols 000000018005b780 f   mpcSetpointIntpt_sfun_registry.obj
 0001:0005a7a0       callCustomFcn              000000018005b7a0 f   mpcSetpointIntpt_sfun_registry.obj
 0001:0005a7b0       sf_machine_global_initializer 000000018005b7b0 f   mpcSetpointIntpt_sfun_registry.obj
 0001:0005a820       _ssSetStateAbsTol          000000018005b820 f   mpcSetpointIntpt_sfun_registry.obj
 0001:0005a900       _ssGetAbsTol               000000018005b900 f   mpcSetpointIntpt_sfun_registry.obj
 0001:0005a970       _ssSetInputPortMatrixDimensions 000000018005b970 f   mpcSetpointIntpt_sfun_registry.obj
 0001:0005aa80       _ssSetOutputPortMatrixDimensions 000000018005ba80 f   mpcSetpointIntpt_sfun_registry.obj
 0001:0005ab90       _ssSetInputPortVectorDimension 000000018005bb90 f   mpcSetpointIntpt_sfun_registry.obj
 0001:0005ac60       _ssSetOutputPortVectorDimension 000000018005bc60 f   mpcSetpointIntpt_sfun_registry.obj
 0001:0005ad30       ssIsRunTimeParamTunable    000000018005bd30 f   mpcSetpointIntpt_sfun_registry.obj
 0001:0005ada0       ssGetSFuncBlockHandle      000000018005bda0 f   mpcSetpointIntpt_sfun_registry.obj
 0001:0005ae10       _ssGetCurrentInputPortWidth 000000018005be10 f   mpcSetpointIntpt_sfun_registry.obj
 0001:0005af30       _ssGetCurrentOutputPortWidth 000000018005bf30 f   mpcSetpointIntpt_sfun_registry.obj
 0001:0005b050       _ssGetCallSystemNumFcnCallDestinations 000000018005c050 f   mpcSetpointIntpt_sfun_registry.obj
 0001:0005b0c0       ssWarning                  000000018005c0c0 f   mpcSetpointIntpt_sfun_registry.obj
 0001:0005b1d0       ssGetIsZeroCrossControlDisabled 000000018005c1d0 f   mpcSetpointIntpt_sfun_registry.obj
 0001:0005b240       ssSetIsInputPortUsedForContZcSignal 000000018005c240 f   mpcSetpointIntpt_sfun_registry.obj
 0001:0005b2b0       ssSetZcSignalIsZcElementDisc 000000018005c2b0 f   mpcSetpointIntpt_sfun_registry.obj
 0001:0005b360       ssSetZcSignalName          000000018005c360 f   mpcSetpointIntpt_sfun_registry.obj
 0001:0005b3d0       ssSetZcSignalWidth         000000018005c3d0 f   mpcSetpointIntpt_sfun_registry.obj
 0001:0005b440       ssSetZcSignalZcEventType   000000018005c440 f   mpcSetpointIntpt_sfun_registry.obj
 0001:0005b4b0       ssSetZcSignalType          000000018005c4b0 f   mpcSetpointIntpt_sfun_registry.obj
 0001:0005b520       ssSetZcSignalZcTol         000000018005c520 f   mpcSetpointIntpt_sfun_registry.obj
 0001:0005b590       ssSetZcSignalNeedsEventNotification 000000018005c590 f   mpcSetpointIntpt_sfun_registry.obj
 0001:0005b600       ssCreateAndAddZcSignalInfo 000000018005c600 f   mpcSetpointIntpt_sfun_registry.obj
 0001:0005b670       ssCloneAndAddZcSignalInfo  000000018005c670 f   mpcSetpointIntpt_sfun_registry.obj
 0001:0005b6e0       ssGetNumZcSignals          000000018005c6e0 f   mpcSetpointIntpt_sfun_registry.obj
 0001:0005b750       ssGetZcSignalVector        000000018005c750 f   mpcSetpointIntpt_sfun_registry.obj
 0001:0005b7c0       ssGetZcSignalZcEvents      000000018005c7c0 f   mpcSetpointIntpt_sfun_registry.obj
 0001:0005b830       ssGetZcSignalName          000000018005c830 f   mpcSetpointIntpt_sfun_registry.obj
 0001:0005b8a0       ssGetZcSignalWidth         000000018005c8a0 f   mpcSetpointIntpt_sfun_registry.obj
 0001:0005b910       ssGetZcSignalZcEventType   000000018005c910 f   mpcSetpointIntpt_sfun_registry.obj
 0001:0005b980       ssGetZcSignalType          000000018005c980 f   mpcSetpointIntpt_sfun_registry.obj
 0001:0005b9f0       ssGetZcSignalZcTol         000000018005c9f0 f   mpcSetpointIntpt_sfun_registry.obj
 0001:0005ba70       ssGetZcSignalNeedsEventNotification 000000018005ca70 f   mpcSetpointIntpt_sfun_registry.obj
 0001:0005bae0       ssGetZcSignalIsZcElementDisc 000000018005cae0 f   mpcSetpointIntpt_sfun_registry.obj
 0001:0005bb80       ssGetIsInputPortElementContinuous 000000018005cb80 f   mpcSetpointIntpt_sfun_registry.obj
 0001:0005bc20       _ssGetInputPortSignalPtrsFcn 000000018005cc20 f   mpcSetpointIntpt_sfun_registry.obj
 0001:0005bee0       _ssGetInputPortSignalFcn   000000018005cee0 f   mpcSetpointIntpt_sfun_registry.obj
 0001:0005c100       _ssSetInputPortDirectFeedThroughFcn 000000018005d100 f   mpcSetpointIntpt_sfun_registry.obj
 0001:0005c260       _ssSetInputPortReusableFcn 000000018005d260 f   mpcSetpointIntpt_sfun_registry.obj
 0001:0005c350       _ssSetOutputPortReusableFcn 000000018005d350 f   mpcSetpointIntpt_sfun_registry.obj
 0001:0005c430       ssGetDTypeIdFromMxArray    000000018005d430 f   mpcSetpointIntpt_sfun_registry.obj
 0001:0005c550       ssWriteRTWStr              000000018005d550 f   mpcSetpointIntpt_sfun_registry.obj
 0001:0005c5b0       ssWriteRTWMxVectParam      000000018005d5b0 f   mpcSetpointIntpt_sfun_registry.obj
 0001:0005c610       ssWriteRTWMx2dMatParam     000000018005d610 f   mpcSetpointIntpt_sfun_registry.obj
 0001:0005c690       ssWriteRTWNameValuePair    000000018005d690 f   mpcSetpointIntpt_sfun_registry.obj
 0001:0005cb80       ssWriteRTWParameters       000000018005db80 f   mpcSetpointIntpt_sfun_registry.obj
 0001:0005d180       ssWriteRTWParamSettings    000000018005e180 f   mpcSetpointIntpt_sfun_registry.obj
 0001:0005d850       ssWriteRTWWorkVect         000000018005e850 f   mpcSetpointIntpt_sfun_registry.obj
 0001:0005dd50       mexFunction                000000018005ed50 f   mpcSetpointIntpt_sfun_registry.obj
 0001:0005f990       ProcessMexSfunctionEveryCall 0000000180060990 f   mpcSetpointIntpt_sfun_registry.obj
 0001:0005fb00       mpcSetpointIntpt_initializer 0000000180060b00 f   mpcSetpointIntpt_sfun.obj
 0001:0005fb10       mpcSetpointIntpt_terminator 0000000180060b10 f   mpcSetpointIntpt_sfun.obj
 0001:0005fb20       sf_mpcSetpointIntpt_method_dispatcher 0000000180060b20 f   mpcSetpointIntpt_sfun.obj
 0001:0005fb70       sf_mpcSetpointIntpt_process_check_sum_call 0000000180060b70 f   mpcSetpointIntpt_sfun.obj
 0001:0005ff80       sf_mpcSetpointIntpt_autoinheritance_info 0000000180060f80 f   mpcSetpointIntpt_sfun.obj
 0001:000600f0       sf_mpcSetpointIntpt_get_eml_resolved_functions_info 00000001800610f0 f   mpcSetpointIntpt_sfun.obj
 0001:00060220       mpcSetpointIntpt_debug_initialize 0000000180061220 f   mpcSetpointIntpt_sfun.obj
 0001:00060290       mpcSetpointIntpt_register_exported_symbols 0000000180061290 f   mpcSetpointIntpt_sfun.obj
 0001:000602a0       load_mpcSetpointIntpt_optimization_info 00000001800612a0 f   mpcSetpointIntpt_sfun.obj
 0001:000602f0       unload_mpcSetpointIntpt_optimization_info 00000001800612f0 f   mpcSetpointIntpt_sfun.obj
 0001:000603c0       sf_mex_mx_is_numeric       00000001800613c0 f   sfc_mex:sfc_mex.obj
 0001:00060400       strcmp_ignore_ws           0000000180061400 f   sfc_mex:sfc_mex.obj
 0001:00060540       sf_mex_duplicatearraysafe  0000000180061540 f   sfc_mex:sfc_mex.obj
 0001:000606a0       sf_set_error_debugger_context_message_fcn 00000001800616a0 f   sfc_mex:sfc_mex.obj
 0001:000606b0       sf_set_debugger_matlab_error_fcn 00000001800616b0 f   sfc_mex:sfc_mex.obj
 0001:000606e0       sf_set_error_prefix_string 00000001800616e0 f   sfc_mex:sfc_mex.obj
 0001:00060710       sf_get_error_prefix_string 0000000180061710 f   sfc_mex:sfc_mex.obj
 0001:00060720       sf_mex_enter_parallel_region 0000000180061720 f   sfc_mex:sfc_mex.obj
 0001:00060730       sf_mex_exit_parallel_region 0000000180061730 f   sfc_mex:sfc_mex.obj
 0001:00060740       sf_get_current_jmp_buf_ptr 0000000180061740 f   sfc_mex:sfc_mex.obj
 0001:00060750       sf_set_current_jmp_buf_ptr 0000000180061750 f   sfc_mex:sfc_mex.obj
 0001:00060760       sf_mex_set_halt_simulation 0000000180061760 f   sfc_mex:sfc_mex.obj
 0001:00060770       sf_mex_get_halt_simulation 0000000180061770 f   sfc_mex:sfc_mex.obj
 0001:00060780       sf_mex_clear_error_message 0000000180061780 f   sfc_mex:sfc_mex.obj
 0001:000607a0       sf_mex_get_error_message_for_read 00000001800617a0 f   sfc_mex:sfc_mex.obj
 0001:000607b0       sf_mex_get_error_message_buffer_length 00000001800617b0 f   sfc_mex:sfc_mex.obj
 0001:00060890       sf_mex_warning_message     0000000180061890 f   sfc_mex:sfc_mex.obj
 0001:00060900       sf_mex_v_errbuf_createf    0000000180061900 f   sfc_mex:sfc_mex.obj
 0001:00060910       sf_mex_errbuf_createf      0000000180061910 f   sfc_mex:sfc_mex.obj
 0001:00060940       sf_mex_v_errbuf_catf       0000000180061940 f   sfc_mex:sfc_mex.obj
 0001:00060980       sf_mex_errbuf_catf         0000000180061980 f   sfc_mex:sfc_mex.obj
 0001:000609d0       sf_mex_errbuf_copy         00000001800619d0 f   sfc_mex:sfc_mex.obj
 0001:000609e0       sf_mex_errbuf_clear        00000001800619e0 f   sfc_mex:sfc_mex.obj
 0001:000609f0       sf_mex_errbuf_isempty      00000001800619f0 f   sfc_mex:sfc_mex.obj
 0001:00060b00       sf_mex_set_error_status    0000000180061b00 f   sfc_mex:sfc_mex.obj
 0001:00060b50       sf_mex_error_direct_call   0000000180061b50 f   sfc_mex:sfc_mex.obj
 0001:00060b70       sf_mex_error_message_no_long_jump 0000000180061b70 f   sfc_mex:sfc_mex.obj
 0001:00060b90       sf_mex_long_jump_on_error  0000000180061b90 f   sfc_mex:sfc_mex.obj
 0001:00060bc0       sf_mex_call_matlab         0000000180061bc0 f   sfc_mex:sfc_mex.obj
 0001:00060ce0       sf_mex_check_builtin       0000000180061ce0 f   sfc_mex:sfc_mex.obj
 0001:00060d20       sf_mex_check_builtin_vs    0000000180061d20 f   sfc_mex:sfc_mex.obj
 0001:00060d80       sf_mex_check_enum          0000000180061d80 f   sfc_mex:sfc_mex.obj
 0001:00060db0       sf_mex_create_enum         0000000180061db0 f   sfc_mex:sfc_mex.obj
 0001:00060dd0       sf_mex_get_enum_element    0000000180061dd0 f   sfc_mex:sfc_mex.obj
 0001:00060de0       sf_mex_createcellarray     0000000180061de0 f   sfc_mex:sfc_mex.obj
 0001:00060df0       sf_mex_setcell             0000000180061df0 f   sfc_mex:sfc_mex.obj
 0001:00060e00       sf_mex_getcell             0000000180061e00 f   sfc_mex:sfc_mex.obj
 0001:00060e10       sf_mex_dup                 0000000180061e10 f   sfc_mex:sfc_mex.obj
 0001:00060e30       sf_mex_assign              0000000180061e30 f   sfc_mex:sfc_mex.obj
 0001:00060eb0       sf_mex_destroy             0000000180061eb0 f   sfc_mex:sfc_mex.obj
 0001:00060ee0       mx_array_has_fi_type       0000000180061ee0 f   sfc_mex:sfc_mex.obj
 0001:00060f10       sf_mex_convert_from_fi     0000000180061f10 f   sfc_mex:sfc_mex.obj
 0001:00060fc0       sf_mex_convert_to_double   0000000180061fc0 f   sfc_mex:sfc_mex.obj
 0001:000610e0       sf_mex_import_fi_vs        00000001800620e0 f   sfc_mex:sfc_mex.obj
 0001:000612a0       sf_matrix_matrix_index_ok  00000001800622a0 f   sfc_mex:sfc_mex.obj
 0001:00061330       sf_vector_vector_index_ok  0000000180062330 f   sfc_mex:sfc_mex.obj
 0001:00061360       ssGetCurrentInputPortDimensions_wrapper 0000000180062360 f   sfc_mex:sfc_mex.obj
 0001:00061380       ssGetCurrentOutputPortDimensions_wrapper 0000000180062380 f   sfc_mex:sfc_mex.obj
 0001:000613a0       sf_mex_emlrt_context_is_debug_mode 00000001800623a0 f   sfc_mex:sfc_mex.obj
 0001:000613b0       sf_mex_emlrt_context_set_debug_mode 00000001800623b0 f   sfc_mex:sfc_mex.obj
 0001:000613c0       sf_mex_emlrtNameCapturePostProcessR2012a 00000001800623c0 f   sfc_mex:sfc_mex.obj
 0001:00061430       sf_clear_error_manager_info 0000000180062430 f   sfc_mex:sfc_mex.obj
 0001:00061490       sf_mex_stop_simulation_abruptly_wo_error 0000000180062490 f   sfc_mex:sfc_mex.obj
 0001:000614d0       sf_mex_error_message       00000001800624d0 f   sfc_mex:sfc_mex.obj
 0001:00061530       sf_react_to_error_in_matlab_call 0000000180062530 f   sfc_mex:sfc_mex.obj
 0001:00061560       sf_mex_addfield            0000000180062560 f   sfc_mex:sfc_mex.obj
 0001:00061600       sf_mex_getfield            0000000180062600 f   sfc_mex:sfc_mex.obj
 0001:00061900       sf_mex_check_class         0000000180062900 f   sfc_mex:sfc_mex.obj
 0001:000619a0       sf_mex_is_real             00000001800629a0 f   sfc_mex:sfc_mex.obj
 0001:00061e10       sf_mex_decode_encoded_mx_struct_array 0000000180062e10 f   sfc_mex:sfc_mex.obj
 0001:000620f0       sf_mex_lw_bounds_check     00000001800630f0 f   sfc_mex:sfc_mex.obj
 0001:00062120       sf_mex_lw_size_eq_check_1d 0000000180063120 f   sfc_mex:sfc_mex.obj
 0001:00062140       sf_mex_lw_size_eq_check_nd 0000000180063140 f   sfc_mex:sfc_mex.obj
 0001:00062320       sf_mex_lw_dim_size_eq_check 0000000180063320 f   sfc_mex:sfc_mex.obj
 0001:00062350       sf_mex_lw_dim_size_geq_check 0000000180063350 f   sfc_mex:sfc_mex.obj
 0001:00062380       sf_mex_lw_sub_assign_size_check_nd 0000000180063380 f   sfc_mex:sfc_mex.obj
 0001:000625b0       sf_mex_lw_runtime_error_msgid 00000001800635b0 f   sfc_mex:sfc_mex.obj
 0001:000626a0       sf_mex_lw_matrix_matrix_index_check 00000001800636a0 f   sfc_mex:sfc_mex.obj
 0001:000626c0       sf_mex_lw_vector_vector_index_check 00000001800636c0 f   sfc_mex:sfc_mex.obj
 0001:00062700       sf_mex_lw_for_loop_vector_check 0000000180063700 f   sfc_mex:sfc_mex.obj
 0001:00062780       sf_mex_lw_non_negative_check 0000000180063780 f   sfc_mex:sfc_mex.obj
 0001:000627c0       sf_mex_overflow_error      00000001800637c0 f   sfc_mex:sfc_mex.obj
 0001:000627d0       sf_mex_dividebyzero_error  00000001800637d0 f   sfc_mex:sfc_mex.obj
 0001:000627e0       sf_mex_unsafe_enum_error   00000001800637e0 f   sfc_mex:sfc_mex.obj
 0001:000627f0       sf_emlrtErrHandler         00000001800637f0 f   sfc_mex:sfc_mex.obj
 0001:000628d0       sf_mex_size_one_check      00000001800638d0 f   sfc_mex:sfc_mex.obj
 0001:000628f0       sf_mex_printf              00000001800638f0 f   sfc_mex:sfc_mex.obj
 0001:00062ac0       sf_mex_check_size          0000000180063ac0 f   sfc_mex:sfc_mex.obj
 0001:00062d90       sf_mex_check_struct        0000000180063d90 f   sfc_mex:sfc_mex.obj
 0001:00062ff0       sf_mex_check_struct_vs     0000000180063ff0 f   sfc_mex:sfc_mex.obj
 0001:00063080       sf_mex_check_fi            0000000180064080 f   sfc_mex:sfc_mex.obj
 0001:00063180       sf_mex_check_fi_vs         0000000180064180 f   sfc_mex:sfc_mex.obj
 0001:00063220       sf_echo_expression         0000000180064220 f   sfc_mex:sfc_mex.obj
 0001:00063280       sf_assertion_failed        0000000180064280 f   sfc_mex:sfc_mex.obj
 0001:00063560       sf_mex_evalin              0000000180064560 f   sfc_mex:sfc_mex.obj
 0001:000637d0       sf_mex_export              00000001800647d0 f   sfc_mex:sfc_mex.obj
 0001:00063890       sf_mex_get_ml_var_no_error 0000000180064890 f   sfc_mex:sfc_mex.obj
 0001:00063a30       sf_mex_get_ml_var          0000000180064a30 f   sfc_mex:sfc_mex.obj
 0001:00063ed0       ml_set_element_value_in_array 0000000180064ed0 f   sfc_mex:sfc_mex.obj
 0001:000655a0       sf_mex_call_impl           00000001800665a0 f   sfc_mex:sfc_mex.obj
 0001:00065ad0       sf_mex_call_debug          0000000180066ad0 f   sfc_mex:sfc_mex.obj
 0001:00065b00       sf_mex_call                0000000180066b00 f   sfc_mex:sfc_mex.obj
 0001:00066150       sf_mex_createstruct        0000000180067150 f   sfc_mex:sfc_mex.obj
 0001:00066240       sf_mex_createstructarray   0000000180067240 f   sfc_mex:sfc_mex.obj
 0001:000662c0       sf_mex_get_mx_datatype_from_sf_datatype 00000001800672c0 f   sfc_mex:sfc_mex.obj
 0001:000665d0       sf_mex_ml_var_sub          00000001800675d0 f   sfc_mex:sfc_mex.obj
 0001:000667a0       sf_mex_ml_var_subsasgn     00000001800677a0 f   sfc_mex:sfc_mex.obj
 0001:00066b90       sf_mex_sub                 0000000180067b90 f   sfc_mex:sfc_mex.obj
 0001:00066d90       sf_mex_subsasgn            0000000180067d90 f   sfc_mex:sfc_mex.obj
 0001:00067270       sf_mex_create              0000000180068270 f   sfc_mex:sfc_mex.obj
 0001:00067cc0       sf_mex_import_named        0000000180068cc0 f   sfc_mex:sfc_mex.obj
 0001:00067d20       sf_mex_import              0000000180068d20 f   sfc_mex:sfc_mex.obj
 0001:00067d70       sf_mex_import_vs           0000000180068d70 f   sfc_mex:sfc_mex.obj
 0001:00067e80       sf_mex_lower_fixpt_mx_array 0000000180068e80 f   sfc_mex:sfc_mex.obj
 0001:00068170       sf_send_message_wrapper    0000000180069170 f   sfc_mex:sfc_sf.obj
 0001:000681a0       sf_receive_message_wrapper 00000001800691a0 f   sfc_mex:sfc_sf.obj
 0001:000681e0       sf_check_out_message_wrapper 00000001800691e0 f   sfc_mex:sfc_sf.obj
 0001:00068220       sf_check_in_message_wrapper 0000000180069220 f   sfc_mex:sfc_sf.obj
 0001:00068260       sf_no_message_wrapper      0000000180069260 f   sfc_mex:sfc_sf.obj
 0001:000685f0       sim_mode_is_rtw_gen        00000001800695f0 f   sfc_mex:sfc_sf.obj
 0001:00068620       sim_mode_is_external       0000000180069620 f   sfc_mex:sfc_sf.obj
 0001:00068630       sim_mode_is_modelref_sim   0000000180069630 f   sfc_mex:sfc_sf.obj
 0001:00068650       mdlInitializeSizes         0000000180069650 f   sfc_mex:sfc_sf.obj
 0001:00068670       mdlInitializeSampleTimes   0000000180069670 f   sfc_mex:sfc_sf.obj
 0001:000686b0       mdlZeroCrossings           00000001800696b0 f   sfc_mex:sfc_sf.obj
 0001:00068790       mdlDerivatives             0000000180069790 f   sfc_mex:sfc_sf.obj
 0001:00068840       mdl_initialize_conditions_processing 0000000180069840 f   sfc_mex:sfc_sf.obj
 0001:00068870       mdlInitializeConditions    0000000180069870 f   sfc_mex:sfc_sf.obj
 0001:00068930       mdlGetSimState             0000000180069930 f   sfc_mex:sfc_sf.obj
 0001:00068940       mdlSetSimState             0000000180069940 f   sfc_mex:sfc_sf.obj
 0001:00068950       mdl_ext_mode_exec_processing 0000000180069950 f   sfc_mex:sfc_sf.obj
 0001:00068970       mdlExtModeExec             0000000180069970 f   sfc_mex:sfc_sf.obj
 0001:00068b00       mdlTerminate               0000000180069b00 f   sfc_mex:sfc_sf.obj
 0001:00068b70       mdlRTW                     0000000180069b70 f   sfc_mex:sfc_sf.obj
 0001:00068ba0       mdlSetWorkWidths           0000000180069ba0 f   sfc_mex:sfc_sf.obj
 0001:00068bb0       mdlProcessParameters       0000000180069bb0 f   sfc_mex:sfc_sf.obj
 0001:00068bc0       mdl_start_processing       0000000180069bc0 f   sfc_mex:sfc_sf.obj
 0001:00068c00       mdlStart                   0000000180069c00 f   sfc_mex:sfc_sf.obj
 0001:00068cf0       mdlEnable                  0000000180069cf0 f   sfc_mex:sfc_sf.obj
 0001:00068dc0       mdlDisable                 0000000180069dc0 f   sfc_mex:sfc_sf.obj
 0001:00068e70       sf_get_chart_instance_ptr  0000000180069e70 f   sfc_mex:sfc_sf.obj
 0001:00068e90       sf_load_rtw_optimization_info 0000000180069e90 f   sfc_mex:sfc_sf.obj
 0001:00068f60       sf_rtw_info_uint_prop      0000000180069f60 f   sfc_mex:sfc_sf.obj
 0001:000690a0       sf_is_chart_inlinable      000000018006a0a0 f   sfc_mex:sfc_sf.obj
 0001:000690c0       sf_mark_output_events_with_multiple_callers 000000018006a0c0 f   sfc_mex:sfc_sf.obj
 0001:00069250       sf_mark_chart_reusable_outputs 000000018006a250 f   sfc_mex:sfc_sf.obj
 0001:000694b0       sf_mark_chart_expressionable_inputs 000000018006a4b0 f   sfc_mex:sfc_sf.obj
 0001:00069710       sf_get_subchart_simstruct  000000018006a710 f   sfc_mex:sfc_sf.obj
 0001:00069760       sf_get_fixpt_data_type_id  000000018006a760 f   sfc_mex:sfc_sf.obj
 0001:000697a0       sf_get_enum_data_type_id   000000018006a7a0 f   sfc_mex:sfc_sf.obj
 0001:000697e0       sf_get_param_data_type_id  000000018006a7e0 f   sfc_mex:sfc_sf.obj
 0001:00069810       sf_mex_listen_for_ctrl_c_force 000000018006a810 f   sfc_mex:sfc_sf.obj
 0001:00069920       sf_mex_draw_now            000000018006a920 f   sfc_mex:sfc_sf.obj
 0001:00069960       sf_mex_set_debugger_sim_status_listener_fcn 000000018006a960 f   sfc_mex:sfc_sf.obj
 0001:00069970       sf_mex_listen_for_ctrl_c   000000018006a970 f   sfc_mex:sfc_sf.obj
 0001:00069a00       sf_mex_get_sfun_param      000000018006aa00 f   sfc_mex:sfc_sf.obj
 0001:00069a50       sf_get_runtime_param_data  000000018006aa50 f   sfc_mex:sfc_sf.obj
 0001:00069a90       sf_call_output_fcn_call    000000018006aa90 f   sfc_mex:sfc_sf.obj
 0001:00069bd0       sf_call_output_fcn_enable  000000018006abd0 f   sfc_mex:sfc_sf.obj
 0001:00069c60       sf_call_output_fcn_disable 000000018006ac60 f   sfc_mex:sfc_sf.obj
 0001:00069cf0       sf_clear_rtw_identifier    000000018006acf0 f   sfc_mex:sfc_sf.obj
 0001:0006a4e0       sf_set_encoded_dwork_info  000000018006b4e0 f   sfc_mex:sfc_sf.obj
 0001:0006a530       sf_get_dwork_info_from_mat_file 000000018006b530 f   sfc_mex:sfc_sf.obj
 0001:0006a6f0       sf_set_rtw_dwork_info      000000018006b6f0 f   sfc_mex:sfc_sf.obj
 0001:0006a860       mdlOutputs                 000000018006b860 f   sfc_mex:sfc_sf.obj
 0001:0006aa00       sf_debug_disp              000000018006ba00 f   sfc_debug:sfcdebug.obj
 0001:0006ac60       sf_debug_data_runtime_size_mismatch_error_check 000000018006bc60 f   sfc_debug:sfcdebug.obj
 0001:0006ad00       sf_debug_try_loading_machine 000000018006bd00 f   sfc_debug:sfcdebug.obj
 0001:0006ae00       sf_debug_reset_current_state_configuration 000000018006be00 f   sfc_debug:sfcdebug.obj
 0001:0006ae90       sf_debug_store_current_state_configuration 000000018006be90 f   sfc_debug:sfcdebug.obj
 0001:0006af20       sf_debug_restore_previous_state_configuration 000000018006bf20 f   sfc_debug:sfcdebug.obj
 0001:0006afb0       sf_debug_restore_previous_state_configuration2 000000018006bfb0 f   sfc_debug:sfcdebug.obj
 0001:0006b040       sf_debug_get_event_scope   000000018006c040 f   sfc_debug:sfcdebug.obj
 0001:0006b1b0       use_debugger_step_animation 000000018006c1b0 f   sfc_debug:sfcdebug.obj
 0001:0006b1d0       sf_debug_get_script_id     000000018006c1d0 f   sfc_debug:sfcdebug.obj
 0001:0006b260       sf_debug_set_script_translation 000000018006c260 f   sfc_debug:sfcdebug.obj
 0001:0006b3e0       sf_debug_extract_message_post_receive_info 000000018006c3e0 f   sfc_debug:sfcdebug.obj
 0001:0006b4e0       sf_debug_get_current_machine_id 000000018006c4e0 f   sfc_debug:sfcdebug.obj
 0001:0006b500       sf_debug_get_current_optional_integer 000000018006c500 f   sfc_debug:sfcdebug.obj
 0001:0006b510       sf_debug_get_current_machine_number 000000018006c510 f   sfc_debug:sfcdebug.obj
 0001:0006b530       sf_debug_get_current_machine_name 000000018006c530 f   sfc_debug:sfcdebug.obj
 0001:0006b550       sf_debug_get_current_chart_id 000000018006c550 f   sfc_debug:sfcdebug.obj
 0001:0006b5a0       sf_debug_get_current_chart_number 000000018006c5a0 f   sfc_debug:sfcdebug.obj
 0001:0006b5b0       sf_debug_get_current_instance_number 000000018006c5b0 f   sfc_debug:sfcdebug.obj
 0001:0006b5c0       sf_debug_get_current_is_minor_time_step 000000018006c5c0 f   sfc_debug:sfcdebug.obj
 0001:0006b640       sf_debug_get_current_object_type 000000018006c640 f   sfc_debug:sfcdebug.obj
 0001:0006b650       sf_debug_get_current_instance_handle 000000018006c650 f   sfc_debug:sfcdebug.obj
 0001:0006b6b0       sf_debug_get_current_event_type 000000018006c6b0 f   sfc_debug:sfcdebug.obj
 0001:0006b6c0       sf_debug_get_current_object_id 000000018006c6c0 f   sfc_debug:sfcdebug.obj
 0001:0006b700       sf_debug_get_current_active_event_type 000000018006c700 f   sfc_debug:sfcdebug.obj
 0001:0006b710       sf_debug_get_current_active_event_id 000000018006c710 f   sfc_debug:sfcdebug.obj
 0001:0006b750       sf_debug_get_current_tag_type 000000018006c750 f   sfc_debug:sfcdebug.obj
 0001:0006b760       sf_debug_get_current_simulation_time 000000018006c760 f   sfc_debug:sfcdebug.obj
 0001:0006b770       sf_debug_get_current_coverage_percentage 000000018006c770 f   sfc_debug:sfcdebug.obj
 0001:0006b780       sf_debug_current_statement_context 000000018006c780 f   sfc_debug:sfcdebug.obj
 0001:0006b810       sf_debug_get_current_statement_info 000000018006c810 f   sfc_debug:sfcdebug.obj
 0001:0006b990       sf_debug_terminate_instance 000000018006c990 f   sfc_debug:sfcdebug.obj
 0001:0006bcd0       sf_debug_assertion_failed  000000018006ccd0 f   sfc_debug:sfcdebug.obj
 0001:0006be80       sf_debug_set_number_of_data_with_change_event_for_machine 000000018006ce80 f   sfc_debug:sfcdebug.obj
 0001:0006bec0       sf_debug_set_machine_event_thresholds 000000018006cec0 f   sfc_debug:sfcdebug.obj
 0001:0006bee0       sf_debug_set_machine_event_scope 000000018006cee0 f   sfc_debug:sfcdebug.obj
 0001:0006bf20       sf_debug_set_machine_data_thresholds 000000018006cf20 f   sfc_debug:sfcdebug.obj
 0001:0006bf60       sf_debug_set_machine_data_scope 000000018006cf60 f   sfc_debug:sfcdebug.obj
 0001:0006bff0       sf_debug_set_machine_data_name 000000018006cff0 f   sfc_debug:sfcdebug.obj
 0001:0006c090       sf_debug_set_machine_data_size 000000018006d090 f   sfc_debug:sfcdebug.obj
 0001:0006c1d0       sf_debug_set_machine_data_type 000000018006d1d0 f   sfc_debug:sfcdebug.obj
 0001:0006c340       sf_debug_get_chart_data_number 000000018006d340 f   sfc_debug:sfcdebug.obj
 0001:0006c360       sf_debug_get_chart_event_number 000000018006d360 f   sfc_debug:sfcdebug.obj
 0001:0006c380       sf_debug_set_chart_state_info 000000018006d380 f   sfc_debug:sfcdebug.obj
 0001:0006c400       sf_debug_set_chart_decomposition 000000018006d400 f   sfc_debug:sfcdebug.obj
 0001:0006c470       sf_debug_set_chart_substate_count 000000018006d470 f   sfc_debug:sfcdebug.obj
 0001:0006c550       sf_debug_set_chart_substate_index 000000018006d550 f   sfc_debug:sfcdebug.obj
 0001:0006c5c0       sf_debug_set_chart_state_substate_count 000000018006d5c0 f   sfc_debug:sfcdebug.obj
 0001:0006c6d0       sf_debug_set_chart_state_substate_index 000000018006d6d0 f   sfc_debug:sfcdebug.obj
 0001:0006c750       sf_debug_set_number_of_data_with_change_event_for_chart 000000018006d750 f   sfc_debug:sfcdebug.obj
 0001:0006c7d0       sf_debug_set_number_of_states_with_entry_event_for_chart 000000018006d7d0 f   sfc_debug:sfcdebug.obj
 0001:0006c840       sf_debug_set_number_of_states_with_exit_event_for_chart 000000018006d840 f   sfc_debug:sfcdebug.obj
 0001:0006c8b0       sf_debug_set_chart_disable_implicit_casting 000000018006d8b0 f   sfc_debug:sfcdebug.obj
 0001:0006c920       sf_debug_set_chart_event_thresholds 000000018006d920 f   sfc_debug:sfcdebug.obj
 0001:0006c990       sf_debug_set_chart_data_compiled_props 000000018006d990 f   sfc_debug:sfcdebug.obj
 0001:0006cce0       sf_debug_set_chart_data_props 000000018006dce0 f   sfc_debug:sfcdebug.obj
 0001:0006d000       sf_debug_check_fi_license  000000018006e000 f   sfc_debug:sfcdebug.obj
 0001:0006d1f0       sf_debug_symbol_scope_push 000000018006e1f0 f   sfc_debug:sfcdebug.obj
 0001:0006d230       sf_debug_symbol_scope_push_eml 000000018006e230 f   sfc_debug:sfcdebug.obj
 0001:0006d280       sf_debug_symbol_scope_pop  000000018006e280 f   sfc_debug:sfcdebug.obj
 0001:0006d2c0       sf_debug_symbol_scope_add_importable 000000018006e2c0 f   sfc_debug:sfcdebug.obj
 0001:0006d340       sf_debug_symbol_scope_add  000000018006e340 f   sfc_debug:sfcdebug.obj
 0001:0006d3c0       sf_debug_symbol_scope_add_dyn_importable 000000018006e3c0 f   sfc_debug:sfcdebug.obj
 0001:0006d480       sf_debug_symbol_scope_add_dyn 000000018006e480 f   sfc_debug:sfcdebug.obj
 0001:0006d4b0       sf_debug_symbol_scope_add_eml_importable 000000018006e4b0 f   sfc_debug:sfcdebug.obj
 0001:0006d4f0       sf_debug_symbol_scope_add_eml 000000018006e4f0 f   sfc_debug:sfcdebug.obj
 0001:0006d530       sf_debug_symbol_scope_add_eml_dyn_importable 000000018006e530 f   sfc_debug:sfcdebug.obj
 0001:0006d5a0       sf_debug_symbol_scope_add_eml_dyn 000000018006e5a0 f   sfc_debug:sfcdebug.obj
 0001:0006d600       sf_debug_symbol_switch     000000018006e600 f   sfc_debug:sfcdebug.obj
 0001:0006d620       sf_debug_symbol_scope_add_verbose 000000018006e620 f   sfc_debug:sfcdebug.obj
 0001:0006d6f0       sf_debug_set_machine_data_value_ptr 000000018006e6f0 f   sfc_debug:sfcdebug.obj
 0001:0006d730       sf_debug_set_instance_data_value_ptr 000000018006e730 f   sfc_debug:sfcdebug.obj
 0001:0006d7f0       sf_debug_unset_instance_data_value_ptr 000000018006e7f0 f   sfc_debug:sfcdebug.obj
 0001:0006d8a0       sf_debug_set_chart_event_scope 000000018006e8a0 f   sfc_debug:sfcdebug.obj
 0001:0006d920       sf_debug_set_chart_transition_coverage_maps 000000018006e920 f   sfc_debug:sfcdebug.obj
 0001:0006da30       sf_debug_set_chart_state_coverage_maps 000000018006ea30 f   sfc_debug:sfcdebug.obj
 0001:0006db10       sf_debug_set_instance_transition_coverage_weights 000000018006eb10 f   sfc_debug:sfcdebug.obj
 0001:0006dbb0       sf_debug_set_instance_state_coverage_weights 000000018006ebb0 f   sfc_debug:sfcdebug.obj
 0001:0006de00       sf_debug_unload_machine    000000018006ee00 f   sfc_debug:sfcdebug.obj
 0001:0006de50       sf_debug_load_machine      000000018006ee50 f   sfc_debug:sfcdebug.obj
 0001:0006df50       sf_debug_set_active_instance_in_data_dictionary 000000018006ef50 f   sfc_debug:sfcdebug.obj
 0001:0006e130       sf_debug_set_active_instance 000000018006f130 f   sfc_debug:sfcdebug.obj
 0001:0006e270       sf_debug_chart_visiblity_change 000000018006f270 f   sfc_debug:sfcdebug.obj
 0001:0006e350       sf_debug_select_chart      000000018006f350 f   sfc_debug:sfcdebug.obj
 0001:0006e420       sf_debug_set_instance_cv_ids 000000018006f420 f   sfc_debug:sfcdebug.obj
 0001:0006e730       sf_debug_select_charts     000000018006f730 f   sfc_debug:sfcdebug.obj
 0001:0006e870       sf_debug_initialized       000000018006f870 f   sfc_debug:sfcdebug.obj
 0001:0006e880       sf_debug_is_uninterruptible 000000018006f880 f   sfc_debug:sfcdebug.obj
 0001:0006e8b0       sf_debug_initialize_debugger_gui 000000018006f8b0 f   sfc_debug:sfcdebug.obj
 0001:0006eca0       sf_debug_resume            000000018006fca0 f   sfc_debug:sfcdebug.obj
 0001:0006ecc0       sf_debug_go                000000018006fcc0 f   sfc_debug:sfcdebug.obj
 0001:0006ecd0       sf_debug_break             000000018006fcd0 f   sfc_debug:sfcdebug.obj
 0001:0006ece0       sf_debug_step_over         000000018006fce0 f   sfc_debug:sfcdebug.obj
 0001:0006ecf0       sf_debug_step_out          000000018006fcf0 f   sfc_debug:sfcdebug.obj
 0001:0006ed00       sf_debug_set_disable_all_breakpoints 000000018006fd00 f   sfc_debug:sfcdebug.obj
 0001:0006ed10       sf_debug_disable_all_breakpoints_and_go 000000018006fd10 f   sfc_debug:sfcdebug.obj
 0001:0006ed20       sf_debug_break_on_chart_entry 000000018006fd20 f   sfc_debug:sfcdebug.obj
 0001:0006ed30       sf_debug_break_on_event_broadcast 000000018006fd30 f   sfc_debug:sfcdebug.obj
 0001:0006ed40       sf_debug_break_on_state_entry 000000018006fd40 f   sfc_debug:sfcdebug.obj
 0001:0006ed50       sf_debug_break_between_times 000000018006fd50 f   sfc_debug:sfcdebug.obj
 0001:0006ed70       sf_debug_browse_data       000000018006fd70 f   sfc_debug:sfcdebug.obj
 0001:0006ed90       sf_debug_watch_data        000000018006fd90 f   sfc_debug:sfcdebug.obj
 0001:0006edb0       sf_debug_assign_data       000000018006fdb0 f   sfc_debug:sfcdebug.obj
 0001:0006edd0       sf_debug_whos              000000018006fdd0 f   sfc_debug:sfcdebug.obj
 0001:0006edf0       sf_debug_get_consistency_info 000000018006fdf0 f   sfc_debug:sfcdebug.obj
 0001:0006ee00       sf_debug_browse_trace      000000018006fe00 f   sfc_debug:sfcdebug.obj
 0001:0006ee10       sf_debug_set_breakpoints   000000018006fe10 f   sfc_debug:sfcdebug.obj
 0001:0006ef70       sf_debug_set_eml_breakpoints 000000018006ff70 f   sfc_debug:sfcdebug.obj
 0001:0006f0d0       sf_debug_set_script_breakpoints 00000001800700d0 f   sfc_debug:sfcdebug.obj
 0001:0006f150       sf_debug_add_script_breakpoints 0000000180070150 f   sfc_debug:sfcdebug.obj
 0001:0006f1c0       sf_debug_clear_script_breakpoints 00000001800701c0 f   sfc_debug:sfcdebug.obj
 0001:0006f230       sf_debug_query_script_breakpoints 0000000180070230 f   sfc_debug:sfcdebug.obj
 0001:0006f2f0       sf_debug_get_eml_script_id 00000001800702f0 f   sfc_debug:sfcdebug.obj
 0001:0006f340       sf_debug_set_watch         0000000180070340 f   sfc_debug:sfcdebug.obj
 0001:0006f570       sf_debug_get_instance_handle 0000000180070570 f   sfc_debug:sfcdebug.obj
 0001:0006f600       sf_debug_get_active_states 0000000180070600 f   sfc_debug:sfcdebug.obj
 0001:0006f610       sf_debug_get_animation     0000000180070610 f   sfc_debug:sfcdebug.obj
 0001:0006f620       sf_debug_set_animation     0000000180070620 f   sfc_debug:sfcdebug.obj
 0001:0006f630       sf_debug_animate           0000000180070630 f   sfc_debug:sfcdebug.obj
 0001:0006f660       sf_debug_cycle_detection_check 0000000180070660 f   sfc_debug:sfcdebug.obj
 0001:0006f670       sf_debug_data_range_check  0000000180070670 f   sfc_debug:sfcdebug.obj
 0001:0006f680       sf_debug_transition_conflict_check 0000000180070680 f   sfc_debug:sfcdebug.obj
 0001:0006f690       sf_debug_state_consistency_check 0000000180070690 f   sfc_debug:sfcdebug.obj
 0001:0006f6a0       sf_debug_data_range_check_enabled 00000001800706a0 f   sfc_debug:sfcdebug.obj
 0001:0006f6c0       sf_debug_transition_conflict_check_enabled 00000001800706c0 f   sfc_debug:sfcdebug.obj
 0001:0006f6e0       sf_debug_transition_conflict_check_begin 00000001800706e0 f   sfc_debug:sfcdebug.obj
 0001:0006f700       sf_debug_transition_conflict_check_end 0000000180070700 f   sfc_debug:sfcdebug.obj
 0001:0006f720       sf_debug_stop_debugging    0000000180070720 f   sfc_debug:sfcdebug.obj
 0001:0006f750       sf_debug_is_cycle_detected 0000000180070750 f   sfc_debug:sfcdebug.obj
 0001:0006f760       sf_debug_is_array_bounds_detected 0000000180070760 f   sfc_debug:sfcdebug.obj
 0001:0006f770       sf_debug_get_state_vectors_data_size 0000000180070770 f   sfc_debug:sfcdebug.obj
 0001:0006f7b0       sf_debug_get_state_vectors_data 00000001800707b0 f   sfc_debug:sfcdebug.obj
 0001:0006f8b0       sf_debug_set_state_vectors_data 00000001800708b0 f   sfc_debug:sfcdebug.obj
 0001:0006fb70       sf_debug_get_script_index  0000000180070b70 f   sfc_debug:sfcdebug.obj
 0001:0006fd00       sf_debug_add_script        0000000180070d00 f   sfc_debug:sfcdebug.obj
 0001:0006fe90       cv_eval_point              0000000180070e90 f   sfc_debug:sfcdebug.obj
 0001:00070000       cv_eval_testobjective      0000000180071000 f   sfc_debug:sfcdebug.obj
 0001:00070120       sf_debug_cv_init_state     0000000180071120 f   sfc_debug:sfcdebug.obj
 0001:00070240       sf_debug_cv_init_chart     0000000180071240 f   sfc_debug:sfcdebug.obj
 0001:00070320       sf_debug_cv_init_trans     0000000180071320 f   sfc_debug:sfcdebug.obj
 0001:00070420       sf_debug_cv_init_testobjectives 0000000180071420 f   sfc_debug:sfcdebug.obj
 0001:00070600       cv_eml_init_script         0000000180071600 f   sfc_debug:sfcdebug.obj
 0001:00070700       cv_eml_init_fcn            0000000180071700 f   sfc_debug:sfcdebug.obj
 0001:000707b0       cv_eml_init_testobjective  00000001800717b0 f   sfc_debug:sfcdebug.obj
 0001:00070880       cv_eml_init_if             0000000180071880 f   sfc_debug:sfcdebug.obj
 0001:00070950       cv_eml_init_for            0000000180071950 f   sfc_debug:sfcdebug.obj
 0001:00070a10       cv_eml_init_while          0000000180071a10 f   sfc_debug:sfcdebug.obj
 0001:00070ad0       cv_eml_init_mcdc           0000000180071ad0 f   sfc_debug:sfcdebug.obj
 0001:00070be0       cv_eml_init_switch         0000000180071be0 f   sfc_debug:sfcdebug.obj
 0001:00070cd0       cv_eml_eval                0000000180071cd0 f   sfc_debug:sfcdebug.obj
 0001:00070db0       sf_debug_bm_is_a_eml_breakpoint 0000000180071db0 f   sfc_debug:sfcdebug.obj
 0001:00070f00       sf_debug_temporal_threshold 0000000180071f00 f   sfc_debug:sfcdebug.obj
 0001:00071260       sf_debug_transition_conflict_error 0000000180072260 f   sfc_debug:sfcdebug.obj
 0001:000715e0       sf_debug_state_inconsistency_error 00000001800725e0 f   sfc_debug:sfcdebug.obj
 0001:00071700       sf_debug_check_for_state_inconsistency 0000000180072700 f   sfc_debug:sfcdebug.obj
 0001:00071730       sf_debug_cycle_detecton_error 0000000180072730 f   sfc_debug:sfcdebug.obj
 0001:00071f20       sf_debug_size_eq_check_1d  0000000180072f20 f   sfc_debug:sfcdebug.obj
 0001:00071f40       sf_debug_size_eq_check_nd  0000000180072f40 f   sfc_debug:sfcdebug.obj
 0001:00072120       sf_debug_dim_size_eq_check 0000000180073120 f   sfc_debug:sfcdebug.obj
 0001:00072150       sf_debug_dim_size_geq_check 0000000180073150 f   sfc_debug:sfcdebug.obj
 0001:00072180       sf_debug_sub_assign_size_check_nd 0000000180073180 f   sfc_debug:sfcdebug.obj
 0001:000723c0       sf_debug_matrix_matrix_index_check 00000001800733c0 f   sfc_debug:sfcdebug.obj
 0001:000723f0       sf_debug_vector_vector_index_check 00000001800733f0 f   sfc_debug:sfcdebug.obj
 0001:00072420       sf_debug_for_loop_vector_check 0000000180073420 f   sfc_debug:sfcdebug.obj
 0001:000724a0       sf_debug_runtime_error_msgid 00000001800734a0 f   sfc_debug:sfcdebug.obj
 0001:00072530       sf_debug_data_array_bounds_error_check 0000000180073530 f   sfc_debug:sfcdebug.obj
 0001:00072640       sf_debug_eml_data_array_bounds_error_check 0000000180073640 f   sfc_debug:sfcdebug.obj
 0001:00072b20       sf_debug_integer_check     0000000180073b20 f   sfc_debug:sfcdebug.obj
 0001:00072c00       sf_debug_not_nan_check     0000000180073c00 f   sfc_debug:sfcdebug.obj
 0001:00072cc0       sf_debug_non_negative_check 0000000180073cc0 f   sfc_debug:sfcdebug.obj
 0001:00072d80       sf_debug_overflow_detection 0000000180073d80 f   sfc_debug:sfcdebug.obj
 0001:00073470       sf_debug_cast_to_real32_T  0000000180074470 f   sfc_debug:sfcdebug.obj
 0001:00073530       sf_debug_cast_to_int8_T    0000000180074530 f   sfc_debug:sfcdebug.obj
 0001:000735f0       sf_debug_cast_to_uint8_T   00000001800745f0 f   sfc_debug:sfcdebug.obj
 0001:000736b0       sf_debug_cast_to_int16_T   00000001800746b0 f   sfc_debug:sfcdebug.obj
 0001:00073770       sf_debug_cast_to_uint16_T  0000000180074770 f   sfc_debug:sfcdebug.obj
 0001:00073830       sf_debug_cast_to_int32_T   0000000180074830 f   sfc_debug:sfcdebug.obj
 0001:000738f0       sf_debug_cast_to_uint32_T  00000001800748f0 f   sfc_debug:sfcdebug.obj
 0001:000739b0       sf_debug_data_range_error  00000001800749b0 f   sfc_debug:sfcdebug.obj
 0001:00073d00       sf_debug_read_before_write_check 0000000180074d00 f   sfc_debug:sfcdebug.obj
 0001:000740f0       sf_debug_data_range_error_wrapper_min_max 00000001800750f0 f   sfc_debug:sfcdebug.obj
 0001:000741e0       sf_debug_data_range_error_wrapper_min 00000001800751e0 f   sfc_debug:sfcdebug.obj
 0001:000742c0       sf_debug_data_range_error_wrapper_max 00000001800752c0 f   sfc_debug:sfcdebug.obj
 0001:000743a0       sf_debug_data_range_wrapper 00000001800753a0 f   sfc_debug:sfcdebug.obj
 0001:00074450       sf_debug_set_current_status_info 0000000180075450 f   sfc_debug:sfcdebug.obj
 0001:00074800       sf_debug_register_message_post_receive_info 0000000180075800 f   sfc_debug:sfcdebug.obj
 0001:00074a70       sf_debug_call              0000000180075a70 f   sfc_debug:sfcdebug.obj
 0001:00075930       sf_debug_initialize_machine 0000000180076930 f   sfc_debug:sfcdebug.obj
 0001:00075c40       sf_debug_initialize_chart  0000000180076c40 f   sfc_debug:sfcdebug.obj
 0001:00076120       sf_debug_ensure_script     0000000180077120 f   sfc_debug:sfcdebug.obj
 0001:000761e0       cv_script_init_script      00000001800771e0 f   sfc_debug:sfcdebug.obj
 0001:000762c0       cv_script_init_fcn         00000001800772c0 f   sfc_debug:sfcdebug.obj
 0001:00076370       cv_script_init_testobjective 0000000180077370 f   sfc_debug:sfcdebug.obj
 0001:00076420       cv_script_init_if          0000000180077420 f   sfc_debug:sfcdebug.obj
 0001:000764d0       cv_script_init_for         00000001800774d0 f   sfc_debug:sfcdebug.obj
 0001:00076580       cv_script_init_while       0000000180077580 f   sfc_debug:sfcdebug.obj
 0001:00076630       cv_script_init_mcdc        0000000180077630 f   sfc_debug:sfcdebug.obj
 0001:00076730       cv_script_init_switch      0000000180077730 f   sfc_debug:sfcdebug.obj
 0001:00076810       cv_script_eval             0000000180077810 f   sfc_debug:sfcdebug.obj
 0001:000768f0       eml_debug_line_call        00000001800778f0 f   sfc_debug:sfcdebug.obj
 0001:00076aa0       sf_debug_terminate         0000000180077aa0 f   sfc_debug:sfcdebug.obj
 0001:00076c10       sf_debug_set_script_cv_ids 0000000180077c10 f   sfc_debug:sfcdebug.obj
 0001:00076d40       sf_debug_api               0000000180077d40 f   sfc_debug:sfc_api.obj
 0001:00078520       sf_debug_sm_terminate      0000000180079520 f   sfc_debug:sfdb_animation.obj
 0001:000786e0       sf_debug_reset_path_objects 00000001800796e0 f   sfc_debug:sfdb_animation.obj
 0001:00078760       sf_debug_sm_reset_object_selection_status 0000000180079760 f   sfc_debug:sfdb_animation.obj
 0001:00078800       sf_debug_sm_reset_state_buffer 0000000180079800 f   sfc_debug:sfdb_animation.obj
 0001:000788d0       sf_debug_sm_store_state_buffer 00000001800798d0 f   sfc_debug:sfdb_animation.obj
 0001:00078950       sf_debug_sm_restore_state_buffer1 0000000180079950 f   sfc_debug:sfdb_animation.obj
 0001:000789c0       sf_debug_sm_restore_state_buffer2 00000001800799c0 f   sfc_debug:sfdb_animation.obj
 0001:00078a30       sf_debug_sm_chart_active   0000000180079a30 f   sfc_debug:sfdb_animation.obj
 0001:00078a80       sf_debug_sm_select_active_objects 0000000180079a80 f   sfc_debug:sfdb_animation.obj
 0001:00078f30       sf_debug_sm_is_chart_active 0000000180079f30 f   sfc_debug:sfdb_animation.obj
 0001:00078f70       sf_debug_sm_is_state_active 0000000180079f70 f   sfc_debug:sfdb_animation.obj
 0001:000791b0       sf_debug_sm_get_active_states 000000018007a1b0 f   sfc_debug:sfdb_animation.obj
 0001:00079770       sf_debug_sm_initialize_instance 000000018007a770 f   sfc_debug:sfdb_animation.obj
 0001:000799c0       sf_debug_sm_change_object_selection_status 000000018007a9c0 f   sfc_debug:sfdb_animation.obj
 0001:00079cb0       cv_create_interface        000000018007acb0 f   sfc_debug:cv_sfinterface.obj
 0001:0007a010       cv_init_trans              000000018007b010 f   sfc_debug:cv_sfinterface.obj
 0001:0007a060       cv_init_testobjective      000000018007b060 f   sfc_debug:cv_sfinterface.obj
 0001:0007a0a0       cv_init_state              000000018007b0a0 f   sfc_debug:cv_sfinterface.obj
 0001:0007a110       cv_init_chart              000000018007b110 f   sfc_debug:cv_sfinterface.obj
 0001:0007a160       cv_dec_update_call         000000018007b160 f   sfc_debug:cv_sfinterface.obj
 0001:0007a1a0       cv_cond_update_call        000000018007b1a0 f   sfc_debug:cv_sfinterface.obj
 0001:0007a1e0       cv_testobjective_update_call 000000018007b1e0 f   sfc_debug:cv_sfinterface.obj
 0001:0007a220       cv_sigrange_update         000000018007b220 f   sfc_debug:cv_sfinterface.obj
 0001:0007a260       cvsf_eml_eval              000000018007b260 f   sfc_debug:cv_sfinterface.obj
 0001:0007a340       cvsf_eml_init_script       000000018007b340 f   sfc_debug:cv_sfinterface.obj
 0001:0007a3c0       cvsf_eml_init_fcn          000000018007b3c0 f   sfc_debug:cv_sfinterface.obj
 0001:0007a420       cvsf_eml_init_testobjective 000000018007b420 f   sfc_debug:cv_sfinterface.obj
 0001:0007a480       cvsf_eml_init_if           000000018007b480 f   sfc_debug:cv_sfinterface.obj
 0001:0007a4e0       cvsf_eml_init_for          000000018007b4e0 f   sfc_debug:cv_sfinterface.obj
 0001:0007a530       cvsf_eml_init_while        000000018007b530 f   sfc_debug:cv_sfinterface.obj
 0001:0007a580       cvsf_eml_init_mcdc         000000018007b580 f   sfc_debug:cv_sfinterface.obj
 0001:0007a610       cvsf_eml_init_switch       000000018007b610 f   sfc_debug:cv_sfinterface.obj
 0001:0007a680       cvsf_script_eval           000000018007b680 f   sfc_debug:cv_sfinterface.obj
 0001:0007a760       cvsf_script_init_script    000000018007b760 f   sfc_debug:cv_sfinterface.obj
 0001:0007a7e0       cvsf_script_init_fcn       000000018007b7e0 f   sfc_debug:cv_sfinterface.obj
 0001:0007a840       cvsf_script_init_testobjective 000000018007b840 f   sfc_debug:cv_sfinterface.obj
 0001:0007a8a0       cvsf_script_init_if        000000018007b8a0 f   sfc_debug:cv_sfinterface.obj
 0001:0007a900       cvsf_script_init_for       000000018007b900 f   sfc_debug:cv_sfinterface.obj
 0001:0007a950       cvsf_script_init_while     000000018007b950 f   sfc_debug:cv_sfinterface.obj
 0001:0007a9a0       cvsf_script_init_mcdc      000000018007b9a0 f   sfc_debug:cv_sfinterface.obj
 0001:0007aa30       cvsf_script_init_switch    000000018007ba30 f   sfc_debug:cv_sfinterface.obj
 0001:0007aaa0       cv_destroy_interface       000000018007baa0 f   sfc_debug:cv_sfinterface.obj
 0001:0007aac0       cv_create_instance_objects 000000018007bac0 f   sfc_debug:cv_sfinterface.obj
 0001:0007af70       cv_is_enabled              000000018007bf70 f   sfc_debug:cv_sfinterface.obj
 0001:0007af80       sf_debug_cv_initialize_script 000000018007bf80 f   sfc_debug:cv_sfinterface.obj
 0001:0007b130       sf_debug_cv_initialize_instance 000000018007c130 f   sfc_debug:cv_sfinterface.obj
 0001:0007b4d0       sf_debug_cv_terminate_chart 000000018007c4d0 f   sfc_debug:cv_sfinterface.obj
 0001:0007b610       cv_call_trans_test         000000018007c610 f   sfc_debug:cv_sfinterface.obj
 0001:0007b620       cv_call_sub_cond_test      000000018007c620 f   sfc_debug:cv_sfinterface.obj
 0001:0007b660       sf_debug_st_initialize_machine 000000018007c660 f   sfc_debug:sfdb_data_browse.obj
 0001:0007b720       sf_debug_st_initialize_instance 000000018007c720 f   sfc_debug:sfdb_data_browse.obj
 0001:0007b950       sf_debug_st_terminate      000000018007c950 f   sfc_debug:sfdb_data_browse.obj
 0001:0007bcf0       sf_debug_st_set_data_value_ptr_in_machine 000000018007ccf0 f   sfc_debug:sfdb_data_browse.obj
 0001:0007bd80       sf_debug_st_set_data_value_ptr_in_instance 000000018007cd80 f   sfc_debug:sfdb_data_browse.obj
 0001:0007be60       sf_debug_st_unset_data_value_ptr_in_machine 000000018007ce60 f   sfc_debug:sfdb_data_browse.obj
 0001:0007bed0       sf_debug_st_unset_data_value_ptr_in_instance 000000018007ced0 f   sfc_debug:sfdb_data_browse.obj
 0001:0007c1e0       sf_debug_mx_value          000000018007d1e0 f   sfc_debug:sfdb_data_browse.obj
 0001:0007c240       sf_debug_mx_packed_vector  000000018007d240 f   sfc_debug:sfdb_data_browse.obj
 0001:0007c320       sf_debug_mx_uint_vector    000000018007d320 f   sfc_debug:sfdb_data_browse.obj
 0001:0007c3e0       sf_debug_st_get_double_value_from_void_ptr_vector 000000018007d3e0 f   sfc_debug:sfdb_data_browse.obj
 0001:0007ced0       sf_debug_st_browse_data    000000018007ded0 f   sfc_debug:sfdb_data_browse.obj
 0001:0007d760       sf_debug_hm_initialize_instance 000000018007e760 f   sfc_debug:sfdb_handle_management.obj
 0001:0007dce0       sf_debug_hm_get_object_id  000000018007ece0 f   sfc_debug:sfdb_handle_management.obj
 0001:0007fc50       sf_debug_object_is_eml_function 0000000180080c50 f   sfc_debug:sfdb_handle_management.obj
 0001:0007fcc0       sf_debug_hm_initialize_ids_in_machine 0000000180080cc0 f   sfc_debug:sfdb_handle_management.obj
 0001:0007fe30       sf_debug_hm_initialize_ids_in_chart 0000000180080e30 f   sfc_debug:sfdb_handle_management.obj
 0001:0007ff70       sf_debug_hm_initialize_chart 0000000180080f70 f   sfc_debug:sfdb_handle_management.obj
 0001:00080720       sf_debug_hm_terminate      0000000180081720 f   sfc_debug:sfdb_handle_management.obj
 0001:00080780       sf_debug_hm_initialize_machine 0000000180081780 f   sfc_debug:sfdb_handle_management.obj
 0001:00080f30       sf_debug_ss_initialize     0000000180081f30 f   sfc_debug:sfdb_symbol_scope.obj
 0001:00080f50       sf_debug_ss_terminate      0000000180081f50 f   sfc_debug:sfdb_symbol_scope.obj
 0001:00080fe0       sf_debug_ss_push_symbol_scope 0000000180081fe0 f   sfc_debug:sfdb_symbol_scope.obj
 0001:000810e0       sf_debug_ss_push_symbol_scope_eml 00000001800820e0 f   sfc_debug:sfdb_symbol_scope.obj
 0001:00081140       sf_debug_ss_pop_symbol_scope 0000000180082140 f   sfc_debug:sfdb_symbol_scope.obj
 0001:000811f0       sf_debug_ss_add_symbol     00000001800821f0 f   sfc_debug:sfdb_symbol_scope.obj
 0001:00081350       sf_debug_ss_add_symbol_eml 0000000180082350 f   sfc_debug:sfdb_symbol_scope.obj
 0001:00082030       sf_debug_ss_set_data_value 0000000180083030 f   sfc_debug:sfdb_symbol_scope.obj
 0001:000824d0       sf_debug_ss_watch_data     00000001800834d0 f   sfc_debug:sfdb_symbol_scope.obj
 0001:00082570       sf_debug_ss_assign_data    0000000180083570 f   sfc_debug:sfdb_symbol_scope.obj
 0001:00082f70       get_data_entry_name        0000000180083f70 f   sfc_debug:sfdb_symbol_scope.obj
 0001:00082fc0       sf_debug_ss_whos           0000000180083fc0 f   sfc_debug:sfdb_symbol_scope.obj
 0001:000836d0       sf_debug_cc_initialize_chart 00000001800846d0 f   sfc_debug:sfdb_coverage.obj
 0001:000840c0       sf_debug_cc_initialize_instance 00000001800850c0 f   sfc_debug:sfdb_coverage.obj
 0001:00084ec0       sf_debug_cc_terminate      0000000180085ec0 f   sfc_debug:sfdb_coverage.obj
 0001:00084fb0       sf_debug_cc_set_transition_maps 0000000180085fb0 f   sfc_debug:sfdb_coverage.obj
 0001:000850e0       sf_debug_cc_set_state_maps 00000001800860e0 f   sfc_debug:sfdb_coverage.obj
 0001:000851c0       sf_debug_cc_set_transition_weights 00000001800861c0 f   sfc_debug:sfdb_coverage.obj
 0001:00085490       sf_debug_cc_set_state_weights 0000000180086490 f   sfc_debug:sfdb_coverage.obj
 0001:00085760       sf_debug_cc_mark_transition_guard 0000000180086760 f   sfc_debug:sfdb_coverage.obj
 0001:000857f0       sf_debug_cc_mark_transition_trigger 00000001800867f0 f   sfc_debug:sfdb_coverage.obj
 0001:00085880       sf_debug_cc_mark_transition_decision 0000000180086880 f   sfc_debug:sfdb_coverage.obj
 0001:000858f0       sf_debug_cc_mark_transition_condition_action 00000001800868f0 f   sfc_debug:sfdb_coverage.obj
 0001:00085940       sf_debug_cc_mark_transition_transition_action 0000000180086940 f   sfc_debug:sfdb_coverage.obj
 0001:00085990       sf_debug_cc_mark_state_entry 0000000180086990 f   sfc_debug:sfdb_coverage.obj
 0001:000859e0       sf_debug_cc_mark_state_during 00000001800869e0 f   sfc_debug:sfdb_coverage.obj
 0001:00085a30       sf_debug_cc_mark_state_exit 0000000180086a30 f   sfc_debug:sfdb_coverage.obj
 0001:00085a80       sf_debug_bm_clear_script_breakpoints 0000000180086a80 f   sfc_debug:sfdb_breakpoints.obj
 0001:00085ab0       sf_debug_bm_set_script_breakpoint 0000000180086ab0 f   sfc_debug:sfdb_breakpoints.obj
 0001:00085b30       sf_debug_bm_clear_single_script_breakpoint 0000000180086b30 f   sfc_debug:sfdb_breakpoints.obj
 0001:00085bb0       sf_debug_bm_query_script_breakpoint 0000000180086bb0 f   sfc_debug:sfdb_breakpoints.obj
 0001:00085c00       sf_debug_bm_initialize_scripts 0000000180086c00 f   sfc_debug:sfdb_breakpoints.obj
 0001:00086320       sf_debug_bm_terminate      0000000180087320 f   sfc_debug:sfdb_breakpoints.obj
 0001:00086610       sf_debug_bm_remove_all_breakpoints_in_machine 0000000180087610 f   sfc_debug:sfdb_breakpoints.obj
 0001:00086680       sf_debug_bm_remove_all_breakpoints_in_chart 0000000180087680 f   sfc_debug:sfdb_breakpoints.obj
 0001:000867d0       sf_debug_bm_initialize_global_breakpoints 00000001800877d0 f   sfc_debug:sfdb_breakpoints.obj
 0001:00086950       sf_debug_bm_set_breakpoint 0000000180087950 f   sfc_debug:sfdb_breakpoints.obj
 0001:00086f80       sf_debug_bm_set_eml_breakpoint 0000000180087f80 f   sfc_debug:sfdb_breakpoints.obj
 0001:00087020       sf_debug_bm_initialize_machine_breakpoint_map 0000000180088020 f   sfc_debug:sfdb_breakpoints.obj
 0001:00087440       sf_debug_bm_is_a_breakpoint 0000000180088440 f   sfc_debug:sfdb_breakpoints.obj
 0001:00087960       sf_debug_bm_get_all_breakpoints_in_machine 0000000180088960 f   sfc_debug:sfdb_breakpoints.obj
 0001:00087c60       sf_debug_bm_get_all_breakpoints_in_chart 0000000180088c60 f   sfc_debug:sfdb_breakpoints.obj
 0001:00088920       sf_debug_bm_initialize_machine 0000000180089920 f   sfc_debug:sfdb_breakpoints.obj
 0001:000889f0       sf_debug_bm_initialize_chart 00000001800899f0 f   sfc_debug:sfdb_breakpoints.obj
 0001:00088e10       sf_debug_sc_terminate      0000000180089e10 f   sfc_debug:sfdb_state_consistency.obj
 0001:00089140       sf_debug_sc_is_chart_consistent 000000018008a140 f   sfc_debug:sfdb_state_consistency.obj
 0001:000893f0       sf_debug_sc_get_consistency_error_info 000000018008a3f0 f   sfc_debug:sfdb_state_consistency.obj
 0001:00089840       sf_debug_tm_terminate      000000018008a840 f   sfc_debug:sfdb_call_stack.obj
 0001:00089900       sf_debug_tm_push_chart_instance 000000018008a900 f   sfc_debug:sfdb_call_stack.obj
 0001:00089a50       sf_debug_tm_pop_chart_instance 000000018008aa50 f   sfc_debug:sfdb_call_stack.obj
 0001:00089ab0       sf_debug_tm_push_trace_node 000000018008aab0 f   sfc_debug:sfdb_call_stack.obj
 0001:00089c40       sf_debug_tm_pop_trace_node 000000018008ac40 f   sfc_debug:sfdb_call_stack.obj
 0001:00089cc0       sf_debug_tm_get_current_global_trace_index 000000018008acc0 f   sfc_debug:sfdb_call_stack.obj
 0001:00089cd0       sf_debug_tm_get_current_local_trace_index 000000018008acd0 f   sfc_debug:sfdb_call_stack.obj
 0001:00089d00       sf_debug_tm_set_cycle_detected_flag 000000018008ad00 f   sfc_debug:sfdb_call_stack.obj
 0001:00089d40       sf_debug_tm_set_cycle_started_flag 000000018008ad40 f   sfc_debug:sfdb_call_stack.obj
 0001:00089d80       sf_debug_tm_get_chart_number_from_stack 000000018008ad80 f   sfc_debug:sfdb_call_stack.obj
 0001:00089f80       sf_debug_tm_browse_trace   000000018008af80 f   sfc_debug:sfdb_call_stack.obj
 0001:0008a2c0       sf_debug_cd_initialize_instance 000000018008b2c0 f   sfc_debug:sfdb_cycle_detection.obj
 0001:0008a570       sf_debug_cd_mark_processed_transition_in_instance 000000018008b570 f   sfc_debug:sfdb_cycle_detection.obj
 0001:0008a610       sf_debug_cd_checksum_push  000000018008b610 f   sfc_debug:sfdb_cycle_detection.obj
 0001:0008a8d0       sf_debug_cd_checksum_pop   000000018008b8d0 f   sfc_debug:sfdb_cycle_detection.obj
 0001:0008a940       sf_debug_cd_turn_off_cycle_detection 000000018008b940 f   sfc_debug:sfdb_cycle_detection.obj
 0001:0008a990       sf_debug_cd_terminate      000000018008b990 f   sfc_debug:sfdb_cycle_detection.obj
 0001:0008abd0       md5_initialize_state       000000018008bbd0 f   sfc_debug:ckmd5.obj
 0001:0008b640       md5_update_state           000000018008c640 f   sfc_debug:ckmd5.obj
 0001:0008b660       md5_get_hash               000000018008c660 f   sfc_debug:ckmd5.obj
 0001:0008b690       md5_get_hash_for_a_single_string 000000018008c690 f   sfc_debug:ckmd5.obj
 0001:0008b6f4       mxGetPr                    000000018008c6f4 f   libmx:libmx.dll
 0001:0008b6fa       mxCreateDoubleScalar       000000018008c6fa f   libmx:libmx.dll
 0001:0008b700       mxCreateDoubleMatrix_730   000000018008c700 f   libmx:libmx.dll
 0001:0008b706       mxSetField_730             000000018008c706 f   libmx:libmx.dll
 0001:0008b70c       mxCreateString             000000018008c70c f   libmx:libmx.dll
 0001:0008b712       mxCreateStructMatrix_730   000000018008c712 f   libmx:libmx.dll
 0001:0008b718       mxDestroyArray             000000018008c718 f   libmx:libmx.dll
 0001:0008b71e       mxDuplicateArray           000000018008c71e f   libmx:libmx.dll
 0001:0008b724       mxGetString_730            000000018008c724 f   libmx:libmx.dll
 0001:0008b72a       mxIsChar                   000000018008c72a f   libmx:libmx.dll
 0001:0008b730       mxGetClassID               000000018008c730 f   libmx:libmx.dll
 0001:0008b736       mxIsNumeric                000000018008c736 f   libmx:libmx.dll
 0001:0008b73c       mxIsComplex                000000018008c73c f   libmx:libmx.dll
 0001:0008b742       mxGetN                     000000018008c742 f   libmx:libmx.dll
 0001:0008b748       mxGetM                     000000018008c748 f   libmx:libmx.dll
 0001:0008b74e       mxCalloc                   000000018008c74e f   libmx:libmx.dll
 0001:0008b754       mxGetScalar                000000018008c754 f   libmx:libmx.dll
 0001:0008b75a       mxIsLogical                000000018008c75a f   libmx:libmx.dll
 0001:0008b760       mxCreateDoubleMatrix_700   000000018008c760 f   libmx:libmx.dll
 0001:0008b766       mxFree                     000000018008c766 f   libmx:libmx.dll
 0001:0008b76c       mxArrayToString            000000018008c76c f   libmx:libmx.dll
 0001:0008b772       mxCreateCellMatrix_700     000000018008c772 f   libmx:libmx.dll
 0001:0008b778       mxSetCell_700              000000018008c778 f   libmx:libmx.dll
 0001:0008b77e       mxGetCell_700              000000018008c77e f   libmx:libmx.dll
 0001:0008b784       mxGetClassName             000000018008c784 f   libmx:libmx.dll
 0001:0008b78a       mxSetField_700             000000018008c78a f   libmx:libmx.dll
 0001:0008b790       mxAddField                 000000018008c790 f   libmx:libmx.dll
 0001:0008b796       mxGetField_700             000000018008c796 f   libmx:libmx.dll
 0001:0008b79c       mxGetNumberOfElements      000000018008c79c f   libmx:libmx.dll
 0001:0008b7a2       mxIsStruct                 000000018008c7a2 f   libmx:libmx.dll
 0001:0008b7a8       mxIsA                      000000018008c7a8 f   libmx:libmx.dll
 0001:0008b7ae       mxIsClass                  000000018008c7ae f   libmx:libmx.dll
 0001:0008b7b4       mxGetLogicals              000000018008c7b4 f   libmx:libmx.dll
 0001:0008b7ba       mxIsSparse                 000000018008c7ba f   libmx:libmx.dll
 0001:0008b7c0       mxSetFieldByNumber_700     000000018008c7c0 f   libmx:libmx.dll
 0001:0008b7c6       mxGetFieldByNumber_700     000000018008c7c6 f   libmx:libmx.dll
 0001:0008b7cc       mxGetFieldNameByNumber     000000018008c7cc f   libmx:libmx.dll
 0001:0008b7d2       mxGetNumberOfFields        000000018008c7d2 f   libmx:libmx.dll
 0001:0008b7d8       mxCreateStructMatrix_700   000000018008c7d8 f   libmx:libmx.dll
 0001:0008b7de       mxGetFieldNumber           000000018008c7de f   libmx:libmx.dll
 0001:0008b7e4       mxIsNaN                    000000018008c7e4 f   libmx:libmx.dll
 0001:0008b7ea       mxIsEmpty                  000000018008c7ea f   libmx:libmx.dll
 0001:0008b7f0       mxGetData                  000000018008c7f0 f   libmx:libmx.dll
 0001:0008b7f6       mxGetImagData              000000018008c7f6 f   libmx:libmx.dll
 0001:0008b7fc       mxArrayClassIDName         000000018008c7fc f   libmx:libmx.dll
 0001:0008b802       mxCreateNumericMatrix_700  000000018008c802 f   libmx:libmx.dll
 0001:0008b808       mxCreateStructArray_700    000000018008c808 f   libmx:libmx.dll
 0001:0008b80e       mxCalcSingleSubscript_700  000000018008c80e f   libmx:libmx.dll
 0001:0008b814       mxGetDimensions_700        000000018008c814 f   libmx:libmx.dll
 0001:0008b81a       mxGetNumberOfDimensions_700 000000018008c81a f   libmx:libmx.dll
 0001:0008b820       mxCreateNumericArray_700   000000018008c820 f   libmx:libmx.dll
 0001:0008b826       mxGetElementSize           000000018008c826 f   libmx:libmx.dll
 0001:0008b82c       mxCreateStringFromNChars_700 000000018008c82c f   libmx:libmx.dll
 0001:0008b832       mxGetString_700            000000018008c832 f   libmx:libmx.dll
 0001:0008b838       mxIsLogicalScalarTrue      000000018008c838 f   libmx:libmx.dll
 0001:0008b83e       mxCreateLogicalScalar      000000018008c83e f   libmx:libmx.dll
 0001:0008b844       mexUnlock                  000000018008c844 f   libmex:libmex.dll
 0001:0008b84a       mexIsLocked                000000018008c84a f   libmex:libmex.dll
 0001:0008b850       mexWarnMsgTxt              000000018008c850 f   libmex:libmex.dll
 0001:0008b856       mexCallMATLAB              000000018008c856 f   libmex:libmex.dll
 0001:0008b85c       mexErrMsgTxt               000000018008c85c f   libmex:libmex.dll
 0001:0008b862       mexMakeArrayPersistent     000000018008c862 f   libmex:libmex.dll
 0001:0008b868       mexSetTrapFlag             000000018008c868 f   libmex:libmex.dll
 0001:0008b86e       mexPutVariable             000000018008c86e f   libmex:libmex.dll
 0001:0008b874       mexGetVariable             000000018008c874 f   libmex:libmex.dll
 0001:0008b87a       mexLock                    000000018008c87a f   libmex:libmex.dll
 0001:0008b880       mexMakeMemoryPersistent    000000018008c880 f   libmex:libmex.dll
 0001:0008b886       mexFunctionName            000000018008c886 f   libmex:libmex.dll
 0001:0008b88c       ssRegisterDataTypeFxpFSlopeFixExpBias 000000018008c88c f   libfixedpoint:libfixedpoint.dll
 0001:0008b892       utVSNprintf                000000018008c892 f   libut:libut.dll
 0001:0008b898       utCPUtime                  000000018008c898 f   libut:libut.dll
 0001:0008b89e       utFree                     000000018008c89e f   libut:libut.dll
 0001:0008b8a4       utMalloc                   000000018008c8a4 f   libut:libut.dll
 0001:0008b8aa       muDoubleScalarIsNaN        000000018008c8aa f   libmwmathutil:libmwmathutil.dll
 0001:0008b8b0       muDoubleScalarSqrt         000000018008c8b0 f   libmwmathutil:libmwmathutil.dll
 0001:0008b8b6       muDoubleScalarAbs          000000018008c8b6 f   libmwmathutil:libmwmathutil.dll
 0001:0008b8bc       muDoubleScalarExp          000000018008c8bc f   libmwmathutil:libmwmathutil.dll
 0001:0008b8c2       muDoubleScalarIsInf        000000018008c8c2 f   libmwmathutil:libmwmathutil.dll
 0001:0008b8c8       muDoubleScalarMax          000000018008c8c8 f   libmwmathutil:libmwmathutil.dll
 0001:0008b8ce       emlrtCheckBuiltInCtxR2011a 000000018008c8ce f   libemlrt:libemlrt.dll
 0001:0008b8d4       emlrtCheckVsBuiltInCtxR2011a 000000018008c8d4 f   libemlrt:libemlrt.dll
 0001:0008b8da       emlrtCheckEnumR2009a       000000018008c8da f   libemlrt:libemlrt.dll
 0001:0008b8e0       emlrtCreateEnumR2010a      000000018008c8e0 f   libemlrt:libemlrt.dll
 0001:0008b8e6       emlrtGetEnumElementR2009a  000000018008c8e6 f   libemlrt:libemlrt.dll
 0001:0008b8ec       emlrtCreateReference       000000018008c8ec f   libemlrt:libemlrt.dll
 0001:0008b8f2       emlrtImportVsFiArrayR2009b 000000018008c8f2 f   libemlrt:libemlrt.dll
 0001:0008b8f8       emlrtNameCapturePostProcessR2012a 000000018008c8f8 f   libemlrt:libemlrt.dll
 0001:0008b8fe       emlrtExtractMessageId      000000018008c8fe f   libemlrt:libemlrt.dll
 0001:0008b904       emlrtTranslateMessageIDtoLCPstring 000000018008c904 f   libemlrt:libemlrt.dll
 0001:0008b90a       emlrtForLoopVectorIsValidR2011b 000000018008c90a f   libemlrt:libemlrt.dll
 0001:0008b910       emlrtTranslateUTF16MessagetoLCPstring 000000018008c910 f   libemlrt:libemlrt.dll
 0001:0008b916       emlrtGetEnumUnderlyingArrayR2009a 000000018008c916 f   libemlrt:libemlrt.dll
 0001:0008b91c       emlrtIsEnumR2009a          000000018008c91c f   libemlrt:libemlrt.dll
 0001:0008b922       dgemm32                    000000018008c922 f   libmwblascompat32:libmwblascompat32.dll
 0001:0008b928       dgemv32                    000000018008c928 f   libmwblascompat32:libmwblascompat32.dll
 0001:0008b92e       drotg32                    000000018008c92e f   libmwblascompat32:libmwblascompat32.dll
 0001:0008b934       __GSHandlerCheckCommon     000000018008c934 f   MSVCRT:gshandler.obj
 0001:0008b998       __GSHandlerCheck           000000018008c998 f   MSVCRT:gshandler.obj
 0001:0008b9b6       strlen                     000000018008c9b6 f   MSVCRT:MSVCR100.dll
 0001:0008b9d0       __security_check_cookie    000000018008c9d0 f   MSVCRT:amdsecgs.obj
 0001:0008ba00       _alloca_probe              000000018008ca00     MSVCRT:chkstk.obj
 0001:0008ba00       __chkstk                   000000018008ca00 f   MSVCRT:chkstk.obj
 0001:0008ba4e       memset                     000000018008ca4e f   MSVCRT:MSVCR100.dll
 0001:0008ba54       malloc                     000000018008ca54 f   MSVCRT:MSVCR100.dll
 0001:0008ba5a       free                       000000018008ca5a f   MSVCRT:MSVCR100.dll
 0001:0008ba60       strcmp                     000000018008ca60 f   MSVCRT:MSVCR100.dll
 0001:0008ba66       sprintf                    000000018008ca66 f   MSVCRT:MSVCR100.dll
 0001:0008ba6c       strcat                     000000018008ca6c f   MSVCRT:MSVCR100.dll
 0001:0008ba72       memcpy                     000000018008ca72 f   MSVCRT:MSVCR100.dll
 0001:0008ba78       NtCurrentTeb               000000018008ca78 f i MSVCRT:crtdll.obj
 0001:0008bae4       _CRT_INIT                  000000018008cae4 f   MSVCRT:crtdll.obj
 0001:0008be7c       _DllMainCRTStartup         000000018008ce7c f   MSVCRT:crtdll.obj
 0001:0008beba       strncpy                    000000018008ceba f   MSVCRT:MSVCR100.dll
 0001:0008bec0       longjmp                    000000018008cec0 f   MSVCRT:MSVCR100.dll
 0001:0008bec6       strncmp                    000000018008cec6 f   MSVCRT:MSVCR100.dll
 0001:0008becc       ceil                       000000018008cecc f   MSVCRT:MSVCR100.dll
 0001:0008bed2       strrchr                    000000018008ced2 f   MSVCRT:MSVCR100.dll
 0001:0008bed8       _setjmp                    000000018008ced8 f   MSVCRT:MSVCR100.dll
 0001:0008bede       calloc                     000000018008cede f   MSVCRT:MSVCR100.dll
 0001:0008bee4       realloc                    000000018008cee4 f   MSVCRT:MSVCR100.dll
 0001:0008beea       ldexp                      000000018008ceea f   MSVCRT:MSVCR100.dll
 0001:0008bef0       __report_gsfailure         000000018008cef0 f   MSVCRT:gs_report.obj
 0001:0008c03c       __clean_type_info_names    000000018008d03c f   MSVCRT:tncleanup.obj
 0001:0008c048       _onexit                    000000018008d048 f   MSVCRT:atonexit.obj
 0001:0008c0f8       atexit                     000000018008d0f8 f   MSVCRT:atonexit.obj
 0001:0008c110       _RTC_Initialize            000000018008d110 f   MSVCRT:_initsect_.obj
 0001:0008c148       _RTC_Terminate             000000018008d148 f   MSVCRT:_initsect_.obj
 0001:0008c180       _malloc_crt                000000018008d180 f   MSVCRT:MSVCR100.dll
 0001:0008c190       _ValidateImageBase         000000018008d190 f   MSVCRT:pesect.obj
 0001:0008c1c0       _FindPESection             000000018008d1c0 f   MSVCRT:pesect.obj
 0001:0008c210       _IsNonwritableInCurrentImage 000000018008d210 f   MSVCRT:pesect.obj
 0001:0008c252       _initterm                  000000018008d252 f   MSVCRT:MSVCR100.dll
 0001:0008c258       _initterm_e                000000018008d258 f   MSVCRT:MSVCR100.dll
 0001:0008c25e       _encoded_null              000000018008d25e f   MSVCRT:MSVCR100.dll
 0001:0008c264       _amsg_exit                 000000018008d264 f   MSVCRT:MSVCR100.dll
 0001:0008c26a       __C_specific_handler       000000018008d26a f   MSVCRT:MSVCR100.dll
 0001:0008c270       __CppXcptFilter            000000018008d270 f   MSVCRT:MSVCR100.dll
 0001:0008c278       DllMain                    000000018008d278 f   MSVCRT:dllmain.obj
 0001:0008c29c       __security_init_cookie     000000018008d29c f   MSVCRT:gs_support.obj
 0001:0008c350       __crt_debugger_hook        000000018008d350 f   MSVCRT:MSVCR100.dll
 0001:0008c356       __clean_type_info_names_internal 000000018008d356 f   MSVCRT:MSVCR100.dll
 0001:0008c35c       _unlock                    000000018008d35c f   MSVCRT:MSVCR100.dll
 0001:0008c362       __dllonexit                000000018008d362 f   MSVCRT:MSVCR100.dll
 0001:0008c368       _lock                      000000018008d368 f   MSVCRT:MSVCR100.dll
 0001:0008c36e       EncodePointer              000000018008d36e f   kernel32:KERNEL32.dll
 0001:0008c374       DecodePointer              000000018008d374 f   kernel32:KERNEL32.dll
 0001:0008c37a       Sleep                      000000018008d37a f   kernel32:KERNEL32.dll
 0001:0008c380       TerminateProcess           000000018008d380 f   kernel32:KERNEL32.dll
 0001:0008c386       GetCurrentProcess          000000018008d386 f   kernel32:KERNEL32.dll
 0001:0008c38c       UnhandledExceptionFilter   000000018008d38c f   kernel32:KERNEL32.dll
 0001:0008c392       SetUnhandledExceptionFilter 000000018008d392 f   kernel32:KERNEL32.dll
 0001:0008c398       IsDebuggerPresent          000000018008d398 f   kernel32:KERNEL32.dll
 0001:0008c39e       RtlVirtualUnwind           000000018008d39e f   kernel32:KERNEL32.dll
 0001:0008c3a4       RtlLookupFunctionEntry     000000018008d3a4 f   kernel32:KERNEL32.dll
 0001:0008c3aa       RtlCaptureContext          000000018008d3aa f   kernel32:KERNEL32.dll
 0001:0008c3b0       DisableThreadLibraryCalls  000000018008d3b0 f   kernel32:KERNEL32.dll
 0001:0008c3b6       QueryPerformanceCounter    000000018008d3b6 f   kernel32:KERNEL32.dll
 0001:0008c3bc       GetTickCount               000000018008d3bc f   kernel32:KERNEL32.dll
 0001:0008c3c2       GetCurrentThreadId         000000018008d3c2 f   kernel32:KERNEL32.dll
 0001:0008c3c8       GetCurrentProcessId        000000018008d3c8 f   kernel32:KERNEL32.dll
 0001:0008c3ce       GetSystemTimeAsFileTime    000000018008d3ce f   kernel32:KERNEL32.dll
 0002:00000000       __imp_DisableThreadLibraryCalls 000000018008e000     kernel32:KERNEL32.dll
 0002:00000008       __imp_RtlCaptureContext    000000018008e008     kernel32:KERNEL32.dll
 0002:00000010       __imp_RtlLookupFunctionEntry 000000018008e010     kernel32:KERNEL32.dll
 0002:00000018       __imp_RtlVirtualUnwind     000000018008e018     kernel32:KERNEL32.dll
 0002:00000020       __imp_IsDebuggerPresent    000000018008e020     kernel32:KERNEL32.dll
 0002:00000028       __imp_SetUnhandledExceptionFilter 000000018008e028     kernel32:KERNEL32.dll
 0002:00000030       __imp_UnhandledExceptionFilter 000000018008e030     kernel32:KERNEL32.dll
 0002:00000038       __imp_GetCurrentProcess    000000018008e038     kernel32:KERNEL32.dll
 0002:00000040       __imp_TerminateProcess     000000018008e040     kernel32:KERNEL32.dll
 0002:00000048       __imp_Sleep                000000018008e048     kernel32:KERNEL32.dll
 0002:00000050       __imp_DecodePointer        000000018008e050     kernel32:KERNEL32.dll
 0002:00000058       __imp_EncodePointer        000000018008e058     kernel32:KERNEL32.dll
 0002:00000060       __imp_GetTickCount         000000018008e060     kernel32:KERNEL32.dll
 0002:00000068       __imp_GetCurrentThreadId   000000018008e068     kernel32:KERNEL32.dll
 0002:00000070       __imp_GetCurrentProcessId  000000018008e070     kernel32:KERNEL32.dll
 0002:00000078       __imp_GetSystemTimeAsFileTime 000000018008e078     kernel32:KERNEL32.dll
 0002:00000080       __imp_QueryPerformanceCounter 000000018008e080     kernel32:KERNEL32.dll
 0002:00000088       \177KERNEL32_NULL_THUNK_DATA 000000018008e088     kernel32:KERNEL32.dll
 0002:00000090       __imp__onexit              000000018008e090     MSVCRT:MSVCR100.dll
 0002:00000098       __imp__lock                000000018008e098     MSVCRT:MSVCR100.dll
 0002:000000a0       __imp___dllonexit          000000018008e0a0     MSVCRT:MSVCR100.dll
 0002:000000a8       __imp__unlock              000000018008e0a8     MSVCRT:MSVCR100.dll
 0002:000000b0       __imp___clean_type_info_names_internal 000000018008e0b0     MSVCRT:MSVCR100.dll
 0002:000000b8       __imp___crt_debugger_hook  000000018008e0b8     MSVCRT:MSVCR100.dll
 0002:000000c0       __imp___CppXcptFilter      000000018008e0c0     MSVCRT:MSVCR100.dll
 0002:000000c8       __imp___C_specific_handler 000000018008e0c8     MSVCRT:MSVCR100.dll
 0002:000000d0       __imp__amsg_exit           000000018008e0d0     MSVCRT:MSVCR100.dll
 0002:000000d8       __imp__encoded_null        000000018008e0d8     MSVCRT:MSVCR100.dll
 0002:000000e0       __imp__initterm_e          000000018008e0e0     MSVCRT:MSVCR100.dll
 0002:000000e8       __imp__initterm            000000018008e0e8     MSVCRT:MSVCR100.dll
 0002:000000f0       __imp__malloc_crt          000000018008e0f0     MSVCRT:MSVCR100.dll
 0002:000000f8       __imp_ldexp                000000018008e0f8     MSVCRT:MSVCR100.dll
 0002:00000100       __imp_realloc              000000018008e100     MSVCRT:MSVCR100.dll
 0002:00000108       __imp_calloc               000000018008e108     MSVCRT:MSVCR100.dll
 0002:00000110       __imp__setjmp              000000018008e110     MSVCRT:MSVCR100.dll
 0002:00000118       __imp_strrchr              000000018008e118     MSVCRT:MSVCR100.dll
 0002:00000120       __imp_ceil                 000000018008e120     MSVCRT:MSVCR100.dll
 0002:00000128       __imp_strncmp              000000018008e128     MSVCRT:MSVCR100.dll
 0002:00000130       __imp_longjmp              000000018008e130     MSVCRT:MSVCR100.dll
 0002:00000138       __imp_strncpy              000000018008e138     MSVCRT:MSVCR100.dll
 0002:00000140       __imp_memcpy               000000018008e140     MSVCRT:MSVCR100.dll
 0002:00000148       __imp_strcat               000000018008e148     MSVCRT:MSVCR100.dll
 0002:00000150       __imp_sprintf              000000018008e150     MSVCRT:MSVCR100.dll
 0002:00000158       __imp_strcmp               000000018008e158     MSVCRT:MSVCR100.dll
 0002:00000160       __imp_free                 000000018008e160     MSVCRT:MSVCR100.dll
 0002:00000168       __imp_malloc               000000018008e168     MSVCRT:MSVCR100.dll
 0002:00000170       __imp_memset               000000018008e170     MSVCRT:MSVCR100.dll
 0002:00000178       __imp_strlen               000000018008e178     MSVCRT:MSVCR100.dll
 0002:00000180       \177MSVCR100_NULL_THUNK_DATA 000000018008e180     MSVCRT:MSVCR100.dll
 0002:00000188       __imp_emlrtGetEnumElementR2009a 000000018008e188     libemlrt:libemlrt.dll
 0002:00000190       __imp_emlrtCreateEnumR2010a 000000018008e190     libemlrt:libemlrt.dll
 0002:00000198       __imp_emlrtCheckEnumR2009a 000000018008e198     libemlrt:libemlrt.dll
 0002:000001a0       __imp_emlrtCheckVsBuiltInCtxR2011a 000000018008e1a0     libemlrt:libemlrt.dll
 0002:000001a8       __imp_emlrtIsEnumR2009a    000000018008e1a8     libemlrt:libemlrt.dll
 0002:000001b0       __imp_emlrtGetEnumUnderlyingArrayR2009a 000000018008e1b0     libemlrt:libemlrt.dll
 0002:000001b8       __imp_emlrtTranslateUTF16MessagetoLCPstring 000000018008e1b8     libemlrt:libemlrt.dll
 0002:000001c0       __imp_emlrtCheckBuiltInCtxR2011a 000000018008e1c0     libemlrt:libemlrt.dll
 0002:000001c8       __imp_emlrtImportVsFiArrayR2009b 000000018008e1c8     libemlrt:libemlrt.dll
 0002:000001d0       __imp_emlrtNameCapturePostProcessR2012a 000000018008e1d0     libemlrt:libemlrt.dll
 0002:000001d8       __imp_emlrtExtractMessageId 000000018008e1d8     libemlrt:libemlrt.dll
 0002:000001e0       __imp_emlrtTranslateMessageIDtoLCPstring 000000018008e1e0     libemlrt:libemlrt.dll
 0002:000001e8       __imp_emlrtForLoopVectorIsValidR2011b 000000018008e1e8     libemlrt:libemlrt.dll
 0002:000001f0       __imp_emlrtCreateReference 000000018008e1f0     libemlrt:libemlrt.dll
 0002:000001f8       \177libemlrt_NULL_THUNK_DATA 000000018008e1f8     libemlrt:libemlrt.dll
 0002:00000200       __imp_ssRegisterDataTypeFxpFSlopeFixExpBias 000000018008e200     libfixedpoint:libfixedpoint.dll
 0002:00000208       \177libfixedpoint_NULL_THUNK_DATA 000000018008e208     libfixedpoint:libfixedpoint.dll
 0002:00000210       __imp_mexGetVariable       000000018008e210     libmex:libmex.dll
 0002:00000218       __imp_mexFunctionName      000000018008e218     libmex:libmex.dll
 0002:00000220       __imp_mexPutVariable       000000018008e220     libmex:libmex.dll
 0002:00000228       __imp_mexMakeMemoryPersistent 000000018008e228     libmex:libmex.dll
 0002:00000230       __imp_mexLock              000000018008e230     libmex:libmex.dll
 0002:00000238       __imp_mexMakeArrayPersistent 000000018008e238     libmex:libmex.dll
 0002:00000240       __imp_mexErrMsgTxt         000000018008e240     libmex:libmex.dll
 0002:00000248       __imp_mexCallMATLAB        000000018008e248     libmex:libmex.dll
 0002:00000250       __imp_mexWarnMsgTxt        000000018008e250     libmex:libmex.dll
 0002:00000258       __imp_mexIsLocked          000000018008e258     libmex:libmex.dll
 0002:00000260       __imp_mexUnlock            000000018008e260     libmex:libmex.dll
 0002:00000268       __imp_mexSetTrapFlag       000000018008e268     libmex:libmex.dll
 0002:00000270       \177libmex_NULL_THUNK_DATA 000000018008e270     libmex:libmex.dll
 0002:00000278       __imp_drotg32              000000018008e278     libmwblascompat32:libmwblascompat32.dll
 0002:00000280       __imp_dgemv32              000000018008e280     libmwblascompat32:libmwblascompat32.dll
 0002:00000288       __imp_dgemm32              000000018008e288     libmwblascompat32:libmwblascompat32.dll
 0002:00000290       \177libmwblascompat32_NULL_THUNK_DATA 000000018008e290     libmwblascompat32:libmwblascompat32.dll
 0002:00000298       __imp_muDoubleScalarIsNaN  000000018008e298     libmwmathutil:libmwmathutil.dll
 0002:000002a0       __imp_muDoubleScalarIsInf  000000018008e2a0     libmwmathutil:libmwmathutil.dll
[...]
 0001:00063a70       sf_numeric_value_to_double 0000000180064a70 f   sfc_mex:sfc_mex.obj
 0001:00063ac0       ml_generic_out_of_bounds_check 0000000180064ac0 f   sfc_mex:sfc_mex.obj
 0001:00063c90       ml_get_element_value_from_array 0000000180064c90 f   sfc_mex:sfc_mex.obj
 0001:00064030       _ml_generic_castability_check 0000000180065030 f   sfc_mex:sfc_mex.obj
 0001:00064d90       ml_generic_castability_check 0000000180065d90 f   sfc_mex:sfc_mex.obj
 0001:00064e30       ml_check_mx_array_for_single_castability 0000000180065e30 f   sfc_mex:sfc_mex.obj
 0001:00064ed0       ml_check_mx_array_for_logical_castability 0000000180065ed0 f   sfc_mex:sfc_mex.obj
 0001:00064f70       ml_check_mx_array_for_int8_castability 0000000180065f70 f   sfc_mex:sfc_mex.obj
 0001:00065020       ml_check_mx_array_for_uint8_castability 0000000180066020 f   sfc_mex:sfc_mex.obj
 0001:00065080       ml_check_mx_array_for_int16_castability 0000000180066080 f   sfc_mex:sfc_mex.obj
 0001:000650e0       ml_check_mx_array_for_uint16_castability 00000001800660e0 f   sfc_mex:sfc_mex.obj
 0001:00065140       ml_check_mx_array_for_int32_castability 0000000180066140 f   sfc_mex:sfc_mex.obj
 0001:000651a0       ml_check_mx_array_for_uint32_castability 00000001800661a0 f   sfc_mex:sfc_mex.obj
 0001:00065200       ml_check_mx_array_for_castability 0000000180066200 f   sfc_mex:sfc_mex.obj
 0001:00065b30       set_data_value             0000000180066b30 f   sfc_mex:sfc_mex.obj
 0001:00065ea0       get_data_value             0000000180066ea0 f   sfc_mex:sfc_mex.obj
 0001:00065fb0       get_next_element_address   0000000180066fb0 f   sfc_mex:sfc_mex.obj
 0001:00066080       sf_normalize_index         0000000180067080 f   sfc_mex:sfc_mex.obj
 0001:00066410       ml_array_index_bound_check 0000000180067410 f   sfc_mex:sfc_mex.obj
 0001:00066f30       mx_value                   0000000180067f30 f   sfc_mex:sfc_mex.obj
 0001:00066f80       sf_create_numeric_array    0000000180067f80 f   sfc_mex:sfc_mex.obj
 0001:00067020       sf_mex_assign_to_mx_array  0000000180068020 f   sfc_mex:sfc_mex.obj
 0001:00067370       assign_from_mx_array       0000000180068370 f   sfc_mex:sfc_mex.obj
 0001:00067ba0       sf_mex_import_v            0000000180068ba0 f   sfc_mex:sfc_mex.obj
 0001:000682a0       get_machine_and_chart_file_number 00000001800692a0 f   sfc_mex:sfc_sf.obj
 0001:00068390       get_sfun_block_specialization 0000000180069390 f   sfc_mex:sfc_sf.obj
 0001:00068440       call_sf_machine_global_method_dispatcher 0000000180069440 f   sfc_mex:sfc_sf.obj
 0001:00068690       mdl_zeroCrossings_processing 0000000180069690 f   sfc_mex:sfc_sf.obj
 0001:00068760       mdl_derivatives_processing 0000000180069760 f   sfc_mex:sfc_sf.obj
 0001:00068a20       mdl_outputs_continuous_legacy 0000000180069a20 f   sfc_mex:sfc_sf.obj
 0001:00068aa0       mdl_outputs_processing     0000000180069aa0 f   sfc_mex:sfc_sf.obj
 0001:00068cd0       mdl_enable_processing      0000000180069cd0 f   sfc_mex:sfc_sf.obj
 0001:00068da0       mdl_disable_processing     0000000180069da0 f   sfc_mex:sfc_sf.obj
 0001:00069b10       sf_call_output_fcn_enable_disable 000000018006ab10 f   sfc_mex:sfc_sf.obj
 0001:00069d90       set_dwork_information_from_mx_array 000000018006ad90 f   sfc_mex:sfc_sf.obj
 0001:0006a650       ptr2mxStruct               000000018006b650 f   sfc_mex:sfc_sf.obj
 0001:0006a960       SNPRINTF_WRAPPER           000000018006b960 f   sfc_debug:sfcdebug.obj
 0001:0006a980       sf_debug_chart_instance_initialized_quick 000000018006b980 f   sfc_debug:sfcdebug.obj
 0001:0006a990       sf_debug_chart_instance_initialized 000000018006b990 f   sfc_debug:sfcdebug.obj
 0001:0006ab30       sfrtAddSize                000000018006bb30 f   sfc_debug:sfcdebug.obj
 0001:0006abf0       sfrtGenSizeString          000000018006bbf0 f   sfc_debug:sfcdebug.obj
 0001:0006b300       fill_single_message_info   000000018006c300 f   sfc_debug:sfcdebug.obj
 0001:0006b4c0       sf_debug_sim_status_listener 000000018006c4c0 f   sfc_debug:sfcdebug.obj
 0001:0006ba30       sf_debug_form_mask_bits    000000018006ca30 f   sfc_debug:sfcdebug.obj
 0001:0006ba70       sf_debug_form_sf_data_type_offsets 000000018006ca70 f   sfc_debug:sfcdebug.obj
 0001:0006bb30       sf_debug_free_all          000000018006cb30 f   sfc_debug:sfcdebug.obj
 0001:0006bce0       sf_debug_append_debugger_context 000000018006cce0 f   sfc_debug:sfcdebug.obj
 0001:0006bfa0       local_strdup               000000018006cfa0 f   sfc_debug:sfcdebug.obj
 0001:0006ce80       sf_debug_em_terminate      000000018006de80 f   sfc_debug:sfcdebug.obj
 0001:0006cec0       sf_debug_push_eml_function 000000018006dec0 f   sfc_debug:sfcdebug.obj
 0001:0006cf60       sf_debug_pop_eml_function  000000018006df60 f   sfc_debug:sfcdebug.obj
 0001:0006dc60       sf_debug_get_machine_number_from_id_or_name 000000018006ec60 f   sfc_debug:sfcdebug.obj
 0001:0006ddb0       sf_debug_get_chart_number_from_id 000000018006edb0 f   sfc_debug:sfcdebug.obj
 0001:0006ea20       sf_debug_transfer_control_to_debugger_GUI 000000018006fa20 f   sfc_debug:sfcdebug.obj
 0001:0006f9b0       sf_debug_scripts_rehash    00000001800709b0 f   sfc_debug:sfcdebug.obj
 0001:0006fbf0       sf_debug_get_script_line_count 0000000180070bf0 f   sfc_debug:sfcdebug.obj
 0001:00070520       cv_eml_state_cvId          0000000180071520 f   sfc_debug:sfcdebug.obj
 0001:00070590       cv_eml_trans_cvId          0000000180071590 f   sfc_debug:sfcdebug.obj
 0001:00071850       sf_debug_data_array_bounds_error 0000000180072850 f   sfc_debug:sfcdebug.obj
 0001:00071c80       eml_debug_runtime_error_doclink 0000000180072c80 f   sfc_debug:sfcdebug.obj
 0001:00071e00       sf_debug_runtime_error     0000000180072e00 f   sfc_debug:sfcdebug.obj
 0001:00071e70       sf_debug_matlab_error      0000000180072e70 f   sfc_debug:sfcdebug.obj
 0001:000727a0       sf_debug_data_value_error  00000001800737a0 f   sfc_debug:sfcdebug.obj
 0001:000730a0       sf_debug_data_loss_error   00000001800740a0 f   sfc_debug:sfcdebug.obj
 0001:00073fc0       call_cv_range_check        0000000180074fc0 f   sfc_debug:sfcdebug.obj
 0001:00074790       sf_debug_invoke_cycle_detection_code 0000000180075790 f   sfc_debug:sfcdebug.obj
 0001:00075870       sf_reset_debug_info_struct 0000000180076870 f   sfc_debug:sfcdebug.obj
 0001:00076160       cv_script_cvId             0000000180077160 f   sfc_debug:sfcdebug.obj
 0001:00076eb0       sfc_api_chart_visible      0000000180077eb0 f   sfc_debug:sfc_api.obj
 0001:00076f30       sfc_api_active_instance    0000000180077f30 f   sfc_debug:sfc_api.obj
 0001:00076fb0       sfc_api_machine_load       0000000180077fb0 f   sfc_debug:sfc_api.obj
 0001:00077080       sfc_api_debugger_alive     0000000180078080 f   sfc_debug:sfc_api.obj
 0001:00077090       sfc_api_go                 0000000180078090 f   sfc_debug:sfc_api.obj
 0001:000770a0       sfc_api_step_over          00000001800780a0 f   sfc_debug:sfc_api.obj
 0001:000770b0       sfc_api_step_out           00000001800780b0 f   sfc_debug:sfc_api.obj
 0001:000770c0       sfc_api_resume             00000001800780c0 f   sfc_debug:sfc_api.obj
 0001:000770d0       sfc_api_break              00000001800780d0 f   sfc_debug:sfc_api.obj
 0001:000770e0       sfc_api_stop_debugging     00000001800780e0 f   sfc_debug:sfc_api.obj
 0001:00077130       sfc_api_is_cycle_detected  0000000180078130 f   sfc_debug:sfc_api.obj
 0001:00077180       sfc_api_is_array_bounds_detected 0000000180078180 f   sfc_debug:sfc_api.obj
 0001:000771d0       sfc_api_set_disable_all_breakpoints 00000001800781d0 f   sfc_debug:sfc_api.obj
 0001:00077240       sfc_api_disable_all_breakpoints_and_go 0000000180078240 f   sfc_debug:sfc_api.obj
 0001:00077250       sfc_api_close              0000000180078250 f   sfc_debug:sfc_api.obj
 0001:00077260       sfc_api_browse_data        0000000180078260 f   sfc_debug:sfc_api.obj
 0001:000772d0       sfc_api_watch_data         00000001800782d0 f   sfc_debug:sfc_api.obj
 0001:00077370       sfc_api_extract_message_post_receive_info 0000000180078370 f   sfc_debug:sfc_api.obj
 0001:00077390       sfc_api_assign_data        0000000180078390 f   sfc_debug:sfc_api.obj
 0001:00077430       sfc_api_whos               0000000180078430 f   sfc_debug:sfc_api.obj
 0001:000774c0       sfc_api_get_consistency_info 00000001800784c0 f   sfc_debug:sfc_api.obj
 0001:000774d0       sfc_api_browse_trace       00000001800784d0 f   sfc_debug:sfc_api.obj
 0001:000774e0       sfc_api_break_on_chart_entry 00000001800784e0 f   sfc_debug:sfc_api.obj
 0001:00077500       sfc_api_break_on_event_broadcast 0000000180078500 f   sfc_debug:sfc_api.obj
 0001:00077520       sfc_api_break_on_state_entry 0000000180078520 f   sfc_debug:sfc_api.obj
 0001:00077540       sfc_api_set_watch          0000000180078540 f   sfc_debug:sfc_api.obj
 0001:000775e0       sfc_api_set_breakpoints    00000001800785e0 f   sfc_debug:sfc_api.obj
 0001:00077680       sfc_api_set_eml_breakpoints 0000000180078680 f   sfc_debug:sfc_api.obj
 0001:00077700       sfc_api_set_script_breakpoints 0000000180078700 f   sfc_debug:sfc_api.obj
 0001:00077750       sfc_api_add_script_breakpoints 0000000180078750 f   sfc_debug:sfc_api.obj
 0001:000777a0       sfc_api_clear_script_breakpoints 00000001800787a0 f   sfc_debug:sfc_api.obj
 0001:000777f0       sfc_api_query_script_breakpoints 00000001800787f0 f   sfc_debug:sfc_api.obj
 0001:00077850       sfc_api_get_script_id      0000000180078850 f   sfc_debug:sfc_api.obj
 0001:00077910       sfc_api_get_active_states  0000000180078910 f   sfc_debug:sfc_api.obj
 0001:00077990       sfc_api_break_between_times 0000000180078990 f   sfc_debug:sfc_api.obj
 0001:000779f0       sfc_api_get_instance_handle 00000001800789f0 f   sfc_debug:sfc_api.obj
 0001:00077aa0       sfc_api_set_animation      0000000180078aa0 f   sfc_debug:sfc_api.obj
 0001:00077af0       sfc_api_select_chart       0000000180078af0 f   sfc_debug:sfc_api.obj
 0001:00077b50       sfc_api_select_charts      0000000180078b50 f   sfc_debug:sfc_api.obj
 0001:00077b80       sfc_api_cycle_detection_check 0000000180078b80 f   sfc_debug:sfc_api.obj
 0001:00077bd0       sfc_api_data_range_check   0000000180078bd0 f   sfc_debug:sfc_api.obj
 0001:00077c20       sfc_api_transition_conflict_check 0000000180078c20 f   sfc_debug:sfc_api.obj
 0001:00077c70       sfc_api_state_consistency_check 0000000180078c70 f   sfc_debug:sfc_api.obj
 0001:00077cc0       sfc_api_set_instance_cv_ids 0000000180078cc0 f   sfc_debug:sfc_api.obj
 0001:00077dd0       sfc_api_set_script_cv_ids  0000000180078dd0 f   sfc_debug:sfc_api.obj
 0001:00077e80       sfc_api_get_current_machine_id 0000000180078e80 f   sfc_debug:sfc_api.obj
 0001:00077eb0       sfc_api_get_current_machine_number 0000000180078eb0 f   sfc_debug:sfc_api.obj
 0001:00077ee0       sfc_api_get_current_chart_number 0000000180078ee0 f   sfc_debug:sfc_api.obj
 0001:00077f10       sfc_api_get_current_instance_number 0000000180078f10 f   sfc_debug:sfc_api.obj
 0001:00077f40       sfc_api_get_current_instance_handle 0000000180078f40 f   sfc_debug:sfc_api.obj
 0001:00077f60       sfc_api_get_current_is_minor_time_step 0000000180078f60 f   sfc_debug:sfc_api.obj
 0001:00077f90       sfc_api_get_current_machine_name 0000000180078f90 f   sfc_debug:sfc_api.obj
 0001:00077fb0       sfc_api_get_current_chart_id 0000000180078fb0 f   sfc_debug:sfc_api.obj
 0001:00077fe0       sfc_api_get_current_object_type 0000000180078fe0 f   sfc_debug:sfc_api.obj
 0001:00078010       sfc_api_get_current_event_type 0000000180079010 f   sfc_debug:sfc_api.obj
 0001:00078040       sfc_api_get_current_object_id 0000000180079040 f   sfc_debug:sfc_api.obj
 0001:00078070       sfc_get_current_active_event_type 0000000180079070 f   sfc_debug:sfc_api.obj
 0001:000780a0       sfc_api_get_current_active_event_id 00000001800790a0 f   sfc_debug:sfc_api.obj
 0001:000780d0       sfc_api_get_current_simulation_time 00000001800790d0 f   sfc_debug:sfc_api.obj
 0001:000780f0       sfc_get_current_tag_type   00000001800790f0 f   sfc_debug:sfc_api.obj
 0001:00078120       sfc_get_current_coverage_percentage 0000000180079120 f   sfc_debug:sfc_api.obj
 0001:00078140       sfc_get_current_statement_context 0000000180079140 f   sfc_debug:sfc_api.obj
 0001:00078160       sfc_get_current_optional_integer 0000000180079160 f   sfc_debug:sfc_api.obj
 0001:00078190       sfc_get_current_statement_info 0000000180079190 f   sfc_debug:sfc_api.obj
 0001:00078230       sfc_api_get                0000000180079230 f   sfc_debug:sfc_api.obj
 0001:00078390       sf_debug_sm_is_using_unified_editors 0000000180079390 f   sfc_debug:sfdb_animation.obj
 0001:00078430       sf_debug_sm_is_chart_visible_in_unified_editors 0000000180079430 f   sfc_debug:sfdb_animation.obj
 0001:000784f0       sf_debug_sm_check_if_chart_is_visible 00000001800794f0 f   sfc_debug:sfdb_animation.obj
 0001:00078ff0       sf_debug_sm_fill_state_activity_data 0000000180079ff0 f   sfc_debug:sfdb_animation.obj
 0001:0007b820       void_ptr_stack_vector_free_total 000000018007c820 f   sfc_debug:sfdb_data_browse.obj
 0001:0007b8b0       sf_debug_st_terminate_machine 000000018007c8b0 f   sfc_debug:sfdb_data_browse.obj
 0001:0007b8f0       sf_debug_st_terminate_instance 000000018007c8f0 f   sfc_debug:sfdb_data_browse.obj
 0001:0007bca0       push_on_to_void_ptr_stack  000000018007cca0 f   sfc_debug:sfdb_data_browse.obj
 0001:0007be30       pop_from_void_ptr_stack    000000018007ce30 f   sfc_debug:sfdb_data_browse.obj
 0001:0007bf60       sf_debug_st_get_data_value 000000018007cf60 f   sfc_debug:sfdb_data_browse.obj
 0001:0007c4f0       mx_value                   000000018007d4f0 f   sfc_debug:sfdb_data_browse.obj
 0001:0007c530       sf_debug_st_fill_data_struct 000000018007d530 f   sfc_debug:sfdb_data_browse.obj
 0001:0007c870       data_type_format_strings   000000018007d870 f   sfc_debug:sfdb_data_browse.obj
 0001:0007c920       sf_debug_st_fill_data      000000018007d920 f   sfc_debug:sfdb_data_browse.obj
 0001:0007d670       sf_debug_hm_get_simulink_handle 000000018007e670 f   sfc_debug:sfdb_handle_management.obj
 0001:0007e1c0       sf_debug_hm_initialize_globals 000000018007f1c0 f   sfc_debug:sfdb_handle_management.obj
 0001:0007e2c0       sf_debug_hm_get_machine_debug_flag 000000018007f2c0 f   sfc_debug:sfdb_handle_management.obj
 0001:0007e430       sf_debug_hm_get_machine_id 000000018007f430 f   sfc_debug:sfdb_handle_management.obj
 0001:0007e550       sf_debug_hm_get_chart_id   000000018007f550 f   sfc_debug:sfdb_handle_management.obj
 0001:0007e6f0       sf_debug_hm_register_executing_SFunction 000000018007f6f0 f   sfc_debug:sfdb_handle_management.obj
 0001:0007e890       sf_debug_hm_get_chart_active_instance 000000018007f890 f   sfc_debug:sfdb_handle_management.obj
 0001:0007ea00       sf_debug_hm_get_chart_visibility 000000018007fa00 f   sfc_debug:sfdb_handle_management.obj
 0001:0007eb50       sf_debug_hm_form_object_boolean_properties 000000018007fb50 f   sfc_debug:sfdb_handle_management.obj
 0001:0007ee20       sf_debug_hm_form_object_properties 000000018007fe20 f   sfc_debug:sfdb_handle_management.obj
 0001:0007f060       sf_debug_hm_terminate_charts 0000000180080060 f   sfc_debug:sfdb_handle_management.obj
 0001:0007f7d0       sf_debug_hm_terminate_machines 00000001800807d0 f   sfc_debug:sfdb_handle_management.obj
 0001:00081420       sf_debug_ss_copy_dimension 0000000180082420 f   sfc_debug:sfdb_symbol_scope.obj
 0001:000814e0       sf_debug_ss_get_number_elements 00000001800824e0 f   sfc_debug:sfdb_symbol_scope.obj
 0001:00081500       sf_debug_ss_fill_data_struct 0000000180082500 f   sfc_debug:sfdb_symbol_scope.obj
 0001:00081850       sf_debug_ss_reset_data_info 0000000180082850 f   sfc_debug:sfdb_symbol_scope.obj
 0001:000818b0       sf_debug_fill_data_info_by_symbol_scope_entry 00000001800828b0 f   sfc_debug:sfdb_symbol_scope.obj
 0001:00081970       sf_debug_fill_data_info_by_data_vector 0000000180082970 f   sfc_debug:sfdb_symbol_scope.obj
 0001:00081bc0       sf_debug_ss_get_data_info  0000000180082bc0 f   sfc_debug:sfdb_symbol_scope.obj
 0001:00081eb0       sf_debug_select_mex_function 0000000180082eb0 f   sfc_debug:sfdb_symbol_scope.obj
 0001:00081ee0       sf_debug_is_dyn_matrix_initialized 0000000180082ee0 f   sfc_debug:sfdb_symbol_scope.obj
 0001:00081f00       sf_debug_ss_set_data_value_try 0000000180082f00 f   sfc_debug:sfdb_symbol_scope.obj
 0001:000820d0       sf_debug_ss_get_data_value 00000001800830d0 f   sfc_debug:sfdb_symbol_scope.obj
 0001:00082620       sf_debug_ss_data_bytes_string 0000000180083620 f   sfc_debug:sfdb_symbol_scope.obj
 0001:000826d0       sf_debug_ss_data_class_string 00000001800836d0 f   sfc_debug:sfdb_symbol_scope.obj
 0001:00082a60       sf_debug_ss_data_size_string 0000000180083a60 f   sfc_debug:sfdb_symbol_scope.obj
 0001:00082b40       sf_debug_ss_data_create_data_info_struct 0000000180083b40 f   sfc_debug:sfdb_symbol_scope.obj
 0001:00082e10       sf_debug_ss_data_create_name_value_pair 0000000180083e10 f   sfc_debug:sfdb_symbol_scope.obj
 0001:00082eb0       sf_debug_ss_data_get_whos_info 0000000180083eb0 f   sfc_debug:sfdb_symbol_scope.obj
 0001:00082ec0       same_named_data_in_data_array 0000000180083ec0 f   sfc_debug:sfdb_symbol_scope.obj
 0001:00084730       sf_debug_cc_terminate_chart 0000000180085730 f   sfc_debug:sfdb_coverage.obj
 0001:00084ad0       sf_debug_cc_terminate_instance 0000000180085ad0 f   sfc_debug:sfdb_coverage.obj
 0001:000856c0       sf_debug_cc_mark_object_if_needed 00000001800866c0 f   sfc_debug:sfdb_coverage.obj
 0001:00085fc0       sf_debug_bm_initialize_eml 0000000180086fc0 f   sfc_debug:sfdb_breakpoints.obj
 0001:00087130       sf_debug_bm_map_debug_tag_to_breakpoint_tag 0000000180088130 f   sfc_debug:sfdb_breakpoints.obj
 0001:00087210       sf_debug_bm_is_a_eml_breakpoint_impl 0000000180088210 f   sfc_debug:sfdb_breakpoints.obj
 0001:00088c90       sf_debug_sc_push_on_error_stack 0000000180089c90 f   sfc_debug:sfdb_state_consistency.obj
 0001:00088dc0       sf_debug_sc_reset_error_stack 0000000180089dc0 f   sfc_debug:sfdb_state_consistency.obj
 0001:00088f50       sf_debug_sc_is_state_inconsistent 0000000180089f50 f   sfc_debug:sfdb_state_consistency.obj
 0001:00089250       sf_debug_sc_fill_consistency_info 000000018008a250 f   sfc_debug:sfdb_state_consistency.obj
 0001:00089830       void_assertion_fcn         000000018008a830 f   sfc_debug:sfdb_call_stack.obj
 0001:00089db0       sf_debug_tm_fill_local_trace 000000018008adb0 f   sfc_debug:sfdb_call_stack.obj
 0001:0008a380       sf_debug_cd_terminate_instance 000000018008b380 f   sfc_debug:sfdb_cycle_detection.obj
 0001:0008a3e0       sf_debug_cd_free_checksum_stack 000000018008b3e0 f   sfc_debug:sfdb_cycle_detection.obj
 0001:0008a430       sf_debug_cd_reset_pack_strings 000000018008b430 f   sfc_debug:sfdb_cycle_detection.obj
 0001:0008aaf0       md5file_clear              000000018008baf0 f   sfc_debug:ckmd5.obj
 0001:0008ab20       Encode                     000000018008bb20 f   sfc_debug:ckmd5.obj
 0001:0008ab70       Decode                     000000018008bb70 f   sfc_debug:ckmd5.obj
 0001:0008ac10       MD5Transform               000000018008bc10 f   sfc_debug:ckmd5.obj
 0001:0008b460       md5file_addn               000000018008c460 f   sfc_debug:ckmd5.obj
 0001:0008b530       md5file_hash               000000018008c530 f   sfc_debug:ckmd5.obj
 0001:0008ba84       pre_c_init                 000000018008ca84 f   MSVCRT:crtdll.obj
 0001:0008bd40       __DllMainCRTStartup        000000018008cd40 f   MSVCRT:crtdll.obj
 0001:0008c3e0       __DllMainCRTStartup$filt$0 000000018008d3e0 f   MSVCRT:crtdll.obj
 0001:0008c410       __DllMainCRTStartup$fin$1  000000018008d410 f   MSVCRT:crtdll.obj
 0001:0008c42a       _onexit$fin$0              000000018008d42a f   MSVCRT:atonexit.obj
 0001:0008c450       _IsNonwritableInCurrentImage$filt$0 000000018008d450 f   MSVCRT:pesect.obj
