 mpcSetpointCvxgen_sfun

 Timestamp is 53e0b1d2 (Tue Aug 05 11:28:34 2014)

 Preferred load address is 0000000180000000

 Start         Length     Name                   Class
 0001:00000000 0003b204H .text                   CODE
 0001:0003b210 00000092H .text$x                 CODE
 0002:00000000 00000468H .idata$5                DATA
 0002:00000468 00000008H .CRT$XCA                DATA
 0002:00000470 00000008H .CRT$XCZ                DATA
 0002:00000478 00000008H .CRT$XIA                DATA
 0002:00000480 00000008H .CRT$XIAA               DATA
 0002:00000488 00000008H .CRT$XIZ                DATA
 0002:00000490 00004b1cH .rdata                  DATA
 0002:00004fb0 00000008H .rtc$IAA                DATA
 0002:00004fb8 00000008H .rtc$IZZ                DATA
 0002:00004fc0 00000008H .rtc$TAA                DATA
 0002:00004fc8 00000008H .rtc$TZZ                DATA
 0002:00004fd0 00003f3cH .xdata                  DATA
 0002:00008f0c 0000008cH .idata$2                DATA
 0002:00008f98 00000014H .idata$3                DATA
 0002:00008fb0 00000468H .idata$4                DATA
 0002:00009418 00000a38H .idata$6                DATA
 0002:00009e50 0000005cH .edata                  DATA
 0003:00000000 00001be8H .data                   DATA
 0003:00001c00 000026b8H .bss                    DATA
 0004:00000000 00003078H .pdata                  DATA

  Address         Publics by Value              Rva+Base               Lib:Object

 0000:00000000       ___safe_se_handler_count   0000000000000000     <absolute>
 0000:00000000       ___safe_se_handler_table   0000000000000000     <absolute>
 0000:00000000       __ImageBase                0000000180000000     <linker-defined>
 0001:00000000       sf_c2_mpcSetpointCvxgen_get_eml_resolved_functions_info 0000000180001000 f   c2_mpcSetpointCvxgen.obj
 0001:00000080       sf_c2_mpcSetpointCvxgen_get_check_sum 0000000180001080 f   c2_mpcSetpointCvxgen.obj
 0001:00000100       sf_c2_mpcSetpointCvxgen_get_autoinheritance_info 0000000180001100 f   c2_mpcSetpointCvxgen.obj
 0001:00001d40       sf_internal_get_sim_state_c2_mpcSetpointCvxgen 0000000180002d40 f   c2_mpcSetpointCvxgen.obj
 0001:000021c0       sf_internal_set_sim_state_c2_mpcSetpointCvxgen 00000001800031c0 f   c2_mpcSetpointCvxgen.obj
 0001:00002880       c2_mpcSetpointCvxgen_method_dispatcher 0000000180003880 f   c2_mpcSetpointCvxgen.obj
 0001:000090e0       sf_process_check_sum_call  000000018000a0e0 f   mpcSetpointCvxgen_sfun_registry.obj
 0001:00009130       sf_process_autoinheritance_call 000000018000a130 f   mpcSetpointCvxgen_sfun_registry.obj
 0001:000092d0       sf_process_get_eml_resolved_functions_info_call 000000018000a2d0 f   mpcSetpointCvxgen_sfun_registry.obj
 0001:00009450       sf_mex_unlock_call         000000018000a450 f   mpcSetpointCvxgen_sfun_registry.obj
 0001:00009500       sf_machine_global_initializer_called 000000018000a500 f   mpcSetpointCvxgen_sfun_registry.obj
 0001:00009530       sf_machine_global_method_dispatcher 000000018000a530 f   mpcSetpointCvxgen_sfun_registry.obj
 0001:00009590       sf_machine_global_terminator 000000018000a590 f   mpcSetpointCvxgen_sfun_registry.obj
 0001:000095d0       sf_register_machine_exported_symbols 000000018000a5d0 f   mpcSetpointCvxgen_sfun_registry.obj
 0001:000095f0       callCustomFcn              000000018000a5f0 f   mpcSetpointCvxgen_sfun_registry.obj
 0001:00009600       sf_machine_global_initializer 000000018000a600 f   mpcSetpointCvxgen_sfun_registry.obj
 0001:00009670       _ssSetStateAbsTol          000000018000a670 f   mpcSetpointCvxgen_sfun_registry.obj
 0001:00009750       _ssGetAbsTol               000000018000a750 f   mpcSetpointCvxgen_sfun_registry.obj
 0001:000097c0       _ssSetInputPortMatrixDimensions 000000018000a7c0 f   mpcSetpointCvxgen_sfun_registry.obj
 0001:000098d0       _ssSetOutputPortMatrixDimensions 000000018000a8d0 f   mpcSetpointCvxgen_sfun_registry.obj
 0001:000099e0       _ssSetInputPortVectorDimension 000000018000a9e0 f   mpcSetpointCvxgen_sfun_registry.obj
 0001:00009ab0       _ssSetOutputPortVectorDimension 000000018000aab0 f   mpcSetpointCvxgen_sfun_registry.obj
 0001:00009b80       ssIsRunTimeParamTunable    000000018000ab80 f   mpcSetpointCvxgen_sfun_registry.obj
 0001:00009bf0       ssGetSFuncBlockHandle      000000018000abf0 f   mpcSetpointCvxgen_sfun_registry.obj
 0001:00009c60       _ssGetCurrentInputPortWidth 000000018000ac60 f   mpcSetpointCvxgen_sfun_registry.obj
 0001:00009d80       _ssGetCurrentOutputPortWidth 000000018000ad80 f   mpcSetpointCvxgen_sfun_registry.obj
 0001:00009ea0       _ssGetCallSystemNumFcnCallDestinations 000000018000aea0 f   mpcSetpointCvxgen_sfun_registry.obj
 0001:00009f10       ssWarning                  000000018000af10 f   mpcSetpointCvxgen_sfun_registry.obj
 0001:0000a020       ssGetIsZeroCrossControlDisabled 000000018000b020 f   mpcSetpointCvxgen_sfun_registry.obj
 0001:0000a090       ssSetIsInputPortUsedForContZcSignal 000000018000b090 f   mpcSetpointCvxgen_sfun_registry.obj
 0001:0000a100       ssSetZcSignalIsZcElementDisc 000000018000b100 f   mpcSetpointCvxgen_sfun_registry.obj
 0001:0000a1b0       ssSetZcSignalName          000000018000b1b0 f   mpcSetpointCvxgen_sfun_registry.obj
 0001:0000a220       ssSetZcSignalWidth         000000018000b220 f   mpcSetpointCvxgen_sfun_registry.obj
 0001:0000a290       ssSetZcSignalZcEventType   000000018000b290 f   mpcSetpointCvxgen_sfun_registry.obj
 0001:0000a300       ssSetZcSignalType          000000018000b300 f   mpcSetpointCvxgen_sfun_registry.obj
 0001:0000a370       ssSetZcSignalZcTol         000000018000b370 f   mpcSetpointCvxgen_sfun_registry.obj
 0001:0000a3e0       ssSetZcSignalNeedsEventNotification 000000018000b3e0 f   mpcSetpointCvxgen_sfun_registry.obj
 0001:0000a450       ssCreateAndAddZcSignalInfo 000000018000b450 f   mpcSetpointCvxgen_sfun_registry.obj
 0001:0000a4c0       ssCloneAndAddZcSignalInfo  000000018000b4c0 f   mpcSetpointCvxgen_sfun_registry.obj
 0001:0000a530       ssGetNumZcSignals          000000018000b530 f   mpcSetpointCvxgen_sfun_registry.obj
 0001:0000a5a0       ssGetZcSignalVector        000000018000b5a0 f   mpcSetpointCvxgen_sfun_registry.obj
 0001:0000a610       ssGetZcSignalZcEvents      000000018000b610 f   mpcSetpointCvxgen_sfun_registry.obj
 0001:0000a680       ssGetZcSignalName          000000018000b680 f   mpcSetpointCvxgen_sfun_registry.obj
 0001:0000a6f0       ssGetZcSignalWidth         000000018000b6f0 f   mpcSetpointCvxgen_sfun_registry.obj
 0001:0000a760       ssGetZcSignalZcEventType   000000018000b760 f   mpcSetpointCvxgen_sfun_registry.obj
 0001:0000a7d0       ssGetZcSignalType          000000018000b7d0 f   mpcSetpointCvxgen_sfun_registry.obj
 0001:0000a840       ssGetZcSignalZcTol         000000018000b840 f   mpcSetpointCvxgen_sfun_registry.obj
 0001:0000a8c0       ssGetZcSignalNeedsEventNotification 000000018000b8c0 f   mpcSetpointCvxgen_sfun_registry.obj
 0001:0000a930       ssGetZcSignalIsZcElementDisc 000000018000b930 f   mpcSetpointCvxgen_sfun_registry.obj
 0001:0000a9d0       ssGetIsInputPortElementContinuous 000000018000b9d0 f   mpcSetpointCvxgen_sfun_registry.obj
 0001:0000aa70       _ssGetInputPortSignalPtrsFcn 000000018000ba70 f   mpcSetpointCvxgen_sfun_registry.obj
 0001:0000ad30       _ssGetInputPortSignalFcn   000000018000bd30 f   mpcSetpointCvxgen_sfun_registry.obj
 0001:0000af50       _ssSetInputPortDirectFeedThroughFcn 000000018000bf50 f   mpcSetpointCvxgen_sfun_registry.obj
 0001:0000b0b0       _ssSetInputPortReusableFcn 000000018000c0b0 f   mpcSetpointCvxgen_sfun_registry.obj
 0001:0000b1a0       _ssSetOutputPortReusableFcn 000000018000c1a0 f   mpcSetpointCvxgen_sfun_registry.obj
 0001:0000b280       ssGetDTypeIdFromMxArray    000000018000c280 f   mpcSetpointCvxgen_sfun_registry.obj
 0001:0000b3a0       ssWriteRTWStr              000000018000c3a0 f   mpcSetpointCvxgen_sfun_registry.obj
 0001:0000b400       ssWriteRTWMxVectParam      000000018000c400 f   mpcSetpointCvxgen_sfun_registry.obj
 0001:0000b460       ssWriteRTWMx2dMatParam     000000018000c460 f   mpcSetpointCvxgen_sfun_registry.obj
 0001:0000b4e0       ssWriteRTWNameValuePair    000000018000c4e0 f   mpcSetpointCvxgen_sfun_registry.obj
 0001:0000b9d0       ssWriteRTWParameters       000000018000c9d0 f   mpcSetpointCvxgen_sfun_registry.obj
 0001:0000bfd0       ssWriteRTWParamSettings    000000018000cfd0 f   mpcSetpointCvxgen_sfun_registry.obj
 0001:0000c6a0       ssWriteRTWWorkVect         000000018000d6a0 f   mpcSetpointCvxgen_sfun_registry.obj
 0001:0000cba0       mexFunction                000000018000dba0 f   mpcSetpointCvxgen_sfun_registry.obj
 0001:0000e7e0       ProcessMexSfunctionEveryCall 000000018000f7e0 f   mpcSetpointCvxgen_sfun_registry.obj
 0001:0000e950       mpcSetpointCvxgen_initializer 000000018000f950 f   mpcSetpointCvxgen_sfun.obj
 0001:0000e960       mpcSetpointCvxgen_terminator 000000018000f960 f   mpcSetpointCvxgen_sfun.obj
 0001:0000e970       sf_mpcSetpointCvxgen_method_dispatcher 000000018000f970 f   mpcSetpointCvxgen_sfun.obj
 0001:0000e9c0       sf_mpcSetpointCvxgen_process_check_sum_call 000000018000f9c0 f   mpcSetpointCvxgen_sfun.obj
 0001:0000edd0       sf_mpcSetpointCvxgen_autoinheritance_info 000000018000fdd0 f   mpcSetpointCvxgen_sfun.obj
 0001:0000ef40       sf_mpcSetpointCvxgen_get_eml_resolved_functions_info 000000018000ff40 f   mpcSetpointCvxgen_sfun.obj
 0001:0000f070       mpcSetpointCvxgen_debug_initialize 0000000180010070 f   mpcSetpointCvxgen_sfun.obj
 0001:0000f0e0       mpcSetpointCvxgen_register_exported_symbols 00000001800100e0 f   mpcSetpointCvxgen_sfun.obj
 0001:0000f0f0       load_mpcSetpointCvxgen_optimization_info 00000001800100f0 f   mpcSetpointCvxgen_sfun.obj
 0001:0000f140       unload_mpcSetpointCvxgen_optimization_info 0000000180010140 f   mpcSetpointCvxgen_sfun.obj
 0001:0000f210       sf_mex_mx_is_numeric       0000000180010210 f   sfc_mex:sfc_mex.obj
 0001:0000f250       strcmp_ignore_ws           0000000180010250 f   sfc_mex:sfc_mex.obj
 0001:0000f390       sf_mex_duplicatearraysafe  0000000180010390 f   sfc_mex:sfc_mex.obj
 0001:0000f4f0       sf_set_error_debugger_context_message_fcn 00000001800104f0 f   sfc_mex:sfc_mex.obj
 0001:0000f500       sf_set_debugger_matlab_error_fcn 0000000180010500 f   sfc_mex:sfc_mex.obj
 0001:0000f530       sf_set_error_prefix_string 0000000180010530 f   sfc_mex:sfc_mex.obj
 0001:0000f560       sf_get_error_prefix_string 0000000180010560 f   sfc_mex:sfc_mex.obj
 0001:0000f570       sf_mex_enter_parallel_region 0000000180010570 f   sfc_mex:sfc_mex.obj
 0001:0000f580       sf_mex_exit_parallel_region 0000000180010580 f   sfc_mex:sfc_mex.obj
 0001:0000f590       sf_get_current_jmp_buf_ptr 0000000180010590 f   sfc_mex:sfc_mex.obj
 0001:0000f5a0       sf_set_current_jmp_buf_ptr 00000001800105a0 f   sfc_mex:sfc_mex.obj
 0001:0000f5b0       sf_mex_set_halt_simulation 00000001800105b0 f   sfc_mex:sfc_mex.obj
 0001:0000f5c0       sf_mex_get_halt_simulation 00000001800105c0 f   sfc_mex:sfc_mex.obj
 0001:0000f5d0       sf_mex_clear_error_message 00000001800105d0 f   sfc_mex:sfc_mex.obj
 0001:0000f5f0       sf_mex_get_error_message_for_read 00000001800105f0 f   sfc_mex:sfc_mex.obj
 0001:0000f600       sf_mex_get_error_message_buffer_length 0000000180010600 f   sfc_mex:sfc_mex.obj
 0001:0000f6e0       sf_mex_warning_message     00000001800106e0 f   sfc_mex:sfc_mex.obj
 0001:0000f750       sf_mex_v_errbuf_createf    0000000180010750 f   sfc_mex:sfc_mex.obj
 0001:0000f760       sf_mex_errbuf_createf      0000000180010760 f   sfc_mex:sfc_mex.obj
 0001:0000f790       sf_mex_v_errbuf_catf       0000000180010790 f   sfc_mex:sfc_mex.obj
 0001:0000f7d0       sf_mex_errbuf_catf         00000001800107d0 f   sfc_mex:sfc_mex.obj
 0001:0000f820       sf_mex_errbuf_copy         0000000180010820 f   sfc_mex:sfc_mex.obj
 0001:0000f830       sf_mex_errbuf_clear        0000000180010830 f   sfc_mex:sfc_mex.obj
 0001:0000f840       sf_mex_errbuf_isempty      0000000180010840 f   sfc_mex:sfc_mex.obj
 0001:0000f950       sf_mex_set_error_status    0000000180010950 f   sfc_mex:sfc_mex.obj
 0001:0000f9a0       sf_mex_error_direct_call   00000001800109a0 f   sfc_mex:sfc_mex.obj
 0001:0000f9c0       sf_mex_error_message_no_long_jump 00000001800109c0 f   sfc_mex:sfc_mex.obj
 0001:0000f9e0       sf_mex_long_jump_on_error  00000001800109e0 f   sfc_mex:sfc_mex.obj
 0001:0000fa10       sf_mex_call_matlab         0000000180010a10 f   sfc_mex:sfc_mex.obj
 0001:0000fb30       sf_mex_check_builtin       0000000180010b30 f   sfc_mex:sfc_mex.obj
 0001:0000fb70       sf_mex_check_builtin_vs    0000000180010b70 f   sfc_mex:sfc_mex.obj
 0001:0000fbd0       sf_mex_check_enum          0000000180010bd0 f   sfc_mex:sfc_mex.obj
 0001:0000fc00       sf_mex_create_enum         0000000180010c00 f   sfc_mex:sfc_mex.obj
 0001:0000fc20       sf_mex_get_enum_element    0000000180010c20 f   sfc_mex:sfc_mex.obj
 0001:0000fc30       sf_mex_createcellarray     0000000180010c30 f   sfc_mex:sfc_mex.obj
 0001:0000fc40       sf_mex_setcell             0000000180010c40 f   sfc_mex:sfc_mex.obj
 0001:0000fc50       sf_mex_getcell             0000000180010c50 f   sfc_mex:sfc_mex.obj
 0001:0000fc60       sf_mex_dup                 0000000180010c60 f   sfc_mex:sfc_mex.obj
 0001:0000fc80       sf_mex_assign              0000000180010c80 f   sfc_mex:sfc_mex.obj
 0001:0000fd00       sf_mex_destroy             0000000180010d00 f   sfc_mex:sfc_mex.obj
 0001:0000fd30       mx_array_has_fi_type       0000000180010d30 f   sfc_mex:sfc_mex.obj
 0001:0000fd60       sf_mex_convert_from_fi     0000000180010d60 f   sfc_mex:sfc_mex.obj
 0001:0000fe10       sf_mex_convert_to_double   0000000180010e10 f   sfc_mex:sfc_mex.obj
 0001:0000ff30       sf_mex_import_fi_vs        0000000180010f30 f   sfc_mex:sfc_mex.obj
 0001:000100f0       sf_matrix_matrix_index_ok  00000001800110f0 f   sfc_mex:sfc_mex.obj
 0001:00010180       sf_vector_vector_index_ok  0000000180011180 f   sfc_mex:sfc_mex.obj
 0001:000101b0       ssGetCurrentInputPortDimensions_wrapper 00000001800111b0 f   sfc_mex:sfc_mex.obj
 0001:000101d0       ssGetCurrentOutputPortDimensions_wrapper 00000001800111d0 f   sfc_mex:sfc_mex.obj
 0001:000101f0       sf_mex_emlrt_context_is_debug_mode 00000001800111f0 f   sfc_mex:sfc_mex.obj
 0001:00010200       sf_mex_emlrt_context_set_debug_mode 0000000180011200 f   sfc_mex:sfc_mex.obj
 0001:00010210       sf_mex_emlrtNameCapturePostProcessR2012a 0000000180011210 f   sfc_mex:sfc_mex.obj
 0001:00010280       sf_clear_error_manager_info 0000000180011280 f   sfc_mex:sfc_mex.obj
 0001:000102e0       sf_mex_stop_simulation_abruptly_wo_error 00000001800112e0 f   sfc_mex:sfc_mex.obj
 0001:00010320       sf_mex_error_message       0000000180011320 f   sfc_mex:sfc_mex.obj
 0001:00010380       sf_react_to_error_in_matlab_call 0000000180011380 f   sfc_mex:sfc_mex.obj
 0001:000103b0       sf_mex_addfield            00000001800113b0 f   sfc_mex:sfc_mex.obj
 0001:00010450       sf_mex_getfield            0000000180011450 f   sfc_mex:sfc_mex.obj
 0001:00010750       sf_mex_check_class         0000000180011750 f   sfc_mex:sfc_mex.obj
 0001:000107f0       sf_mex_is_real             00000001800117f0 f   sfc_mex:sfc_mex.obj
 0001:00010c60       sf_mex_decode_encoded_mx_struct_array 0000000180011c60 f   sfc_mex:sfc_mex.obj
 0001:00010f40       sf_mex_lw_bounds_check     0000000180011f40 f   sfc_mex:sfc_mex.obj
 0001:00010f70       sf_mex_lw_size_eq_check_1d 0000000180011f70 f   sfc_mex:sfc_mex.obj
 0001:00010f90       sf_mex_lw_size_eq_check_nd 0000000180011f90 f   sfc_mex:sfc_mex.obj
 0001:00011170       sf_mex_lw_dim_size_eq_check 0000000180012170 f   sfc_mex:sfc_mex.obj
 0001:000111a0       sf_mex_lw_dim_size_geq_check 00000001800121a0 f   sfc_mex:sfc_mex.obj
 0001:000111d0       sf_mex_lw_sub_assign_size_check_nd 00000001800121d0 f   sfc_mex:sfc_mex.obj
 0001:00011400       sf_mex_lw_runtime_error_msgid 0000000180012400 f   sfc_mex:sfc_mex.obj
 0001:000114f0       sf_mex_lw_matrix_matrix_index_check 00000001800124f0 f   sfc_mex:sfc_mex.obj
 0001:00011510       sf_mex_lw_vector_vector_index_check 0000000180012510 f   sfc_mex:sfc_mex.obj
 0001:00011550       sf_mex_lw_for_loop_vector_check 0000000180012550 f   sfc_mex:sfc_mex.obj
 0001:000115d0       sf_mex_lw_non_negative_check 00000001800125d0 f   sfc_mex:sfc_mex.obj
 0001:00011610       sf_mex_overflow_error      0000000180012610 f   sfc_mex:sfc_mex.obj
 0001:00011620       sf_mex_dividebyzero_error  0000000180012620 f   sfc_mex:sfc_mex.obj
 0001:00011630       sf_mex_unsafe_enum_error   0000000180012630 f   sfc_mex:sfc_mex.obj
 0001:00011640       sf_emlrtErrHandler         0000000180012640 f   sfc_mex:sfc_mex.obj
 0001:00011720       sf_mex_size_one_check      0000000180012720 f   sfc_mex:sfc_mex.obj
 0001:00011740       sf_mex_printf              0000000180012740 f   sfc_mex:sfc_mex.obj
 0001:00011910       sf_mex_check_size          0000000180012910 f   sfc_mex:sfc_mex.obj
 0001:00011be0       sf_mex_check_struct        0000000180012be0 f   sfc_mex:sfc_mex.obj
 0001:00011e40       sf_mex_check_struct_vs     0000000180012e40 f   sfc_mex:sfc_mex.obj
 0001:00011ed0       sf_mex_check_fi            0000000180012ed0 f   sfc_mex:sfc_mex.obj
 0001:00011fd0       sf_mex_check_fi_vs         0000000180012fd0 f   sfc_mex:sfc_mex.obj
 0001:00012070       sf_echo_expression         0000000180013070 f   sfc_mex:sfc_mex.obj
 0001:000120d0       sf_assertion_failed        00000001800130d0 f   sfc_mex:sfc_mex.obj
 0001:000123b0       sf_mex_evalin              00000001800133b0 f   sfc_mex:sfc_mex.obj
 0001:00012620       sf_mex_export              0000000180013620 f   sfc_mex:sfc_mex.obj
 0001:000126e0       sf_mex_get_ml_var_no_error 00000001800136e0 f   sfc_mex:sfc_mex.obj
 0001:00012880       sf_mex_get_ml_var          0000000180013880 f   sfc_mex:sfc_mex.obj
 0001:00012d20       ml_set_element_value_in_array 0000000180013d20 f   sfc_mex:sfc_mex.obj
 0001:000143f0       sf_mex_call_impl           00000001800153f0 f   sfc_mex:sfc_mex.obj
 0001:00014920       sf_mex_call_debug          0000000180015920 f   sfc_mex:sfc_mex.obj
 0001:00014950       sf_mex_call                0000000180015950 f   sfc_mex:sfc_mex.obj
 0001:00014fa0       sf_mex_createstruct        0000000180015fa0 f   sfc_mex:sfc_mex.obj
 0001:00015090       sf_mex_createstructarray   0000000180016090 f   sfc_mex:sfc_mex.obj
 0001:00015110       sf_mex_get_mx_datatype_from_sf_datatype 0000000180016110 f   sfc_mex:sfc_mex.obj
 0001:00015420       sf_mex_ml_var_sub          0000000180016420 f   sfc_mex:sfc_mex.obj
 0001:000155f0       sf_mex_ml_var_subsasgn     00000001800165f0 f   sfc_mex:sfc_mex.obj
 0001:000159e0       sf_mex_sub                 00000001800169e0 f   sfc_mex:sfc_mex.obj
 0001:00015be0       sf_mex_subsasgn            0000000180016be0 f   sfc_mex:sfc_mex.obj
 0001:000160c0       sf_mex_create              00000001800170c0 f   sfc_mex:sfc_mex.obj
 0001:00016b10       sf_mex_import_named        0000000180017b10 f   sfc_mex:sfc_mex.obj
 0001:00016b70       sf_mex_import              0000000180017b70 f   sfc_mex:sfc_mex.obj
 0001:00016bc0       sf_mex_import_vs           0000000180017bc0 f   sfc_mex:sfc_mex.obj
 0001:00016cd0       sf_mex_lower_fixpt_mx_array 0000000180017cd0 f   sfc_mex:sfc_mex.obj
 0001:00016fc0       sf_send_message_wrapper    0000000180017fc0 f   sfc_mex:sfc_sf.obj
 0001:00016ff0       sf_receive_message_wrapper 0000000180017ff0 f   sfc_mex:sfc_sf.obj
 0001:00017030       sf_check_out_message_wrapper 0000000180018030 f   sfc_mex:sfc_sf.obj
 0001:00017070       sf_check_in_message_wrapper 0000000180018070 f   sfc_mex:sfc_sf.obj
 0001:000170b0       sf_no_message_wrapper      00000001800180b0 f   sfc_mex:sfc_sf.obj
 0001:00017440       sim_mode_is_rtw_gen        0000000180018440 f   sfc_mex:sfc_sf.obj
 0001:00017470       sim_mode_is_external       0000000180018470 f   sfc_mex:sfc_sf.obj
 0001:00017480       sim_mode_is_modelref_sim   0000000180018480 f   sfc_mex:sfc_sf.obj
 0001:000174a0       mdlInitializeSizes         00000001800184a0 f   sfc_mex:sfc_sf.obj
 0001:000174c0       mdlInitializeSampleTimes   00000001800184c0 f   sfc_mex:sfc_sf.obj
 0001:00017500       mdlZeroCrossings           0000000180018500 f   sfc_mex:sfc_sf.obj
 0001:000175e0       mdlDerivatives             00000001800185e0 f   sfc_mex:sfc_sf.obj
 0001:00017690       mdl_initialize_conditions_processing 0000000180018690 f   sfc_mex:sfc_sf.obj
 0001:000176c0       mdlInitializeConditions    00000001800186c0 f   sfc_mex:sfc_sf.obj
 0001:00017780       mdlGetSimState             0000000180018780 f   sfc_mex:sfc_sf.obj
 0001:00017790       mdlSetSimState             0000000180018790 f   sfc_mex:sfc_sf.obj
 0001:000177a0       mdl_ext_mode_exec_processing 00000001800187a0 f   sfc_mex:sfc_sf.obj
 0001:000177c0       mdlExtModeExec             00000001800187c0 f   sfc_mex:sfc_sf.obj
 0001:00017950       mdlTerminate               0000000180018950 f   sfc_mex:sfc_sf.obj
 0001:000179c0       mdlRTW                     00000001800189c0 f   sfc_mex:sfc_sf.obj
 0001:000179f0       mdlSetWorkWidths           00000001800189f0 f   sfc_mex:sfc_sf.obj
 0001:00017a00       mdlProcessParameters       0000000180018a00 f   sfc_mex:sfc_sf.obj
 0001:00017a10       mdl_start_processing       0000000180018a10 f   sfc_mex:sfc_sf.obj
 0001:00017a50       mdlStart                   0000000180018a50 f   sfc_mex:sfc_sf.obj
 0001:00017b40       mdlEnable                  0000000180018b40 f   sfc_mex:sfc_sf.obj
 0001:00017c10       mdlDisable                 0000000180018c10 f   sfc_mex:sfc_sf.obj
 0001:00017cc0       sf_get_chart_instance_ptr  0000000180018cc0 f   sfc_mex:sfc_sf.obj
 0001:00017ce0       sf_load_rtw_optimization_info 0000000180018ce0 f   sfc_mex:sfc_sf.obj
 0001:00017db0       sf_rtw_info_uint_prop      0000000180018db0 f   sfc_mex:sfc_sf.obj
 0001:00017ef0       sf_is_chart_inlinable      0000000180018ef0 f   sfc_mex:sfc_sf.obj
 0001:00017f10       sf_mark_output_events_with_multiple_callers 0000000180018f10 f   sfc_mex:sfc_sf.obj
 0001:000180a0       sf_mark_chart_reusable_outputs 00000001800190a0 f   sfc_mex:sfc_sf.obj
 0001:00018300       sf_mark_chart_expressionable_inputs 0000000180019300 f   sfc_mex:sfc_sf.obj
 0001:00018560       sf_get_subchart_simstruct  0000000180019560 f   sfc_mex:sfc_sf.obj
 0001:000185b0       sf_get_fixpt_data_type_id  00000001800195b0 f   sfc_mex:sfc_sf.obj
 0001:000185f0       sf_get_enum_data_type_id   00000001800195f0 f   sfc_mex:sfc_sf.obj
 0001:00018630       sf_get_param_data_type_id  0000000180019630 f   sfc_mex:sfc_sf.obj
 0001:00018660       sf_mex_listen_for_ctrl_c_force 0000000180019660 f   sfc_mex:sfc_sf.obj
 0001:00018770       sf_mex_draw_now            0000000180019770 f   sfc_mex:sfc_sf.obj
 0001:000187b0       sf_mex_set_debugger_sim_status_listener_fcn 00000001800197b0 f   sfc_mex:sfc_sf.obj
 0001:000187c0       sf_mex_listen_for_ctrl_c   00000001800197c0 f   sfc_mex:sfc_sf.obj
 0001:00018850       sf_mex_get_sfun_param      0000000180019850 f   sfc_mex:sfc_sf.obj
 0001:000188a0       sf_get_runtime_param_data  00000001800198a0 f   sfc_mex:sfc_sf.obj
 0001:000188e0       sf_call_output_fcn_call    00000001800198e0 f   sfc_mex:sfc_sf.obj
 0001:00018a20       sf_call_output_fcn_enable  0000000180019a20 f   sfc_mex:sfc_sf.obj
 0001:00018ab0       sf_call_output_fcn_disable 0000000180019ab0 f   sfc_mex:sfc_sf.obj
 0001:00018b40       sf_clear_rtw_identifier    0000000180019b40 f   sfc_mex:sfc_sf.obj
 0001:00019330       sf_set_encoded_dwork_info  000000018001a330 f   sfc_mex:sfc_sf.obj
 0001:00019380       sf_get_dwork_info_from_mat_file 000000018001a380 f   sfc_mex:sfc_sf.obj
 0001:00019540       sf_set_rtw_dwork_info      000000018001a540 f   sfc_mex:sfc_sf.obj
 0001:000196b0       mdlOutputs                 000000018001a6b0 f   sfc_mex:sfc_sf.obj
 0001:00019850       sf_debug_disp              000000018001a850 f   sfc_debug:sfcdebug.obj
 0001:00019ab0       sf_debug_data_runtime_size_mismatch_error_check 000000018001aab0 f   sfc_debug:sfcdebug.obj
 0001:00019b50       sf_debug_try_loading_machine 000000018001ab50 f   sfc_debug:sfcdebug.obj
 0001:00019c50       sf_debug_reset_current_state_configuration 000000018001ac50 f   sfc_debug:sfcdebug.obj
 0001:00019ce0       sf_debug_store_current_state_configuration 000000018001ace0 f   sfc_debug:sfcdebug.obj
 0001:00019d70       sf_debug_restore_previous_state_configuration 000000018001ad70 f   sfc_debug:sfcdebug.obj
 0001:00019e00       sf_debug_restore_previous_state_configuration2 000000018001ae00 f   sfc_debug:sfcdebug.obj
 0001:00019e90       sf_debug_get_event_scope   000000018001ae90 f   sfc_debug:sfcdebug.obj
 0001:0001a000       use_debugger_step_animation 000000018001b000 f   sfc_debug:sfcdebug.obj
 0001:0001a020       sf_debug_get_script_id     000000018001b020 f   sfc_debug:sfcdebug.obj
 0001:0001a0b0       sf_debug_set_script_translation 000000018001b0b0 f   sfc_debug:sfcdebug.obj
 0001:0001a230       sf_debug_extract_message_post_receive_info 000000018001b230 f   sfc_debug:sfcdebug.obj
 0001:0001a330       sf_debug_get_current_machine_id 000000018001b330 f   sfc_debug:sfcdebug.obj
 0001:0001a350       sf_debug_get_current_optional_integer 000000018001b350 f   sfc_debug:sfcdebug.obj
 0001:0001a360       sf_debug_get_current_machine_number 000000018001b360 f   sfc_debug:sfcdebug.obj
 0001:0001a380       sf_debug_get_current_machine_name 000000018001b380 f   sfc_debug:sfcdebug.obj
 0001:0001a3a0       sf_debug_get_current_chart_id 000000018001b3a0 f   sfc_debug:sfcdebug.obj
 0001:0001a3f0       sf_debug_get_current_chart_number 000000018001b3f0 f   sfc_debug:sfcdebug.obj
 0001:0001a400       sf_debug_get_current_instance_number 000000018001b400 f   sfc_debug:sfcdebug.obj
 0001:0001a410       sf_debug_get_current_is_minor_time_step 000000018001b410 f   sfc_debug:sfcdebug.obj
 0001:0001a490       sf_debug_get_current_object_type 000000018001b490 f   sfc_debug:sfcdebug.obj
 0001:0001a4a0       sf_debug_get_current_instance_handle 000000018001b4a0 f   sfc_debug:sfcdebug.obj
 0001:0001a500       sf_debug_get_current_event_type 000000018001b500 f   sfc_debug:sfcdebug.obj
 0001:0001a510       sf_debug_get_current_object_id 000000018001b510 f   sfc_debug:sfcdebug.obj
 0001:0001a550       sf_debug_get_current_active_event_type 000000018001b550 f   sfc_debug:sfcdebug.obj
 0001:0001a560       sf_debug_get_current_active_event_id 000000018001b560 f   sfc_debug:sfcdebug.obj
 0001:0001a5a0       sf_debug_get_current_tag_type 000000018001b5a0 f   sfc_debug:sfcdebug.obj
 0001:0001a5b0       sf_debug_get_current_simulation_time 000000018001b5b0 f   sfc_debug:sfcdebug.obj
 0001:0001a5c0       sf_debug_get_current_coverage_percentage 000000018001b5c0 f   sfc_debug:sfcdebug.obj
 0001:0001a5d0       sf_debug_current_statement_context 000000018001b5d0 f   sfc_debug:sfcdebug.obj
 0001:0001a660       sf_debug_get_current_statement_info 000000018001b660 f   sfc_debug:sfcdebug.obj
 0001:0001a7e0       sf_debug_terminate_instance 000000018001b7e0 f   sfc_debug:sfcdebug.obj
 0001:0001ab20       sf_debug_assertion_failed  000000018001bb20 f   sfc_debug:sfcdebug.obj
 0001:0001acd0       sf_debug_set_number_of_data_with_change_event_for_machine 000000018001bcd0 f   sfc_debug:sfcdebug.obj
 0001:0001ad10       sf_debug_set_machine_event_thresholds 000000018001bd10 f   sfc_debug:sfcdebug.obj
 0001:0001ad30       sf_debug_set_machine_event_scope 000000018001bd30 f   sfc_debug:sfcdebug.obj
 0001:0001ad70       sf_debug_set_machine_data_thresholds 000000018001bd70 f   sfc_debug:sfcdebug.obj
 0001:0001adb0       sf_debug_set_machine_data_scope 000000018001bdb0 f   sfc_debug:sfcdebug.obj
 0001:0001ae40       sf_debug_set_machine_data_name 000000018001be40 f   sfc_debug:sfcdebug.obj
 0001:0001aee0       sf_debug_set_machine_data_size 000000018001bee0 f   sfc_debug:sfcdebug.obj
 0001:0001b020       sf_debug_set_machine_data_type 000000018001c020 f   sfc_debug:sfcdebug.obj
 0001:0001b190       sf_debug_get_chart_data_number 000000018001c190 f   sfc_debug:sfcdebug.obj
 0001:0001b1b0       sf_debug_get_chart_event_number 000000018001c1b0 f   sfc_debug:sfcdebug.obj
 0001:0001b1d0       sf_debug_set_chart_state_info 000000018001c1d0 f   sfc_debug:sfcdebug.obj
 0001:0001b250       sf_debug_set_chart_decomposition 000000018001c250 f   sfc_debug:sfcdebug.obj
 0001:0001b2c0       sf_debug_set_chart_substate_count 000000018001c2c0 f   sfc_debug:sfcdebug.obj
 0001:0001b3a0       sf_debug_set_chart_substate_index 000000018001c3a0 f   sfc_debug:sfcdebug.obj
 0001:0001b410       sf_debug_set_chart_state_substate_count 000000018001c410 f   sfc_debug:sfcdebug.obj
 0001:0001b520       sf_debug_set_chart_state_substate_index 000000018001c520 f   sfc_debug:sfcdebug.obj
 0001:0001b5a0       sf_debug_set_number_of_data_with_change_event_for_chart 000000018001c5a0 f   sfc_debug:sfcdebug.obj
 0001:0001b620       sf_debug_set_number_of_states_with_entry_event_for_chart 000000018001c620 f   sfc_debug:sfcdebug.obj
 0001:0001b690       sf_debug_set_number_of_states_with_exit_event_for_chart 000000018001c690 f   sfc_debug:sfcdebug.obj
 0001:0001b700       sf_debug_set_chart_disable_implicit_casting 000000018001c700 f   sfc_debug:sfcdebug.obj
 0001:0001b770       sf_debug_set_chart_event_thresholds 000000018001c770 f   sfc_debug:sfcdebug.obj
 0001:0001b7e0       sf_debug_set_chart_data_compiled_props 000000018001c7e0 f   sfc_debug:sfcdebug.obj
 0001:0001bb30       sf_debug_set_chart_data_props 000000018001cb30 f   sfc_debug:sfcdebug.obj
 0001:0001be50       sf_debug_check_fi_license  000000018001ce50 f   sfc_debug:sfcdebug.obj
 0001:0001c040       sf_debug_symbol_scope_push 000000018001d040 f   sfc_debug:sfcdebug.obj
 0001:0001c080       sf_debug_symbol_scope_push_eml 000000018001d080 f   sfc_debug:sfcdebug.obj
 0001:0001c0d0       sf_debug_symbol_scope_pop  000000018001d0d0 f   sfc_debug:sfcdebug.obj
 0001:0001c110       sf_debug_symbol_scope_add_importable 000000018001d110 f   sfc_debug:sfcdebug.obj
 0001:0001c190       sf_debug_symbol_scope_add  000000018001d190 f   sfc_debug:sfcdebug.obj
 0001:0001c210       sf_debug_symbol_scope_add_dyn_importable 000000018001d210 f   sfc_debug:sfcdebug.obj
 0001:0001c2d0       sf_debug_symbol_scope_add_dyn 000000018001d2d0 f   sfc_debug:sfcdebug.obj
 0001:0001c300       sf_debug_symbol_scope_add_eml_importable 000000018001d300 f   sfc_debug:sfcdebug.obj
 0001:0001c340       sf_debug_symbol_scope_add_eml 000000018001d340 f   sfc_debug:sfcdebug.obj
 0001:0001c380       sf_debug_symbol_scope_add_eml_dyn_importable 000000018001d380 f   sfc_debug:sfcdebug.obj
 0001:0001c3f0       sf_debug_symbol_scope_add_eml_dyn 000000018001d3f0 f   sfc_debug:sfcdebug.obj
 0001:0001c450       sf_debug_symbol_switch     000000018001d450 f   sfc_debug:sfcdebug.obj
 0001:0001c470       sf_debug_symbol_scope_add_verbose 000000018001d470 f   sfc_debug:sfcdebug.obj
 0001:0001c540       sf_debug_set_machine_data_value_ptr 000000018001d540 f   sfc_debug:sfcdebug.obj
 0001:0001c580       sf_debug_set_instance_data_value_ptr 000000018001d580 f   sfc_debug:sfcdebug.obj
 0001:0001c640       sf_debug_unset_instance_data_value_ptr 000000018001d640 f   sfc_debug:sfcdebug.obj
 0001:0001c6f0       sf_debug_set_chart_event_scope 000000018001d6f0 f   sfc_debug:sfcdebug.obj
 0001:0001c770       sf_debug_set_chart_transition_coverage_maps 000000018001d770 f   sfc_debug:sfcdebug.obj
 0001:0001c880       sf_debug_set_chart_state_coverage_maps 000000018001d880 f   sfc_debug:sfcdebug.obj
 0001:0001c960       sf_debug_set_instance_transition_coverage_weights 000000018001d960 f   sfc_debug:sfcdebug.obj
 0001:0001ca00       sf_debug_set_instance_state_coverage_weights 000000018001da00 f   sfc_debug:sfcdebug.obj
 0001:0001cc50       sf_debug_unload_machine    000000018001dc50 f   sfc_debug:sfcdebug.obj
 0001:0001cca0       sf_debug_load_machine      000000018001dca0 f   sfc_debug:sfcdebug.obj
 0001:0001cda0       sf_debug_set_active_instance_in_data_dictionary 000000018001dda0 f   sfc_debug:sfcdebug.obj
 0001:0001cf80       sf_debug_set_active_instance 000000018001df80 f   sfc_debug:sfcdebug.obj
 0001:0001d0c0       sf_debug_chart_visiblity_change 000000018001e0c0 f   sfc_debug:sfcdebug.obj
 0001:0001d1a0       sf_debug_select_chart      000000018001e1a0 f   sfc_debug:sfcdebug.obj
 0001:0001d270       sf_debug_set_instance_cv_ids 000000018001e270 f   sfc_debug:sfcdebug.obj
 0001:0001d580       sf_debug_select_charts     000000018001e580 f   sfc_debug:sfcdebug.obj
 0001:0001d6c0       sf_debug_initialized       000000018001e6c0 f   sfc_debug:sfcdebug.obj
 0001:0001d6d0       sf_debug_is_uninterruptible 000000018001e6d0 f   sfc_debug:sfcdebug.obj
 0001:0001d700       sf_debug_initialize_debugger_gui 000000018001e700 f   sfc_debug:sfcdebug.obj
 0001:0001daf0       sf_debug_resume            000000018001eaf0 f   sfc_debug:sfcdebug.obj
 0001:0001db10       sf_debug_go                000000018001eb10 f   sfc_debug:sfcdebug.obj
 0001:0001db20       sf_debug_break             000000018001eb20 f   sfc_debug:sfcdebug.obj
 0001:0001db30       sf_debug_step_over         000000018001eb30 f   sfc_debug:sfcdebug.obj
 0001:0001db40       sf_debug_step_out          000000018001eb40 f   sfc_debug:sfcdebug.obj
 0001:0001db50       sf_debug_set_disable_all_breakpoints 000000018001eb50 f   sfc_debug:sfcdebug.obj
 0001:0001db60       sf_debug_disable_all_breakpoints_and_go 000000018001eb60 f   sfc_debug:sfcdebug.obj
 0001:0001db70       sf_debug_break_on_chart_entry 000000018001eb70 f   sfc_debug:sfcdebug.obj
 0001:0001db80       sf_debug_break_on_event_broadcast 000000018001eb80 f   sfc_debug:sfcdebug.obj
 0001:0001db90       sf_debug_break_on_state_entry 000000018001eb90 f   sfc_debug:sfcdebug.obj
 0001:0001dba0       sf_debug_break_between_times 000000018001eba0 f   sfc_debug:sfcdebug.obj
 0001:0001dbc0       sf_debug_browse_data       000000018001ebc0 f   sfc_debug:sfcdebug.obj
 0001:0001dbe0       sf_debug_watch_data        000000018001ebe0 f   sfc_debug:sfcdebug.obj
 0001:0001dc00       sf_debug_assign_data       000000018001ec00 f   sfc_debug:sfcdebug.obj
 0001:0001dc20       sf_debug_whos              000000018001ec20 f   sfc_debug:sfcdebug.obj
 0001:0001dc40       sf_debug_get_consistency_info 000000018001ec40 f   sfc_debug:sfcdebug.obj
 0001:0001dc50       sf_debug_browse_trace      000000018001ec50 f   sfc_debug:sfcdebug.obj
 0001:0001dc60       sf_debug_set_breakpoints   000000018001ec60 f   sfc_debug:sfcdebug.obj
 0001:0001ddc0       sf_debug_set_eml_breakpoints 000000018001edc0 f   sfc_debug:sfcdebug.obj
 0001:0001df20       sf_debug_set_script_breakpoints 000000018001ef20 f   sfc_debug:sfcdebug.obj
 0001:0001dfa0       sf_debug_add_script_breakpoints 000000018001efa0 f   sfc_debug:sfcdebug.obj
 0001:0001e010       sf_debug_clear_script_breakpoints 000000018001f010 f   sfc_debug:sfcdebug.obj
 0001:0001e080       sf_debug_query_script_breakpoints 000000018001f080 f   sfc_debug:sfcdebug.obj
 0001:0001e140       sf_debug_get_eml_script_id 000000018001f140 f   sfc_debug:sfcdebug.obj
 0001:0001e190       sf_debug_set_watch         000000018001f190 f   sfc_debug:sfcdebug.obj
 0001:0001e3c0       sf_debug_get_instance_handle 000000018001f3c0 f   sfc_debug:sfcdebug.obj
 0001:0001e450       sf_debug_get_active_states 000000018001f450 f   sfc_debug:sfcdebug.obj
 0001:0001e460       sf_debug_get_animation     000000018001f460 f   sfc_debug:sfcdebug.obj
 0001:0001e470       sf_debug_set_animation     000000018001f470 f   sfc_debug:sfcdebug.obj
 0001:0001e480       sf_debug_animate           000000018001f480 f   sfc_debug:sfcdebug.obj
 0001:0001e4b0       sf_debug_cycle_detection_check 000000018001f4b0 f   sfc_debug:sfcdebug.obj
 0001:0001e4c0       sf_debug_data_range_check  000000018001f4c0 f   sfc_debug:sfcdebug.obj
 0001:0001e4d0       sf_debug_transition_conflict_check 000000018001f4d0 f   sfc_debug:sfcdebug.obj
 0001:0001e4e0       sf_debug_state_consistency_check 000000018001f4e0 f   sfc_debug:sfcdebug.obj
 0001:0001e4f0       sf_debug_data_range_check_enabled 000000018001f4f0 f   sfc_debug:sfcdebug.obj
 0001:0001e510       sf_debug_transition_conflict_check_enabled 000000018001f510 f   sfc_debug:sfcdebug.obj
 0001:0001e530       sf_debug_transition_conflict_check_begin 000000018001f530 f   sfc_debug:sfcdebug.obj
 0001:0001e550       sf_debug_transition_conflict_check_end 000000018001f550 f   sfc_debug:sfcdebug.obj
 0001:0001e570       sf_debug_stop_debugging    000000018001f570 f   sfc_debug:sfcdebug.obj
 0001:0001e5a0       sf_debug_is_cycle_detected 000000018001f5a0 f   sfc_debug:sfcdebug.obj
 0001:0001e5b0       sf_debug_is_array_bounds_detected 000000018001f5b0 f   sfc_debug:sfcdebug.obj
 0001:0001e5c0       sf_debug_get_state_vectors_data_size 000000018001f5c0 f   sfc_debug:sfcdebug.obj
 0001:0001e600       sf_debug_get_state_vectors_data 000000018001f600 f   sfc_debug:sfcdebug.obj
 0001:0001e700       sf_debug_set_state_vectors_data 000000018001f700 f   sfc_debug:sfcdebug.obj
 0001:0001e9c0       sf_debug_get_script_index  000000018001f9c0 f   sfc_debug:sfcdebug.obj
 0001:0001eb50       sf_debug_add_script        000000018001fb50 f   sfc_debug:sfcdebug.obj
 0001:0001ece0       cv_eval_point              000000018001fce0 f   sfc_debug:sfcdebug.obj
 0001:0001ee50       cv_eval_testobjective      000000018001fe50 f   sfc_debug:sfcdebug.obj
 0001:0001ef70       sf_debug_cv_init_state     000000018001ff70 f   sfc_debug:sfcdebug.obj
 0001:0001f090       sf_debug_cv_init_chart     0000000180020090 f   sfc_debug:sfcdebug.obj
 0001:0001f170       sf_debug_cv_init_trans     0000000180020170 f   sfc_debug:sfcdebug.obj
 0001:0001f270       sf_debug_cv_init_testobjectives 0000000180020270 f   sfc_debug:sfcdebug.obj
 0001:0001f450       cv_eml_init_script         0000000180020450 f   sfc_debug:sfcdebug.obj
 0001:0001f550       cv_eml_init_fcn            0000000180020550 f   sfc_debug:sfcdebug.obj
 0001:0001f600       cv_eml_init_testobjective  0000000180020600 f   sfc_debug:sfcdebug.obj
 0001:0001f6d0       cv_eml_init_if             00000001800206d0 f   sfc_debug:sfcdebug.obj
 0001:0001f7a0       cv_eml_init_for            00000001800207a0 f   sfc_debug:sfcdebug.obj
 0001:0001f860       cv_eml_init_while          0000000180020860 f   sfc_debug:sfcdebug.obj
 0001:0001f920       cv_eml_init_mcdc           0000000180020920 f   sfc_debug:sfcdebug.obj
 0001:0001fa30       cv_eml_init_switch         0000000180020a30 f   sfc_debug:sfcdebug.obj
 0001:0001fb20       cv_eml_eval                0000000180020b20 f   sfc_debug:sfcdebug.obj
 0001:0001fc00       sf_debug_bm_is_a_eml_breakpoint 0000000180020c00 f   sfc_debug:sfcdebug.obj
 0001:0001fd50       sf_debug_temporal_threshold 0000000180020d50 f   sfc_debug:sfcdebug.obj
 0001:000200b0       sf_debug_transition_conflict_error 00000001800210b0 f   sfc_debug:sfcdebug.obj
 0001:00020430       sf_debug_state_inconsistency_error 0000000180021430 f   sfc_debug:sfcdebug.obj
 0001:00020550       sf_debug_check_for_state_inconsistency 0000000180021550 f   sfc_debug:sfcdebug.obj
 0001:00020580       sf_debug_cycle_detecton_error 0000000180021580 f   sfc_debug:sfcdebug.obj
 0001:00020d70       sf_debug_size_eq_check_1d  0000000180021d70 f   sfc_debug:sfcdebug.obj
 0001:00020d90       sf_debug_size_eq_check_nd  0000000180021d90 f   sfc_debug:sfcdebug.obj
 0001:00020f70       sf_debug_dim_size_eq_check 0000000180021f70 f   sfc_debug:sfcdebug.obj
 0001:00020fa0       sf_debug_dim_size_geq_check 0000000180021fa0 f   sfc_debug:sfcdebug.obj
 0001:00020fd0       sf_debug_sub_assign_size_check_nd 0000000180021fd0 f   sfc_debug:sfcdebug.obj
 0001:00021210       sf_debug_matrix_matrix_index_check 0000000180022210 f   sfc_debug:sfcdebug.obj
 0001:00021240       sf_debug_vector_vector_index_check 0000000180022240 f   sfc_debug:sfcdebug.obj
 0001:00021270       sf_debug_for_loop_vector_check 0000000180022270 f   sfc_debug:sfcdebug.obj
 0001:000212f0       sf_debug_runtime_error_msgid 00000001800222f0 f   sfc_debug:sfcdebug.obj
 0001:00021380       sf_debug_data_array_bounds_error_check 0000000180022380 f   sfc_debug:sfcdebug.obj
 0001:00021490       sf_debug_eml_data_array_bounds_error_check 0000000180022490 f   sfc_debug:sfcdebug.obj
 0001:00021970       sf_debug_integer_check     0000000180022970 f   sfc_debug:sfcdebug.obj
 0001:00021a50       sf_debug_not_nan_check     0000000180022a50 f   sfc_debug:sfcdebug.obj
 0001:00021b10       sf_debug_non_negative_check 0000000180022b10 f   sfc_debug:sfcdebug.obj
 0001:00021bd0       sf_debug_overflow_detection 0000000180022bd0 f   sfc_debug:sfcdebug.obj
 0001:000222c0       sf_debug_cast_to_real32_T  00000001800232c0 f   sfc_debug:sfcdebug.obj
 0001:00022380       sf_debug_cast_to_int8_T    0000000180023380 f   sfc_debug:sfcdebug.obj
 0001:00022440       sf_debug_cast_to_uint8_T   0000000180023440 f   sfc_debug:sfcdebug.obj
 0001:00022500       sf_debug_cast_to_int16_T   0000000180023500 f   sfc_debug:sfcdebug.obj
 0001:000225c0       sf_debug_cast_to_uint16_T  00000001800235c0 f   sfc_debug:sfcdebug.obj
 0001:00022680       sf_debug_cast_to_int32_T   0000000180023680 f   sfc_debug:sfcdebug.obj
 0001:00022740       sf_debug_cast_to_uint32_T  0000000180023740 f   sfc_debug:sfcdebug.obj
 0001:00022800       sf_debug_data_range_error  0000000180023800 f   sfc_debug:sfcdebug.obj
 0001:00022b50       sf_debug_read_before_write_check 0000000180023b50 f   sfc_debug:sfcdebug.obj
 0001:00022f40       sf_debug_data_range_error_wrapper_min_max 0000000180023f40 f   sfc_debug:sfcdebug.obj
 0001:00023030       sf_debug_data_range_error_wrapper_min 0000000180024030 f   sfc_debug:sfcdebug.obj
 0001:00023110       sf_debug_data_range_error_wrapper_max 0000000180024110 f   sfc_debug:sfcdebug.obj
 0001:000231f0       sf_debug_data_range_wrapper 00000001800241f0 f   sfc_debug:sfcdebug.obj
 0001:000232a0       sf_debug_set_current_status_info 00000001800242a0 f   sfc_debug:sfcdebug.obj
 0001:00023650       sf_debug_register_message_post_receive_info 0000000180024650 f   sfc_debug:sfcdebug.obj
 0001:000238c0       sf_debug_call              00000001800248c0 f   sfc_debug:sfcdebug.obj
 0001:00024780       sf_debug_initialize_machine 0000000180025780 f   sfc_debug:sfcdebug.obj
 0001:00024a90       sf_debug_initialize_chart  0000000180025a90 f   sfc_debug:sfcdebug.obj
 0001:00024f70       sf_debug_ensure_script     0000000180025f70 f   sfc_debug:sfcdebug.obj
 0001:00025030       cv_script_init_script      0000000180026030 f   sfc_debug:sfcdebug.obj
 0001:00025110       cv_script_init_fcn         0000000180026110 f   sfc_debug:sfcdebug.obj
 0001:000251c0       cv_script_init_testobjective 00000001800261c0 f   sfc_debug:sfcdebug.obj
 0001:00025270       cv_script_init_if          0000000180026270 f   sfc_debug:sfcdebug.obj
 0001:00025320       cv_script_init_for         0000000180026320 f   sfc_debug:sfcdebug.obj
 0001:000253d0       cv_script_init_while       00000001800263d0 f   sfc_debug:sfcdebug.obj
 0001:00025480       cv_script_init_mcdc        0000000180026480 f   sfc_debug:sfcdebug.obj
 0001:00025580       cv_script_init_switch      0000000180026580 f   sfc_debug:sfcdebug.obj
 0001:00025660       cv_script_eval             0000000180026660 f   sfc_debug:sfcdebug.obj
 0001:00025740       eml_debug_line_call        0000000180026740 f   sfc_debug:sfcdebug.obj
 0001:000258f0       sf_debug_terminate         00000001800268f0 f   sfc_debug:sfcdebug.obj
 0001:00025a60       sf_debug_set_script_cv_ids 0000000180026a60 f   sfc_debug:sfcdebug.obj
 0001:00025b90       sf_debug_api               0000000180026b90 f   sfc_debug:sfc_api.obj
 0001:00027370       sf_debug_sm_terminate      0000000180028370 f   sfc_debug:sfdb_animation.obj
 0001:00027530       sf_debug_reset_path_objects 0000000180028530 f   sfc_debug:sfdb_animation.obj
 0001:000275b0       sf_debug_sm_reset_object_selection_status 00000001800285b0 f   sfc_debug:sfdb_animation.obj
 0001:00027650       sf_debug_sm_reset_state_buffer 0000000180028650 f   sfc_debug:sfdb_animation.obj
 0001:00027720       sf_debug_sm_store_state_buffer 0000000180028720 f   sfc_debug:sfdb_animation.obj
 0001:000277a0       sf_debug_sm_restore_state_buffer1 00000001800287a0 f   sfc_debug:sfdb_animation.obj
 0001:00027810       sf_debug_sm_restore_state_buffer2 0000000180028810 f   sfc_debug:sfdb_animation.obj
 0001:00027880       sf_debug_sm_chart_active   0000000180028880 f   sfc_debug:sfdb_animation.obj
 0001:000278d0       sf_debug_sm_select_active_objects 00000001800288d0 f   sfc_debug:sfdb_animation.obj
 0001:00027d80       sf_debug_sm_is_chart_active 0000000180028d80 f   sfc_debug:sfdb_animation.obj
 0001:00027dc0       sf_debug_sm_is_state_active 0000000180028dc0 f   sfc_debug:sfdb_animation.obj
 0001:00028000       sf_debug_sm_get_active_states 0000000180029000 f   sfc_debug:sfdb_animation.obj
 0001:000285c0       sf_debug_sm_initialize_instance 00000001800295c0 f   sfc_debug:sfdb_animation.obj
 0001:00028810       sf_debug_sm_change_object_selection_status 0000000180029810 f   sfc_debug:sfdb_animation.obj
 0001:00028b00       cv_create_interface        0000000180029b00 f   sfc_debug:cv_sfinterface.obj
 0001:00028e60       cv_init_trans              0000000180029e60 f   sfc_debug:cv_sfinterface.obj
 0001:00028eb0       cv_init_testobjective      0000000180029eb0 f   sfc_debug:cv_sfinterface.obj
 0001:00028ef0       cv_init_state              0000000180029ef0 f   sfc_debug:cv_sfinterface.obj
 0001:00028f60       cv_init_chart              0000000180029f60 f   sfc_debug:cv_sfinterface.obj
 0001:00028fb0       cv_dec_update_call         0000000180029fb0 f   sfc_debug:cv_sfinterface.obj
 0001:00028ff0       cv_cond_update_call        0000000180029ff0 f   sfc_debug:cv_sfinterface.obj
 0001:00029030       cv_testobjective_update_call 000000018002a030 f   sfc_debug:cv_sfinterface.obj
 0001:00029070       cv_sigrange_update         000000018002a070 f   sfc_debug:cv_sfinterface.obj
 0001:000290b0       cvsf_eml_eval              000000018002a0b0 f   sfc_debug:cv_sfinterface.obj
 0001:00029190       cvsf_eml_init_script       000000018002a190 f   sfc_debug:cv_sfinterface.obj
 0001:00029210       cvsf_eml_init_fcn          000000018002a210 f   sfc_debug:cv_sfinterface.obj
 0001:00029270       cvsf_eml_init_testobjective 000000018002a270 f   sfc_debug:cv_sfinterface.obj
 0001:000292d0       cvsf_eml_init_if           000000018002a2d0 f   sfc_debug:cv_sfinterface.obj
 0001:00029330       cvsf_eml_init_for          000000018002a330 f   sfc_debug:cv_sfinterface.obj
 0001:00029380       cvsf_eml_init_while        000000018002a380 f   sfc_debug:cv_sfinterface.obj
 0001:000293d0       cvsf_eml_init_mcdc         000000018002a3d0 f   sfc_debug:cv_sfinterface.obj
 0001:00029460       cvsf_eml_init_switch       000000018002a460 f   sfc_debug:cv_sfinterface.obj
 0001:000294d0       cvsf_script_eval           000000018002a4d0 f   sfc_debug:cv_sfinterface.obj
 0001:000295b0       cvsf_script_init_script    000000018002a5b0 f   sfc_debug:cv_sfinterface.obj
 0001:00029630       cvsf_script_init_fcn       000000018002a630 f   sfc_debug:cv_sfinterface.obj
 0001:00029690       cvsf_script_init_testobjective 000000018002a690 f   sfc_debug:cv_sfinterface.obj
 0001:000296f0       cvsf_script_init_if        000000018002a6f0 f   sfc_debug:cv_sfinterface.obj
 0001:00029750       cvsf_script_init_for       000000018002a750 f   sfc_debug:cv_sfinterface.obj
 0001:000297a0       cvsf_script_init_while     000000018002a7a0 f   sfc_debug:cv_sfinterface.obj
 0001:000297f0       cvsf_script_init_mcdc      000000018002a7f0 f   sfc_debug:cv_sfinterface.obj
 0001:00029880       cvsf_script_init_switch    000000018002a880 f   sfc_debug:cv_sfinterface.obj
 0001:000298f0       cv_destroy_interface       000000018002a8f0 f   sfc_debug:cv_sfinterface.obj
 0001:00029910       cv_create_instance_objects 000000018002a910 f   sfc_debug:cv_sfinterface.obj
 0001:00029dc0       cv_is_enabled              000000018002adc0 f   sfc_debug:cv_sfinterface.obj
 0001:00029dd0       sf_debug_cv_initialize_script 000000018002add0 f   sfc_debug:cv_sfinterface.obj
 0001:00029f80       sf_debug_cv_initialize_instance 000000018002af80 f   sfc_debug:cv_sfinterface.obj
 0001:0002a320       sf_debug_cv_terminate_chart 000000018002b320 f   sfc_debug:cv_sfinterface.obj
 0001:0002a460       cv_call_trans_test         000000018002b460 f   sfc_debug:cv_sfinterface.obj
 0001:0002a470       cv_call_sub_cond_test      000000018002b470 f   sfc_debug:cv_sfinterface.obj
 0001:0002a4b0       sf_debug_st_initialize_machine 000000018002b4b0 f   sfc_debug:sfdb_data_browse.obj
 0001:0002a570       sf_debug_st_initialize_instance 000000018002b570 f   sfc_debug:sfdb_data_browse.obj
 0001:0002a7a0       sf_debug_st_terminate      000000018002b7a0 f   sfc_debug:sfdb_data_browse.obj
 0001:0002ab40       sf_debug_st_set_data_value_ptr_in_machine 000000018002bb40 f   sfc_debug:sfdb_data_browse.obj
 0001:0002abd0       sf_debug_st_set_data_value_ptr_in_instance 000000018002bbd0 f   sfc_debug:sfdb_data_browse.obj
 0001:0002acb0       sf_debug_st_unset_data_value_ptr_in_machine 000000018002bcb0 f   sfc_debug:sfdb_data_browse.obj
 0001:0002ad20       sf_debug_st_unset_data_value_ptr_in_instance 000000018002bd20 f   sfc_debug:sfdb_data_browse.obj
 0001:0002b030       sf_debug_mx_value          000000018002c030 f   sfc_debug:sfdb_data_browse.obj
 0001:0002b090       sf_debug_mx_packed_vector  000000018002c090 f   sfc_debug:sfdb_data_browse.obj
 0001:0002b170       sf_debug_mx_uint_vector    000000018002c170 f   sfc_debug:sfdb_data_browse.obj
 0001:0002b230       sf_debug_st_get_double_value_from_void_ptr_vector 000000018002c230 f   sfc_debug:sfdb_data_browse.obj
 0001:0002bd20       sf_debug_st_browse_data    000000018002cd20 f   sfc_debug:sfdb_data_browse.obj
 0001:0002c5b0       sf_debug_hm_initialize_instance 000000018002d5b0 f   sfc_debug:sfdb_handle_management.obj
 0001:0002cb30       sf_debug_hm_get_object_id  000000018002db30 f   sfc_debug:sfdb_handle_management.obj
 0001:0002eaa0       sf_debug_object_is_eml_function 000000018002faa0 f   sfc_debug:sfdb_handle_management.obj
 0001:0002eb10       sf_debug_hm_initialize_ids_in_machine 000000018002fb10 f   sfc_debug:sfdb_handle_management.obj
 0001:0002ec80       sf_debug_hm_initialize_ids_in_chart 000000018002fc80 f   sfc_debug:sfdb_handle_management.obj
 0001:0002edc0       sf_debug_hm_initialize_chart 000000018002fdc0 f   sfc_debug:sfdb_handle_management.obj
 0001:0002f570       sf_debug_hm_terminate      0000000180030570 f   sfc_debug:sfdb_handle_management.obj
 0001:0002f5d0       sf_debug_hm_initialize_machine 00000001800305d0 f   sfc_debug:sfdb_handle_management.obj
 0001:0002fd80       sf_debug_ss_initialize     0000000180030d80 f   sfc_debug:sfdb_symbol_scope.obj
 0001:0002fda0       sf_debug_ss_terminate      0000000180030da0 f   sfc_debug:sfdb_symbol_scope.obj
 0001:0002fe30       sf_debug_ss_push_symbol_scope 0000000180030e30 f   sfc_debug:sfdb_symbol_scope.obj
 0001:0002ff30       sf_debug_ss_push_symbol_scope_eml 0000000180030f30 f   sfc_debug:sfdb_symbol_scope.obj
 0001:0002ff90       sf_debug_ss_pop_symbol_scope 0000000180030f90 f   sfc_debug:sfdb_symbol_scope.obj
 0001:00030040       sf_debug_ss_add_symbol     0000000180031040 f   sfc_debug:sfdb_symbol_scope.obj
 0001:000301a0       sf_debug_ss_add_symbol_eml 00000001800311a0 f   sfc_debug:sfdb_symbol_scope.obj
 0001:00030e80       sf_debug_ss_set_data_value 0000000180031e80 f   sfc_debug:sfdb_symbol_scope.obj
 0001:00031320       sf_debug_ss_watch_data     0000000180032320 f   sfc_debug:sfdb_symbol_scope.obj
 0001:000313c0       sf_debug_ss_assign_data    00000001800323c0 f   sfc_debug:sfdb_symbol_scope.obj
 0001:00031dc0       get_data_entry_name        0000000180032dc0 f   sfc_debug:sfdb_symbol_scope.obj
 0001:00031e10       sf_debug_ss_whos           0000000180032e10 f   sfc_debug:sfdb_symbol_scope.obj
 0001:00032520       sf_debug_cc_initialize_chart 0000000180033520 f   sfc_debug:sfdb_coverage.obj
 0001:00032f10       sf_debug_cc_initialize_instance 0000000180033f10 f   sfc_debug:sfdb_coverage.obj
 0001:00033d10       sf_debug_cc_terminate      0000000180034d10 f   sfc_debug:sfdb_coverage.obj
 0001:00033e00       sf_debug_cc_set_transition_maps 0000000180034e00 f   sfc_debug:sfdb_coverage.obj
 0001:00033f30       sf_debug_cc_set_state_maps 0000000180034f30 f   sfc_debug:sfdb_coverage.obj
 0001:00034010       sf_debug_cc_set_transition_weights 0000000180035010 f   sfc_debug:sfdb_coverage.obj
 0001:000342e0       sf_debug_cc_set_state_weights 00000001800352e0 f   sfc_debug:sfdb_coverage.obj
 0001:000345b0       sf_debug_cc_mark_transition_guard 00000001800355b0 f   sfc_debug:sfdb_coverage.obj
 0001:00034640       sf_debug_cc_mark_transition_trigger 0000000180035640 f   sfc_debug:sfdb_coverage.obj
 0001:000346d0       sf_debug_cc_mark_transition_decision 00000001800356d0 f   sfc_debug:sfdb_coverage.obj
 0001:00034740       sf_debug_cc_mark_transition_condition_action 0000000180035740 f   sfc_debug:sfdb_coverage.obj
 0001:00034790       sf_debug_cc_mark_transition_transition_action 0000000180035790 f   sfc_debug:sfdb_coverage.obj
 0001:000347e0       sf_debug_cc_mark_state_entry 00000001800357e0 f   sfc_debug:sfdb_coverage.obj
 0001:00034830       sf_debug_cc_mark_state_during 0000000180035830 f   sfc_debug:sfdb_coverage.obj
 0001:00034880       sf_debug_cc_mark_state_exit 0000000180035880 f   sfc_debug:sfdb_coverage.obj
 0001:000348d0       sf_debug_bm_clear_script_breakpoints 00000001800358d0 f   sfc_debug:sfdb_breakpoints.obj
 0001:00034900       sf_debug_bm_set_script_breakpoint 0000000180035900 f   sfc_debug:sfdb_breakpoints.obj
 0001:00034980       sf_debug_bm_clear_single_script_breakpoint 0000000180035980 f   sfc_debug:sfdb_breakpoints.obj
 0001:00034a00       sf_debug_bm_query_script_breakpoint 0000000180035a00 f   sfc_debug:sfdb_breakpoints.obj
 0001:00034a50       sf_debug_bm_initialize_scripts 0000000180035a50 f   sfc_debug:sfdb_breakpoints.obj
 0001:00035170       sf_debug_bm_terminate      0000000180036170 f   sfc_debug:sfdb_breakpoints.obj
 0001:00035460       sf_debug_bm_remove_all_breakpoints_in_machine 0000000180036460 f   sfc_debug:sfdb_breakpoints.obj
 0001:000354d0       sf_debug_bm_remove_all_breakpoints_in_chart 00000001800364d0 f   sfc_debug:sfdb_breakpoints.obj
 0001:00035620       sf_debug_bm_initialize_global_breakpoints 0000000180036620 f   sfc_debug:sfdb_breakpoints.obj
 0001:000357a0       sf_debug_bm_set_breakpoint 00000001800367a0 f   sfc_debug:sfdb_breakpoints.obj
 0001:00035dd0       sf_debug_bm_set_eml_breakpoint 0000000180036dd0 f   sfc_debug:sfdb_breakpoints.obj
 0001:00035e70       sf_debug_bm_initialize_machine_breakpoint_map 0000000180036e70 f   sfc_debug:sfdb_breakpoints.obj
 0001:00036290       sf_debug_bm_is_a_breakpoint 0000000180037290 f   sfc_debug:sfdb_breakpoints.obj
 0001:000367b0       sf_debug_bm_get_all_breakpoints_in_machine 00000001800377b0 f   sfc_debug:sfdb_breakpoints.obj
 0001:00036ab0       sf_debug_bm_get_all_breakpoints_in_chart 0000000180037ab0 f   sfc_debug:sfdb_breakpoints.obj
 0001:00037770       sf_debug_bm_initialize_machine 0000000180038770 f   sfc_debug:sfdb_breakpoints.obj
 0001:00037840       sf_debug_bm_initialize_chart 0000000180038840 f   sfc_debug:sfdb_breakpoints.obj
 0001:00037c60       sf_debug_sc_terminate      0000000180038c60 f   sfc_debug:sfdb_state_consistency.obj
 0001:00037f90       sf_debug_sc_is_chart_consistent 0000000180038f90 f   sfc_debug:sfdb_state_consistency.obj
 0001:00038240       sf_debug_sc_get_consistency_error_info 0000000180039240 f   sfc_debug:sfdb_state_consistency.obj
 0001:00038690       sf_debug_tm_terminate      0000000180039690 f   sfc_debug:sfdb_call_stack.obj
 0001:00038750       sf_debug_tm_push_chart_instance 0000000180039750 f   sfc_debug:sfdb_call_stack.obj
 0001:000388a0       sf_debug_tm_pop_chart_instance 00000001800398a0 f   sfc_debug:sfdb_call_stack.obj
 0001:00038900       sf_debug_tm_push_trace_node 0000000180039900 f   sfc_debug:sfdb_call_stack.obj
 0001:00038a90       sf_debug_tm_pop_trace_node 0000000180039a90 f   sfc_debug:sfdb_call_stack.obj
 0001:00038b10       sf_debug_tm_get_current_global_trace_index 0000000180039b10 f   sfc_debug:sfdb_call_stack.obj
 0001:00038b20       sf_debug_tm_get_current_local_trace_index 0000000180039b20 f   sfc_debug:sfdb_call_stack.obj
 0001:00038b50       sf_debug_tm_set_cycle_detected_flag 0000000180039b50 f   sfc_debug:sfdb_call_stack.obj
 0001:00038b90       sf_debug_tm_set_cycle_started_flag 0000000180039b90 f   sfc_debug:sfdb_call_stack.obj
 0001:00038bd0       sf_debug_tm_get_chart_number_from_stack 0000000180039bd0 f   sfc_debug:sfdb_call_stack.obj
 0001:00038dd0       sf_debug_tm_browse_trace   0000000180039dd0 f   sfc_debug:sfdb_call_stack.obj
 0001:00039110       sf_debug_cd_initialize_instance 000000018003a110 f   sfc_debug:sfdb_cycle_detection.obj
 0001:000393c0       sf_debug_cd_mark_processed_transition_in_instance 000000018003a3c0 f   sfc_debug:sfdb_cycle_detection.obj
 0001:00039460       sf_debug_cd_checksum_push  000000018003a460 f   sfc_debug:sfdb_cycle_detection.obj
 0001:00039720       sf_debug_cd_checksum_pop   000000018003a720 f   sfc_debug:sfdb_cycle_detection.obj
 0001:00039790       sf_debug_cd_turn_off_cycle_detection 000000018003a790 f   sfc_debug:sfdb_cycle_detection.obj
 0001:000397e0       sf_debug_cd_terminate      000000018003a7e0 f   sfc_debug:sfdb_cycle_detection.obj
 0001:00039a20       md5_initialize_state       000000018003aa20 f   sfc_debug:ckmd5.obj
 0001:0003a490       md5_update_state           000000018003b490 f   sfc_debug:ckmd5.obj
 0001:0003a4b0       md5_get_hash               000000018003b4b0 f   sfc_debug:ckmd5.obj
 0001:0003a4e0       md5_get_hash_for_a_single_string 000000018003b4e0 f   sfc_debug:ckmd5.obj
 0001:0003a544       mxGetPr                    000000018003b544 f   libmx:libmx.dll
 0001:0003a54a       mxCreateDoubleScalar       000000018003b54a f   libmx:libmx.dll
 0001:0003a550       mxCreateDoubleMatrix_730   000000018003b550 f   libmx:libmx.dll
 0001:0003a556       mxSetField_730             000000018003b556 f   libmx:libmx.dll
 0001:0003a55c       mxCreateString             000000018003b55c f   libmx:libmx.dll
 0001:0003a562       mxCreateStructMatrix_730   000000018003b562 f   libmx:libmx.dll
 0001:0003a568       mxDestroyArray             000000018003b568 f   libmx:libmx.dll
 0001:0003a56e       mxDuplicateArray           000000018003b56e f   libmx:libmx.dll
 0001:0003a574       mxGetString_730            000000018003b574 f   libmx:libmx.dll
 0001:0003a57a       mxIsChar                   000000018003b57a f   libmx:libmx.dll
 0001:0003a580       mxGetClassID               000000018003b580 f   libmx:libmx.dll
 0001:0003a586       mxIsNumeric                000000018003b586 f   libmx:libmx.dll
 0001:0003a58c       mxIsComplex                000000018003b58c f   libmx:libmx.dll
 0001:0003a592       mxGetN                     000000018003b592 f   libmx:libmx.dll
 0001:0003a598       mxGetM                     000000018003b598 f   libmx:libmx.dll
 0001:0003a59e       mxCalloc                   000000018003b59e f   libmx:libmx.dll
 0001:0003a5a4       mxGetScalar                000000018003b5a4 f   libmx:libmx.dll
 0001:0003a5aa       mxIsLogical                000000018003b5aa f   libmx:libmx.dll
 0001:0003a5b0       mxCreateDoubleMatrix_700   000000018003b5b0 f   libmx:libmx.dll
 0001:0003a5b6       mxFree                     000000018003b5b6 f   libmx:libmx.dll
 0001:0003a5bc       mxArrayToString            000000018003b5bc f   libmx:libmx.dll
 0001:0003a5c2       mxCreateCellMatrix_700     000000018003b5c2 f   libmx:libmx.dll
 0001:0003a5c8       mxSetCell_700              000000018003b5c8 f   libmx:libmx.dll
 0001:0003a5ce       mxGetCell_700              000000018003b5ce f   libmx:libmx.dll
 0001:0003a5d4       mxGetClassName             000000018003b5d4 f   libmx:libmx.dll
 0001:0003a5da       mxSetField_700             000000018003b5da f   libmx:libmx.dll
 0001:0003a5e0       mxAddField                 000000018003b5e0 f   libmx:libmx.dll
 0001:0003a5e6       mxGetField_700             000000018003b5e6 f   libmx:libmx.dll
 0001:0003a5ec       mxGetNumberOfElements      000000018003b5ec f   libmx:libmx.dll
 0001:0003a5f2       mxIsStruct                 000000018003b5f2 f   libmx:libmx.dll
 0001:0003a5f8       mxIsA                      000000018003b5f8 f   libmx:libmx.dll
 0001:0003a5fe       mxIsClass                  000000018003b5fe f   libmx:libmx.dll
 0001:0003a604       mxGetLogicals              000000018003b604 f   libmx:libmx.dll
 0001:0003a60a       mxIsSparse                 000000018003b60a f   libmx:libmx.dll
 0001:0003a610       mxSetFieldByNumber_700     000000018003b610 f   libmx:libmx.dll
 0001:0003a616       mxGetFieldByNumber_700     000000018003b616 f   libmx:libmx.dll
 0001:0003a61c       mxGetFieldNameByNumber     000000018003b61c f   libmx:libmx.dll
 0001:0003a622       mxGetNumberOfFields        000000018003b622 f   libmx:libmx.dll
 0001:0003a628       mxCreateStructMatrix_700   000000018003b628 f   libmx:libmx.dll
 0001:0003a62e       mxGetFieldNumber           000000018003b62e f   libmx:libmx.dll
 0001:0003a634       mxIsNaN                    000000018003b634 f   libmx:libmx.dll
 0001:0003a63a       mxIsEmpty                  000000018003b63a f   libmx:libmx.dll
 0001:0003a640       mxGetData                  000000018003b640 f   libmx:libmx.dll
 0001:0003a646       mxGetImagData              000000018003b646 f   libmx:libmx.dll
 0001:0003a64c       mxArrayClassIDName         000000018003b64c f   libmx:libmx.dll
 0001:0003a652       mxCreateNumericMatrix_700  000000018003b652 f   libmx:libmx.dll
 0001:0003a658       mxCreateStructArray_700    000000018003b658 f   libmx:libmx.dll
 0001:0003a65e       mxCalcSingleSubscript_700  000000018003b65e f   libmx:libmx.dll
 0001:0003a664       mxGetDimensions_700        000000018003b664 f   libmx:libmx.dll
 0001:0003a66a       mxGetNumberOfDimensions_700 000000018003b66a f   libmx:libmx.dll
 0001:0003a670       mxCreateNumericArray_700   000000018003b670 f   libmx:libmx.dll
 0001:0003a676       mxGetElementSize           000000018003b676 f   libmx:libmx.dll
 0001:0003a67c       mxCreateStringFromNChars_700 000000018003b67c f   libmx:libmx.dll
 0001:0003a682       mxGetString_700            000000018003b682 f   libmx:libmx.dll
 0001:0003a688       mxIsLogicalScalarTrue      000000018003b688 f   libmx:libmx.dll
 0001:0003a68e       mxCreateLogicalScalar      000000018003b68e f   libmx:libmx.dll
 0001:0003a694       mexUnlock                  000000018003b694 f   libmex:libmex.dll
 0001:0003a69a       mexIsLocked                000000018003b69a f   libmex:libmex.dll
 0001:0003a6a0       mexWarnMsgTxt              000000018003b6a0 f   libmex:libmex.dll
 0001:0003a6a6       mexCallMATLAB              000000018003b6a6 f   libmex:libmex.dll
 0001:0003a6ac       mexErrMsgTxt               000000018003b6ac f   libmex:libmex.dll
 0001:0003a6b2       mexMakeArrayPersistent     000000018003b6b2 f   libmex:libmex.dll
 0001:0003a6b8       mexSetTrapFlag             000000018003b6b8 f   libmex:libmex.dll
 0001:0003a6be       mexPutVariable             000000018003b6be f   libmex:libmex.dll
 0001:0003a6c4       mexGetVariable             000000018003b6c4 f   libmex:libmex.dll
 0001:0003a6ca       mexLock                    000000018003b6ca f   libmex:libmex.dll
 0001:0003a6d0       mexMakeMemoryPersistent    000000018003b6d0 f   libmex:libmex.dll
 0001:0003a6d6       mexFunctionName            000000018003b6d6 f   libmex:libmex.dll
 0001:0003a6dc       ssRegisterDataTypeFxpFSlopeFixExpBias 000000018003b6dc f   libfixedpoint:libfixedpoint.dll
 0001:0003a6e2       utVSNprintf                000000018003b6e2 f   libut:libut.dll
 0001:0003a6e8       utCPUtime                  000000018003b6e8 f   libut:libut.dll
 0001:0003a6ee       utFree                     000000018003b6ee f   libut:libut.dll
 0001:0003a6f4       utMalloc                   000000018003b6f4 f   libut:libut.dll
 0001:0003a6fa       emlrtCheckBuiltInCtxR2011a 000000018003b6fa f   libemlrt:libemlrt.dll
 0001:0003a700       emlrtCheckVsBuiltInCtxR2011a 000000018003b700 f   libemlrt:libemlrt.dll
 0001:0003a706       emlrtCheckEnumR2009a       000000018003b706 f   libemlrt:libemlrt.dll
 0001:0003a70c       emlrtCreateEnumR2010a      000000018003b70c f   libemlrt:libemlrt.dll
 0001:0003a712       emlrtGetEnumElementR2009a  000000018003b712 f   libemlrt:libemlrt.dll
 0001:0003a718       emlrtCreateReference       000000018003b718 f   libemlrt:libemlrt.dll
 0001:0003a71e       emlrtImportVsFiArrayR2009b 000000018003b71e f   libemlrt:libemlrt.dll
 0001:0003a724       emlrtNameCapturePostProcessR2012a 000000018003b724 f   libemlrt:libemlrt.dll
 0001:0003a72a       emlrtExtractMessageId      000000018003b72a f   libemlrt:libemlrt.dll
 0001:0003a730       emlrtTranslateMessageIDtoLCPstring 000000018003b730 f   libemlrt:libemlrt.dll
 0001:0003a736       emlrtForLoopVectorIsValidR2011b 000000018003b736 f   libemlrt:libemlrt.dll
 0001:0003a73c       emlrtTranslateUTF16MessagetoLCPstring 000000018003b73c f   libemlrt:libemlrt.dll
 0001:0003a742       emlrtGetEnumUnderlyingArrayR2009a 000000018003b742 f   libemlrt:libemlrt.dll
 0001:0003a748       emlrtIsEnumR2009a          000000018003b748 f   libemlrt:libemlrt.dll
 0001:0003a750       __GSHandlerCheckCommon     000000018003b750 f   MSVCRT:gshandler.obj
 0001:0003a7b4       __GSHandlerCheck           000000018003b7b4 f   MSVCRT:gshandler.obj
 0001:0003a7f0       __security_check_cookie    000000018003b7f0 f   MSVCRT:amdsecgs.obj
 0001:0003a810       memset                     000000018003b810 f   MSVCRT:MSVCR100.dll
 0001:0003a816       malloc                     000000018003b816 f   MSVCRT:MSVCR100.dll
 0001:0003a81c       free                       000000018003b81c f   MSVCRT:MSVCR100.dll
 0001:0003a822       strcmp                     000000018003b822 f   MSVCRT:MSVCR100.dll
 0001:0003a828       sprintf                    000000018003b828 f   MSVCRT:MSVCR100.dll
 0001:0003a82e       strlen                     000000018003b82e f   MSVCRT:MSVCR100.dll
 0001:0003a834       strcat                     000000018003b834 f   MSVCRT:MSVCR100.dll
 0001:0003a83a       memcpy                     000000018003b83a f   MSVCRT:MSVCR100.dll
 0001:0003a840       NtCurrentTeb               000000018003b840 f i MSVCRT:crtdll.obj
 0001:0003a8ac       _CRT_INIT                  000000018003b8ac f   MSVCRT:crtdll.obj
 0001:0003ac44       _DllMainCRTStartup         000000018003bc44 f   MSVCRT:crtdll.obj
 0001:0003ac82       strncpy                    000000018003bc82 f   MSVCRT:MSVCR100.dll
 0001:0003aca0       _alloca_probe              000000018003bca0     MSVCRT:chkstk.obj
 0001:0003aca0       __chkstk                   000000018003bca0 f   MSVCRT:chkstk.obj
 0001:0003acee       longjmp                    000000018003bcee f   MSVCRT:MSVCR100.dll
 0001:0003acf4       strncmp                    000000018003bcf4 f   MSVCRT:MSVCR100.dll
 0001:0003acfa       ceil                       000000018003bcfa f   MSVCRT:MSVCR100.dll
 0001:0003ad00       strrchr                    000000018003bd00 f   MSVCRT:MSVCR100.dll
 0001:0003ad06       _setjmp                    000000018003bd06 f   MSVCRT:MSVCR100.dll
 0001:0003ad0c       calloc                     000000018003bd0c f   MSVCRT:MSVCR100.dll
 0001:0003ad12       realloc                    000000018003bd12 f   MSVCRT:MSVCR100.dll
 0001:0003ad18       ldexp                      000000018003bd18 f   MSVCRT:MSVCR100.dll
 0001:0003ad20       __report_gsfailure         000000018003bd20 f   MSVCRT:gs_report.obj
 0001:0003ae6c       __clean_type_info_names    000000018003be6c f   MSVCRT:tncleanup.obj
 0001:0003ae78       _onexit                    000000018003be78 f   MSVCRT:atonexit.obj
 0001:0003af28       atexit                     000000018003bf28 f   MSVCRT:atonexit.obj
 0001:0003af40       _RTC_Initialize            000000018003bf40 f   MSVCRT:_initsect_.obj
 0001:0003af78       _RTC_Terminate             000000018003bf78 f   MSVCRT:_initsect_.obj
 0001:0003afb0       _malloc_crt                000000018003bfb0 f   MSVCRT:MSVCR100.dll
 0001:0003afc0       _ValidateImageBase         000000018003bfc0 f   MSVCRT:pesect.obj
 0001:0003aff0       _FindPESection             000000018003bff0 f   MSVCRT:pesect.obj
 0001:0003b040       _IsNonwritableInCurrentImage 000000018003c040 f   MSVCRT:pesect.obj
 0001:0003b082       _initterm                  000000018003c082 f   MSVCRT:MSVCR100.dll
 0001:0003b088       _initterm_e                000000018003c088 f   MSVCRT:MSVCR100.dll
 0001:0003b08e       _encoded_null              000000018003c08e f   MSVCRT:MSVCR100.dll
 0001:0003b094       _amsg_exit                 000000018003c094 f   MSVCRT:MSVCR100.dll
 0001:0003b09a       __C_specific_handler       000000018003c09a f   MSVCRT:MSVCR100.dll
 0001:0003b0a0       __CppXcptFilter            000000018003c0a0 f   MSVCRT:MSVCR100.dll
 0001:0003b0a8       DllMain                    000000018003c0a8 f   MSVCRT:dllmain.obj
 0001:0003b0cc       __security_init_cookie     000000018003c0cc f   MSVCRT:gs_support.obj
 0001:0003b180       __crt_debugger_hook        000000018003c180 f   MSVCRT:MSVCR100.dll
 0001:0003b186       __clean_type_info_names_internal 000000018003c186 f   MSVCRT:MSVCR100.dll
 0001:0003b18c       _unlock                    000000018003c18c f   MSVCRT:MSVCR100.dll
 0001:0003b192       __dllonexit                000000018003c192 f   MSVCRT:MSVCR100.dll
 0001:0003b198       _lock                      000000018003c198 f   MSVCRT:MSVCR100.dll
 0001:0003b19e       EncodePointer              000000018003c19e f   kernel32:KERNEL32.dll
 0001:0003b1a4       DecodePointer              000000018003c1a4 f   kernel32:KERNEL32.dll
 0001:0003b1aa       Sleep                      000000018003c1aa f   kernel32:KERNEL32.dll
 0001:0003b1b0       TerminateProcess           000000018003c1b0 f   kernel32:KERNEL32.dll
 0001:0003b1b6       GetCurrentProcess          000000018003c1b6 f   kernel32:KERNEL32.dll
 0001:0003b1bc       UnhandledExceptionFilter   000000018003c1bc f   kernel32:KERNEL32.dll
 0001:0003b1c2       SetUnhandledExceptionFilter 000000018003c1c2 f   kernel32:KERNEL32.dll
 0001:0003b1c8       IsDebuggerPresent          000000018003c1c8 f   kernel32:KERNEL32.dll
 0001:0003b1ce       RtlVirtualUnwind           000000018003c1ce f   kernel32:KERNEL32.dll
 0001:0003b1d4       RtlLookupFunctionEntry     000000018003c1d4 f   kernel32:KERNEL32.dll
 0001:0003b1da       RtlCaptureContext          000000018003c1da f   kernel32:KERNEL32.dll
 0001:0003b1e0       DisableThreadLibraryCalls  000000018003c1e0 f   kernel32:KERNEL32.dll
 0001:0003b1e6       QueryPerformanceCounter    000000018003c1e6 f   kernel32:KERNEL32.dll
 0001:0003b1ec       GetTickCount               000000018003c1ec f   kernel32:KERNEL32.dll
 0001:0003b1f2       GetCurrentThreadId         000000018003c1f2 f   kernel32:KERNEL32.dll
 0001:0003b1f8       GetCurrentProcessId        000000018003c1f8 f   kernel32:KERNEL32.dll
 0001:0003b1fe       GetSystemTimeAsFileTime    000000018003c1fe f   kernel32:KERNEL32.dll
 0002:00000000       __imp_GetSystemTimeAsFileTime 000000018003d000     kernel32:KERNEL32.dll
 0002:00000008       __imp_GetCurrentProcessId  000000018003d008     kernel32:KERNEL32.dll
 0002:00000010       __imp_GetCurrentThreadId   000000018003d010     kernel32:KERNEL32.dll
 0002:00000018       __imp_GetTickCount         000000018003d018     kernel32:KERNEL32.dll
 0002:00000020       __imp_QueryPerformanceCounter 000000018003d020     kernel32:KERNEL32.dll
 0002:00000028       __imp_DisableThreadLibraryCalls 000000018003d028     kernel32:KERNEL32.dll
 0002:00000030       __imp_RtlCaptureContext    000000018003d030     kernel32:KERNEL32.dll
 0002:00000038       __imp_RtlLookupFunctionEntry 000000018003d038     kernel32:KERNEL32.dll
 0002:00000040       __imp_RtlVirtualUnwind     000000018003d040     kernel32:KERNEL32.dll
 0002:00000048       __imp_IsDebuggerPresent    000000018003d048     kernel32:KERNEL32.dll
 0002:00000050       __imp_SetUnhandledExceptionFilter 000000018003d050     kernel32:KERNEL32.dll
 0002:00000058       __imp_UnhandledExceptionFilter 000000018003d058     kernel32:KERNEL32.dll
 0002:00000060       __imp_GetCurrentProcess    000000018003d060     kernel32:KERNEL32.dll
 0002:00000068       __imp_TerminateProcess     000000018003d068     kernel32:KERNEL32.dll
 0002:00000070       __imp_Sleep                000000018003d070     kernel32:KERNEL32.dll
 0002:00000078       __imp_DecodePointer        000000018003d078     kernel32:KERNEL32.dll
 0002:00000080       __imp_EncodePointer        000000018003d080     kernel32:KERNEL32.dll
 0002:00000088       \177KERNEL32_NULL_THUNK_DATA 000000018003d088     kernel32:KERNEL32.dll
 0002:00000090       __imp__onexit              000000018003d090     MSVCRT:MSVCR100.dll
 0002:00000098       __imp__lock                000000018003d098     MSVCRT:MSVCR100.dll
 0002:000000a0       __imp___dllonexit          000000018003d0a0     MSVCRT:MSVCR100.dll
 0002:000000a8       __imp__unlock              000000018003d0a8     MSVCRT:MSVCR100.dll
 0002:000000b0       __imp___clean_type_info_names_internal 000000018003d0b0     MSVCRT:MSVCR100.dll
 0002:000000b8       __imp___crt_debugger_hook  000000018003d0b8     MSVCRT:MSVCR100.dll
 0002:000000c0       __imp___CppXcptFilter      000000018003d0c0     MSVCRT:MSVCR100.dll
 0002:000000c8       __imp___C_specific_handler 000000018003d0c8     MSVCRT:MSVCR100.dll
 0002:000000d0       __imp__amsg_exit           000000018003d0d0     MSVCRT:MSVCR100.dll
 0002:000000d8       __imp__encoded_null        000000018003d0d8     MSVCRT:MSVCR100.dll
 0002:000000e0       __imp__initterm_e          000000018003d0e0     MSVCRT:MSVCR100.dll
 0002:000000e8       __imp__initterm            000000018003d0e8     MSVCRT:MSVCR100.dll
 0002:000000f0       __imp__malloc_crt          000000018003d0f0     MSVCRT:MSVCR100.dll
 0002:000000f8       __imp_ldexp                000000018003d0f8     MSVCRT:MSVCR100.dll
 0002:00000100       __imp_realloc              000000018003d100     MSVCRT:MSVCR100.dll
 0002:00000108       __imp_calloc               000000018003d108     MSVCRT:MSVCR100.dll
 0002:00000110       __imp__setjmp              000000018003d110     MSVCRT:MSVCR100.dll
 0002:00000118       __imp_strrchr              000000018003d118     MSVCRT:MSVCR100.dll
 0002:00000120       __imp_ceil                 000000018003d120     MSVCRT:MSVCR100.dll
 0002:00000128       __imp_strncmp              000000018003d128     MSVCRT:MSVCR100.dll
 0002:00000130       __imp_longjmp              000000018003d130     MSVCRT:MSVCR100.dll
 0002:00000138       __imp_strncpy              000000018003d138     MSVCRT:MSVCR100.dll
 0002:00000140       __imp_memcpy               000000018003d140     MSVCRT:MSVCR100.dll
 0002:00000148       __imp_strcat               000000018003d148     MSVCRT:MSVCR100.dll
 0002:00000150       __imp_strlen               000000018003d150     MSVCRT:MSVCR100.dll
 0002:00000158       __imp_sprintf              000000018003d158     MSVCRT:MSVCR100.dll
 0002:00000160       __imp_strcmp               000000018003d160     MSVCRT:MSVCR100.dll
 0002:00000168       __imp_free                 000000018003d168     MSVCRT:MSVCR100.dll
 0002:00000170       __imp_malloc               000000018003d170     MSVCRT:MSVCR100.dll
 0002:00000178       __imp_memset               000000018003d178     MSVCRT:MSVCR100.dll
 0002:00000180       \177MSVCR100_NULL_THUNK_DATA 000000018003d180     MSVCRT:MSVCR100.dll
 0002:00000188       __imp_emlrtIsEnumR2009a    000000018003d188     libemlrt:libemlrt.dll
 0002:00000190       __imp_emlrtGetEnumUnderlyingArrayR2009a 000000018003d190     libemlrt:libemlrt.dll
 0002:00000198       __imp_emlrtTranslateUTF16MessagetoLCPstring 000000018003d198     libemlrt:libemlrt.dll
 0002:000001a0       __imp_emlrtForLoopVectorIsValidR2011b 000000018003d1a0     libemlrt:libemlrt.dll
 0002:000001a8       __imp_emlrtTranslateMessageIDtoLCPstring 000000018003d1a8     libemlrt:libemlrt.dll
 0002:000001b0       __imp_emlrtExtractMessageId 000000018003d1b0     libemlrt:libemlrt.dll
 0002:000001b8       __imp_emlrtNameCapturePostProcessR2012a 000000018003d1b8     libemlrt:libemlrt.dll
 0002:000001c0       __imp_emlrtImportVsFiArrayR2009b 000000018003d1c0     libemlrt:libemlrt.dll
 0002:000001c8       __imp_emlrtCreateReference 000000018003d1c8     libemlrt:libemlrt.dll
 0002:000001d0       __imp_emlrtGetEnumElementR2009a 000000018003d1d0     libemlrt:libemlrt.dll
 0002:000001d8       __imp_emlrtCreateEnumR2010a 000000018003d1d8     libemlrt:libemlrt.dll
 0002:000001e0       __imp_emlrtCheckEnumR2009a 000000018003d1e0     libemlrt:libemlrt.dll
 0002:000001e8       __imp_emlrtCheckVsBuiltInCtxR2011a 000000018003d1e8     libemlrt:libemlrt.dll
 0002:000001f0       __imp_emlrtCheckBuiltInCtxR2011a 000000018003d1f0     libemlrt:libemlrt.dll
 0002:000001f8       \177libemlrt_NULL_THUNK_DATA 000000018003d1f8     libemlrt:libemlrt.dll
 0002:00000200       __imp_ssRegisterDataTypeFxpFSlopeFixExpBias 000000018003d200     libfixedpoint:libfixedpoint.dll
 0002:00000208       \177libfixedpoint_NULL_THUNK_DATA 000000018003d208     libfixedpoint:libfixedpoint.dll
 0002:00000210       __imp_mexLock              000000018003d210     libmex:libmex.dll
 0002:00000218       __imp_mexMakeMemoryPersistent 000000018003d218     libmex:libmex.dll
 0002:00000220       __imp_mexFunctionName      000000018003d220     libmex:libmex.dll
 0002:00000228       __imp_mexGetVariable       000000018003d228     libmex:libmex.dll
 0002:00000230       __imp_mexPutVariable       000000018003d230     libmex:libmex.dll
 0002:00000238       __imp_mexIsLocked          000000018003d238     libmex:libmex.dll
 0002:00000240       __imp_mexWarnMsgTxt        000000018003d240     libmex:libmex.dll
 0002:00000248       __imp_mexCallMATLAB        000000018003d248     libmex:libmex.dll
 0002:00000250       __imp_mexUnlock            000000018003d250     libmex:libmex.dll
 0002:00000258       __imp_mexErrMsgTxt         000000018003d258     libmex:libmex.dll
 0002:00000260       __imp_mexSetTrapFlag       000000018003d260     libmex:libmex.dll
 0002:00000268       __imp_mexMakeArrayPersistent 000000018003d268     libmex:libmex.dll
 0002:00000270       \177libmex_NULL_THUNK_DATA 000000018003d270     libmex:libmex.dll
 0002:00000278       __imp_mxSetField_730       000000018003d278     libmx:libmx.dll
 0002:00000280       __imp_mxCreateDoubleMatrix_730 000000018003d280     libmx:libmx.dll
 0002:00000288       __imp_mxCreateDoubleScalar 000000018003d288     libmx:libmx.dll
 0002:00000290       __imp_mxCreateString       000000018003d290     libmx:libmx.dll
 0002:00000298       __imp_mxCreateStructMatrix_730 000000018003d298     libmx:libmx.dll
 0002:000002a0       __imp_mxCreateLogicalScalar 000000018003d2a0     libmx:libmx.dll
 0002:000002a8       __imp_mxIsLogicalScalarTrue 000000018003d2a8     libmx:libmx.dll
 0002:000002b0       __imp_mxGetString_700      000000018003d2b0     libmx:libmx.dll
 0002:000002b8       __imp_mxCreateStringFromNChars_700 000000018003d2b8     libmx:libmx.dll
 0002:000002c0       __imp_mxGetElementSize     000000018003d2c0     libmx:libmx.dll
 0002:000002c8       __imp_mxCreateNumericArray_700 000000018003d2c8     libmx:libmx.dll
 0002:000002d0       __imp_mxGetNumberOfDimensions_700 000000018003d2d0     libmx:libmx.dll
 0002:000002d8       __imp_mxGetDimensions_700  000000018003d2d8     libmx:libmx.dll
 0002:000002e0       __imp_mxCalcSingleSubscript_700 000000018003d2e0     libmx:libmx.dll
 0002:000002e8       __imp_mxCreateStructArray_700 000000018003d2e8     libmx:libmx.dll
 0002:000002f0       __imp_mxCreateNumericMatrix_700 000000018003d2f0     libmx:libmx.dll
 0002:000002f8       __imp_mxArrayClassIDName   000000018003d2f8     libmx:libmx.dll
[...]
 0001:000128c0       sf_numeric_value_to_double 00000001800138c0 f   sfc_mex:sfc_mex.obj
 0001:00012910       ml_generic_out_of_bounds_check 0000000180013910 f   sfc_mex:sfc_mex.obj
 0001:00012ae0       ml_get_element_value_from_array 0000000180013ae0 f   sfc_mex:sfc_mex.obj
 0001:00012e80       _ml_generic_castability_check 0000000180013e80 f   sfc_mex:sfc_mex.obj
 0001:00013be0       ml_generic_castability_check 0000000180014be0 f   sfc_mex:sfc_mex.obj
 0001:00013c80       ml_check_mx_array_for_single_castability 0000000180014c80 f   sfc_mex:sfc_mex.obj
 0001:00013d20       ml_check_mx_array_for_logical_castability 0000000180014d20 f   sfc_mex:sfc_mex.obj
 0001:00013dc0       ml_check_mx_array_for_int8_castability 0000000180014dc0 f   sfc_mex:sfc_mex.obj
 0001:00013e70       ml_check_mx_array_for_uint8_castability 0000000180014e70 f   sfc_mex:sfc_mex.obj
 0001:00013ed0       ml_check_mx_array_for_int16_castability 0000000180014ed0 f   sfc_mex:sfc_mex.obj
 0001:00013f30       ml_check_mx_array_for_uint16_castability 0000000180014f30 f   sfc_mex:sfc_mex.obj
 0001:00013f90       ml_check_mx_array_for_int32_castability 0000000180014f90 f   sfc_mex:sfc_mex.obj
 0001:00013ff0       ml_check_mx_array_for_uint32_castability 0000000180014ff0 f   sfc_mex:sfc_mex.obj
 0001:00014050       ml_check_mx_array_for_castability 0000000180015050 f   sfc_mex:sfc_mex.obj
 0001:00014980       set_data_value             0000000180015980 f   sfc_mex:sfc_mex.obj
 0001:00014cf0       get_data_value             0000000180015cf0 f   sfc_mex:sfc_mex.obj
 0001:00014e00       get_next_element_address   0000000180015e00 f   sfc_mex:sfc_mex.obj
 0001:00014ed0       sf_normalize_index         0000000180015ed0 f   sfc_mex:sfc_mex.obj
 0001:00015260       ml_array_index_bound_check 0000000180016260 f   sfc_mex:sfc_mex.obj
 0001:00015d80       mx_value                   0000000180016d80 f   sfc_mex:sfc_mex.obj
 0001:00015dd0       sf_create_numeric_array    0000000180016dd0 f   sfc_mex:sfc_mex.obj
 0001:00015e70       sf_mex_assign_to_mx_array  0000000180016e70 f   sfc_mex:sfc_mex.obj
 0001:000161c0       assign_from_mx_array       00000001800171c0 f   sfc_mex:sfc_mex.obj
 0001:000169f0       sf_mex_import_v            00000001800179f0 f   sfc_mex:sfc_mex.obj
 0001:000170f0       get_machine_and_chart_file_number 00000001800180f0 f   sfc_mex:sfc_sf.obj
 0001:000171e0       get_sfun_block_specialization 00000001800181e0 f   sfc_mex:sfc_sf.obj
 0001:00017290       call_sf_machine_global_method_dispatcher 0000000180018290 f   sfc_mex:sfc_sf.obj
 0001:000174e0       mdl_zeroCrossings_processing 00000001800184e0 f   sfc_mex:sfc_sf.obj
 0001:000175b0       mdl_derivatives_processing 00000001800185b0 f   sfc_mex:sfc_sf.obj
 0001:00017870       mdl_outputs_continuous_legacy 0000000180018870 f   sfc_mex:sfc_sf.obj
 0001:000178f0       mdl_outputs_processing     00000001800188f0 f   sfc_mex:sfc_sf.obj
 0001:00017b20       mdl_enable_processing      0000000180018b20 f   sfc_mex:sfc_sf.obj
 0001:00017bf0       mdl_disable_processing     0000000180018bf0 f   sfc_mex:sfc_sf.obj
 0001:00018960       sf_call_output_fcn_enable_disable 0000000180019960 f   sfc_mex:sfc_sf.obj
 0001:00018be0       set_dwork_information_from_mx_array 0000000180019be0 f   sfc_mex:sfc_sf.obj
 0001:000194a0       ptr2mxStruct               000000018001a4a0 f   sfc_mex:sfc_sf.obj
 0001:000197b0       SNPRINTF_WRAPPER           000000018001a7b0 f   sfc_debug:sfcdebug.obj
 0001:000197d0       sf_debug_chart_instance_initialized_quick 000000018001a7d0 f   sfc_debug:sfcdebug.obj
 0001:000197e0       sf_debug_chart_instance_initialized 000000018001a7e0 f   sfc_debug:sfcdebug.obj
 0001:00019980       sfrtAddSize                000000018001a980 f   sfc_debug:sfcdebug.obj
 0001:00019a40       sfrtGenSizeString          000000018001aa40 f   sfc_debug:sfcdebug.obj
 0001:0001a150       fill_single_message_info   000000018001b150 f   sfc_debug:sfcdebug.obj
 0001:0001a310       sf_debug_sim_status_listener 000000018001b310 f   sfc_debug:sfcdebug.obj
 0001:0001a880       sf_debug_form_mask_bits    000000018001b880 f   sfc_debug:sfcdebug.obj
 0001:0001a8c0       sf_debug_form_sf_data_type_offsets 000000018001b8c0 f   sfc_debug:sfcdebug.obj
 0001:0001a980       sf_debug_free_all          000000018001b980 f   sfc_debug:sfcdebug.obj
 0001:0001ab30       sf_debug_append_debugger_context 000000018001bb30 f   sfc_debug:sfcdebug.obj
 0001:0001adf0       local_strdup               000000018001bdf0 f   sfc_debug:sfcdebug.obj
 0001:0001bcd0       sf_debug_em_terminate      000000018001ccd0 f   sfc_debug:sfcdebug.obj
 0001:0001bd10       sf_debug_push_eml_function 000000018001cd10 f   sfc_debug:sfcdebug.obj
 0001:0001bdb0       sf_debug_pop_eml_function  000000018001cdb0 f   sfc_debug:sfcdebug.obj
 0001:0001cab0       sf_debug_get_machine_number_from_id_or_name 000000018001dab0 f   sfc_debug:sfcdebug.obj
 0001:0001cc00       sf_debug_get_chart_number_from_id 000000018001dc00 f   sfc_debug:sfcdebug.obj
 0001:0001d870       sf_debug_transfer_control_to_debugger_GUI 000000018001e870 f   sfc_debug:sfcdebug.obj
 0001:0001e800       sf_debug_scripts_rehash    000000018001f800 f   sfc_debug:sfcdebug.obj
 0001:0001ea40       sf_debug_get_script_line_count 000000018001fa40 f   sfc_debug:sfcdebug.obj
 0001:0001f370       cv_eml_state_cvId          0000000180020370 f   sfc_debug:sfcdebug.obj
 0001:0001f3e0       cv_eml_trans_cvId          00000001800203e0 f   sfc_debug:sfcdebug.obj
 0001:000206a0       sf_debug_data_array_bounds_error 00000001800216a0 f   sfc_debug:sfcdebug.obj
 0001:00020ad0       eml_debug_runtime_error_doclink 0000000180021ad0 f   sfc_debug:sfcdebug.obj
 0001:00020c50       sf_debug_runtime_error     0000000180021c50 f   sfc_debug:sfcdebug.obj
 0001:00020cc0       sf_debug_matlab_error      0000000180021cc0 f   sfc_debug:sfcdebug.obj
 0001:000215f0       sf_debug_data_value_error  00000001800225f0 f   sfc_debug:sfcdebug.obj
 0001:00021ef0       sf_debug_data_loss_error   0000000180022ef0 f   sfc_debug:sfcdebug.obj
 0001:00022e10       call_cv_range_check        0000000180023e10 f   sfc_debug:sfcdebug.obj
 0001:000235e0       sf_debug_invoke_cycle_detection_code 00000001800245e0 f   sfc_debug:sfcdebug.obj
 0001:000246c0       sf_reset_debug_info_struct 00000001800256c0 f   sfc_debug:sfcdebug.obj
 0001:00024fb0       cv_script_cvId             0000000180025fb0 f   sfc_debug:sfcdebug.obj
 0001:00025d00       sfc_api_chart_visible      0000000180026d00 f   sfc_debug:sfc_api.obj
 0001:00025d80       sfc_api_active_instance    0000000180026d80 f   sfc_debug:sfc_api.obj
 0001:00025e00       sfc_api_machine_load       0000000180026e00 f   sfc_debug:sfc_api.obj
 0001:00025ed0       sfc_api_debugger_alive     0000000180026ed0 f   sfc_debug:sfc_api.obj
 0001:00025ee0       sfc_api_go                 0000000180026ee0 f   sfc_debug:sfc_api.obj
 0001:00025ef0       sfc_api_step_over          0000000180026ef0 f   sfc_debug:sfc_api.obj
 0001:00025f00       sfc_api_step_out           0000000180026f00 f   sfc_debug:sfc_api.obj
 0001:00025f10       sfc_api_resume             0000000180026f10 f   sfc_debug:sfc_api.obj
 0001:00025f20       sfc_api_break              0000000180026f20 f   sfc_debug:sfc_api.obj
 0001:00025f30       sfc_api_stop_debugging     0000000180026f30 f   sfc_debug:sfc_api.obj
 0001:00025f80       sfc_api_is_cycle_detected  0000000180026f80 f   sfc_debug:sfc_api.obj
 0001:00025fd0       sfc_api_is_array_bounds_detected 0000000180026fd0 f   sfc_debug:sfc_api.obj
 0001:00026020       sfc_api_set_disable_all_breakpoints 0000000180027020 f   sfc_debug:sfc_api.obj
 0001:00026090       sfc_api_disable_all_breakpoints_and_go 0000000180027090 f   sfc_debug:sfc_api.obj
 0001:000260a0       sfc_api_close              00000001800270a0 f   sfc_debug:sfc_api.obj
 0001:000260b0       sfc_api_browse_data        00000001800270b0 f   sfc_debug:sfc_api.obj
 0001:00026120       sfc_api_watch_data         0000000180027120 f   sfc_debug:sfc_api.obj
 0001:000261c0       sfc_api_extract_message_post_receive_info 00000001800271c0 f   sfc_debug:sfc_api.obj
 0001:000261e0       sfc_api_assign_data        00000001800271e0 f   sfc_debug:sfc_api.obj
 0001:00026280       sfc_api_whos               0000000180027280 f   sfc_debug:sfc_api.obj
 0001:00026310       sfc_api_get_consistency_info 0000000180027310 f   sfc_debug:sfc_api.obj
 0001:00026320       sfc_api_browse_trace       0000000180027320 f   sfc_debug:sfc_api.obj
 0001:00026330       sfc_api_break_on_chart_entry 0000000180027330 f   sfc_debug:sfc_api.obj
 0001:00026350       sfc_api_break_on_event_broadcast 0000000180027350 f   sfc_debug:sfc_api.obj
 0001:00026370       sfc_api_break_on_state_entry 0000000180027370 f   sfc_debug:sfc_api.obj
 0001:00026390       sfc_api_set_watch          0000000180027390 f   sfc_debug:sfc_api.obj
 0001:00026430       sfc_api_set_breakpoints    0000000180027430 f   sfc_debug:sfc_api.obj
 0001:000264d0       sfc_api_set_eml_breakpoints 00000001800274d0 f   sfc_debug:sfc_api.obj
 0001:00026550       sfc_api_set_script_breakpoints 0000000180027550 f   sfc_debug:sfc_api.obj
 0001:000265a0       sfc_api_add_script_breakpoints 00000001800275a0 f   sfc_debug:sfc_api.obj
 0001:000265f0       sfc_api_clear_script_breakpoints 00000001800275f0 f   sfc_debug:sfc_api.obj
 0001:00026640       sfc_api_query_script_breakpoints 0000000180027640 f   sfc_debug:sfc_api.obj
 0001:000266a0       sfc_api_get_script_id      00000001800276a0 f   sfc_debug:sfc_api.obj
 0001:00026760       sfc_api_get_active_states  0000000180027760 f   sfc_debug:sfc_api.obj
 0001:000267e0       sfc_api_break_between_times 00000001800277e0 f   sfc_debug:sfc_api.obj
 0001:00026840       sfc_api_get_instance_handle 0000000180027840 f   sfc_debug:sfc_api.obj
 0001:000268f0       sfc_api_set_animation      00000001800278f0 f   sfc_debug:sfc_api.obj
 0001:00026940       sfc_api_select_chart       0000000180027940 f   sfc_debug:sfc_api.obj
 0001:000269a0       sfc_api_select_charts      00000001800279a0 f   sfc_debug:sfc_api.obj
 0001:000269d0       sfc_api_cycle_detection_check 00000001800279d0 f   sfc_debug:sfc_api.obj
 0001:00026a20       sfc_api_data_range_check   0000000180027a20 f   sfc_debug:sfc_api.obj
 0001:00026a70       sfc_api_transition_conflict_check 0000000180027a70 f   sfc_debug:sfc_api.obj
 0001:00026ac0       sfc_api_state_consistency_check 0000000180027ac0 f   sfc_debug:sfc_api.obj
 0001:00026b10       sfc_api_set_instance_cv_ids 0000000180027b10 f   sfc_debug:sfc_api.obj
 0001:00026c20       sfc_api_set_script_cv_ids  0000000180027c20 f   sfc_debug:sfc_api.obj
 0001:00026cd0       sfc_api_get_current_machine_id 0000000180027cd0 f   sfc_debug:sfc_api.obj
 0001:00026d00       sfc_api_get_current_machine_number 0000000180027d00 f   sfc_debug:sfc_api.obj
 0001:00026d30       sfc_api_get_current_chart_number 0000000180027d30 f   sfc_debug:sfc_api.obj
 0001:00026d60       sfc_api_get_current_instance_number 0000000180027d60 f   sfc_debug:sfc_api.obj
 0001:00026d90       sfc_api_get_current_instance_handle 0000000180027d90 f   sfc_debug:sfc_api.obj
 0001:00026db0       sfc_api_get_current_is_minor_time_step 0000000180027db0 f   sfc_debug:sfc_api.obj
 0001:00026de0       sfc_api_get_current_machine_name 0000000180027de0 f   sfc_debug:sfc_api.obj
 0001:00026e00       sfc_api_get_current_chart_id 0000000180027e00 f   sfc_debug:sfc_api.obj
 0001:00026e30       sfc_api_get_current_object_type 0000000180027e30 f   sfc_debug:sfc_api.obj
 0001:00026e60       sfc_api_get_current_event_type 0000000180027e60 f   sfc_debug:sfc_api.obj
 0001:00026e90       sfc_api_get_current_object_id 0000000180027e90 f   sfc_debug:sfc_api.obj
 0001:00026ec0       sfc_get_current_active_event_type 0000000180027ec0 f   sfc_debug:sfc_api.obj
 0001:00026ef0       sfc_api_get_current_active_event_id 0000000180027ef0 f   sfc_debug:sfc_api.obj
 0001:00026f20       sfc_api_get_current_simulation_time 0000000180027f20 f   sfc_debug:sfc_api.obj
 0001:00026f40       sfc_get_current_tag_type   0000000180027f40 f   sfc_debug:sfc_api.obj
 0001:00026f70       sfc_get_current_coverage_percentage 0000000180027f70 f   sfc_debug:sfc_api.obj
 0001:00026f90       sfc_get_current_statement_context 0000000180027f90 f   sfc_debug:sfc_api.obj
 0001:00026fb0       sfc_get_current_optional_integer 0000000180027fb0 f   sfc_debug:sfc_api.obj
 0001:00026fe0       sfc_get_current_statement_info 0000000180027fe0 f   sfc_debug:sfc_api.obj
 0001:00027080       sfc_api_get                0000000180028080 f   sfc_debug:sfc_api.obj
 0001:000271e0       sf_debug_sm_is_using_unified_editors 00000001800281e0 f   sfc_debug:sfdb_animation.obj
 0001:00027280       sf_debug_sm_is_chart_visible_in_unified_editors 0000000180028280 f   sfc_debug:sfdb_animation.obj
 0001:00027340       sf_debug_sm_check_if_chart_is_visible 0000000180028340 f   sfc_debug:sfdb_animation.obj
 0001:00027e40       sf_debug_sm_fill_state_activity_data 0000000180028e40 f   sfc_debug:sfdb_animation.obj
 0001:0002a670       void_ptr_stack_vector_free_total 000000018002b670 f   sfc_debug:sfdb_data_browse.obj
 0001:0002a700       sf_debug_st_terminate_machine 000000018002b700 f   sfc_debug:sfdb_data_browse.obj
 0001:0002a740       sf_debug_st_terminate_instance 000000018002b740 f   sfc_debug:sfdb_data_browse.obj
 0001:0002aaf0       push_on_to_void_ptr_stack  000000018002baf0 f   sfc_debug:sfdb_data_browse.obj
 0001:0002ac80       pop_from_void_ptr_stack    000000018002bc80 f   sfc_debug:sfdb_data_browse.obj
 0001:0002adb0       sf_debug_st_get_data_value 000000018002bdb0 f   sfc_debug:sfdb_data_browse.obj
 0001:0002b340       mx_value                   000000018002c340 f   sfc_debug:sfdb_data_browse.obj
 0001:0002b380       sf_debug_st_fill_data_struct 000000018002c380 f   sfc_debug:sfdb_data_browse.obj
 0001:0002b6c0       data_type_format_strings   000000018002c6c0 f   sfc_debug:sfdb_data_browse.obj
 0001:0002b770       sf_debug_st_fill_data      000000018002c770 f   sfc_debug:sfdb_data_browse.obj
 0001:0002c4c0       sf_debug_hm_get_simulink_handle 000000018002d4c0 f   sfc_debug:sfdb_handle_management.obj
 0001:0002d010       sf_debug_hm_initialize_globals 000000018002e010 f   sfc_debug:sfdb_handle_management.obj
 0001:0002d110       sf_debug_hm_get_machine_debug_flag 000000018002e110 f   sfc_debug:sfdb_handle_management.obj
 0001:0002d280       sf_debug_hm_get_machine_id 000000018002e280 f   sfc_debug:sfdb_handle_management.obj
 0001:0002d3a0       sf_debug_hm_get_chart_id   000000018002e3a0 f   sfc_debug:sfdb_handle_management.obj
 0001:0002d540       sf_debug_hm_register_executing_SFunction 000000018002e540 f   sfc_debug:sfdb_handle_management.obj
 0001:0002d6e0       sf_debug_hm_get_chart_active_instance 000000018002e6e0 f   sfc_debug:sfdb_handle_management.obj
 0001:0002d850       sf_debug_hm_get_chart_visibility 000000018002e850 f   sfc_debug:sfdb_handle_management.obj
 0001:0002d9a0       sf_debug_hm_form_object_boolean_properties 000000018002e9a0 f   sfc_debug:sfdb_handle_management.obj
 0001:0002dc70       sf_debug_hm_form_object_properties 000000018002ec70 f   sfc_debug:sfdb_handle_management.obj
 0001:0002deb0       sf_debug_hm_terminate_charts 000000018002eeb0 f   sfc_debug:sfdb_handle_management.obj
 0001:0002e620       sf_debug_hm_terminate_machines 000000018002f620 f   sfc_debug:sfdb_handle_management.obj
 0001:00030270       sf_debug_ss_copy_dimension 0000000180031270 f   sfc_debug:sfdb_symbol_scope.obj
 0001:00030330       sf_debug_ss_get_number_elements 0000000180031330 f   sfc_debug:sfdb_symbol_scope.obj
 0001:00030350       sf_debug_ss_fill_data_struct 0000000180031350 f   sfc_debug:sfdb_symbol_scope.obj
 0001:000306a0       sf_debug_ss_reset_data_info 00000001800316a0 f   sfc_debug:sfdb_symbol_scope.obj
 0001:00030700       sf_debug_fill_data_info_by_symbol_scope_entry 0000000180031700 f   sfc_debug:sfdb_symbol_scope.obj
 0001:000307c0       sf_debug_fill_data_info_by_data_vector 00000001800317c0 f   sfc_debug:sfdb_symbol_scope.obj
 0001:00030a10       sf_debug_ss_get_data_info  0000000180031a10 f   sfc_debug:sfdb_symbol_scope.obj
 0001:00030d00       sf_debug_select_mex_function 0000000180031d00 f   sfc_debug:sfdb_symbol_scope.obj
 0001:00030d30       sf_debug_is_dyn_matrix_initialized 0000000180031d30 f   sfc_debug:sfdb_symbol_scope.obj
 0001:00030d50       sf_debug_ss_set_data_value_try 0000000180031d50 f   sfc_debug:sfdb_symbol_scope.obj
 0001:00030f20       sf_debug_ss_get_data_value 0000000180031f20 f   sfc_debug:sfdb_symbol_scope.obj
 0001:00031470       sf_debug_ss_data_bytes_string 0000000180032470 f   sfc_debug:sfdb_symbol_scope.obj
 0001:00031520       sf_debug_ss_data_class_string 0000000180032520 f   sfc_debug:sfdb_symbol_scope.obj
 0001:000318b0       sf_debug_ss_data_size_string 00000001800328b0 f   sfc_debug:sfdb_symbol_scope.obj
 0001:00031990       sf_debug_ss_data_create_data_info_struct 0000000180032990 f   sfc_debug:sfdb_symbol_scope.obj
 0001:00031c60       sf_debug_ss_data_create_name_value_pair 0000000180032c60 f   sfc_debug:sfdb_symbol_scope.obj
 0001:00031d00       sf_debug_ss_data_get_whos_info 0000000180032d00 f   sfc_debug:sfdb_symbol_scope.obj
 0001:00031d10       same_named_data_in_data_array 0000000180032d10 f   sfc_debug:sfdb_symbol_scope.obj
 0001:00033580       sf_debug_cc_terminate_chart 0000000180034580 f   sfc_debug:sfdb_coverage.obj
 0001:00033920       sf_debug_cc_terminate_instance 0000000180034920 f   sfc_debug:sfdb_coverage.obj
 0001:00034510       sf_debug_cc_mark_object_if_needed 0000000180035510 f   sfc_debug:sfdb_coverage.obj
 0001:00034e10       sf_debug_bm_initialize_eml 0000000180035e10 f   sfc_debug:sfdb_breakpoints.obj
 0001:00035f80       sf_debug_bm_map_debug_tag_to_breakpoint_tag 0000000180036f80 f   sfc_debug:sfdb_breakpoints.obj
 0001:00036060       sf_debug_bm_is_a_eml_breakpoint_impl 0000000180037060 f   sfc_debug:sfdb_breakpoints.obj
 0001:00037ae0       sf_debug_sc_push_on_error_stack 0000000180038ae0 f   sfc_debug:sfdb_state_consistency.obj
 0001:00037c10       sf_debug_sc_reset_error_stack 0000000180038c10 f   sfc_debug:sfdb_state_consistency.obj
 0001:00037da0       sf_debug_sc_is_state_inconsistent 0000000180038da0 f   sfc_debug:sfdb_state_consistency.obj
 0001:000380a0       sf_debug_sc_fill_consistency_info 00000001800390a0 f   sfc_debug:sfdb_state_consistency.obj
 0001:00038680       void_assertion_fcn         0000000180039680 f   sfc_debug:sfdb_call_stack.obj
 0001:00038c00       sf_debug_tm_fill_local_trace 0000000180039c00 f   sfc_debug:sfdb_call_stack.obj
 0001:000391d0       sf_debug_cd_terminate_instance 000000018003a1d0 f   sfc_debug:sfdb_cycle_detection.obj
 0001:00039230       sf_debug_cd_free_checksum_stack 000000018003a230 f   sfc_debug:sfdb_cycle_detection.obj
 0001:00039280       sf_debug_cd_reset_pack_strings 000000018003a280 f   sfc_debug:sfdb_cycle_detection.obj
 0001:00039940       md5file_clear              000000018003a940 f   sfc_debug:ckmd5.obj
 0001:00039970       Encode                     000000018003a970 f   sfc_debug:ckmd5.obj
 0001:000399c0       Decode                     000000018003a9c0 f   sfc_debug:ckmd5.obj
 0001:00039a60       MD5Transform               000000018003aa60 f   sfc_debug:ckmd5.obj
 0001:0003a2b0       md5file_addn               000000018003b2b0 f   sfc_debug:ckmd5.obj
 0001:0003a380       md5file_hash               000000018003b380 f   sfc_debug:ckmd5.obj
 0001:0003a84c       pre_c_init                 000000018003b84c f   MSVCRT:crtdll.obj
 0001:0003ab08       __DllMainCRTStartup        000000018003bb08 f   MSVCRT:crtdll.obj
 0001:0003b210       __DllMainCRTStartup$filt$0 000000018003c210 f   MSVCRT:crtdll.obj
 0001:0003b240       __DllMainCRTStartup$fin$1  000000018003c240 f   MSVCRT:crtdll.obj
 0001:0003b25a       _onexit$fin$0              000000018003c25a f   MSVCRT:atonexit.obj
 0001:0003b280       _IsNonwritableInCurrentImage$filt$0 000000018003c280 f   MSVCRT:pesect.obj
